Archive member included to satisfy reference by file (symbol)

/opt/devkitpro/portlibs/wii/lib/libSDLmain.a(SDL_wii_main.o)
                              /opt/devkitpro/devkitPPC/bin/../lib/gcc/powerpc-eabi/13.1.0/../../../../powerpc-eabi/lib/crtmain.o (main)
/opt/devkitpro/portlibs/wii/lib/libSDL.a(SDL.o)
                              fire.o (SDL_Init)
/opt/devkitpro/portlibs/wii/lib/libSDL.a(SDL_error.o)
                              /opt/devkitpro/portlibs/wii/lib/libSDL.a(SDL.o) (SDL_SetError)
/opt/devkitpro/portlibs/wii/lib/libSDL.a(SDL_fatal.o)
                              /opt/devkitpro/portlibs/wii/lib/libSDL.a(SDL.o) (SDL_InstallParachute)
/opt/devkitpro/portlibs/wii/lib/libSDL.a(SDL_audio.o)
                              /opt/devkitpro/portlibs/wii/lib/libSDL.a(SDL.o) (SDL_AudioQuit)
/opt/devkitpro/portlibs/wii/lib/libSDL.a(SDL_audiocvt.o)
                              /opt/devkitpro/portlibs/wii/lib/libSDL.a(SDL_audio.o) (SDL_ConvertAudio)
/opt/devkitpro/portlibs/wii/lib/libSDL.a(SDL_events.o)
                              fire.o (SDL_PollEvent)
/opt/devkitpro/portlibs/wii/lib/libSDL.a(SDL_keyboard.o)
                              /opt/devkitpro/portlibs/wii/lib/libSDL.a(SDL_events.o) (SDL_KeyboardInit)
/opt/devkitpro/portlibs/wii/lib/libSDL.a(SDL_mouse.o)
                              /opt/devkitpro/portlibs/wii/lib/libSDL.a(SDL_events.o) (SDL_MouseInit)
/opt/devkitpro/portlibs/wii/lib/libSDL.a(SDL_quit.o)
                              /opt/devkitpro/portlibs/wii/lib/libSDL.a(SDL_events.o) (SDL_QuitInit)
/opt/devkitpro/portlibs/wii/lib/libSDL.a(SDL_thread.o)
                              /opt/devkitpro/portlibs/wii/lib/libSDL.a(SDL_error.o) (SDL_GetErrBuf)
/opt/devkitpro/portlibs/wii/lib/libSDL.a(SDL_timer.o)
                              /opt/devkitpro/portlibs/wii/lib/libSDL.a(SDL_events.o) (SDL_timer_running)
/opt/devkitpro/portlibs/wii/lib/libSDL.a(SDL_cursor.o)
                              fire.o (SDL_ShowCursor)
/opt/devkitpro/portlibs/wii/lib/libSDL.a(SDL_pixels.o)
                              /opt/devkitpro/portlibs/wii/lib/libSDL.a(SDL_cursor.o) (SDL_MapRGB)
/opt/devkitpro/portlibs/wii/lib/libSDL.a(SDL_surface.o)
                              fire.o (SDL_LockSurface)
/opt/devkitpro/portlibs/wii/lib/libSDL.a(SDL_video.o)
                              /opt/devkitpro/portlibs/wii/lib/libSDL.a(SDL_events.o) (current_video)
/opt/devkitpro/portlibs/wii/lib/libSDL.a(SDL_joystick.o)
                              /opt/devkitpro/portlibs/wii/lib/libSDL.a(SDL.o) (SDL_JoystickInit)
/opt/devkitpro/portlibs/wii/lib/libSDL.a(SDL_systimer.o)
                              /opt/devkitpro/portlibs/wii/lib/libSDL.a(SDL.o) (SDL_StartTicks)
/opt/devkitpro/portlibs/wii/lib/libSDL.a(SDL_ogcAudio.o)
                              /opt/devkitpro/portlibs/wii/lib/libSDL.a(SDL_audio.o) (OGCAUD_bootstrap)
/opt/devkitpro/portlibs/wii/lib/libSDL.a(SDL_sysjoystick.o)
                              /opt/devkitpro/portlibs/wii/lib/libSDL.a(SDL_joystick.o) (SDL_SYS_JoystickInit)
/opt/devkitpro/portlibs/wii/lib/libSDL.a(SDL_sysmutex.o)
                              /opt/devkitpro/portlibs/wii/lib/libSDL.a(SDL_audio.o) (SDL_CreateMutex)
/opt/devkitpro/portlibs/wii/lib/libSDL.a(SDL_syssem.o)
                              /opt/devkitpro/portlibs/wii/lib/libSDL.a(SDL_thread.o) (SDL_CreateSemaphore)
/opt/devkitpro/portlibs/wii/lib/libSDL.a(SDL_systhread.o)
                              /opt/devkitpro/portlibs/wii/lib/libSDL.a(SDL_thread.o) (SDL_SYS_CreateThread)
/opt/devkitpro/portlibs/wii/lib/libSDL.a(SDL_ogc_video.o)
                              /opt/devkitpro/portlibs/wii/lib/libSDLmain.a(SDL_wii_main.o) (OGC_InitVideoSystem)
/opt/devkitpro/portlibs/wii/lib/libSDL.a(SDL_active.o)
                              /opt/devkitpro/portlibs/wii/lib/libSDL.a(SDL_events.o) (SDL_AppActiveInit)
/opt/devkitpro/portlibs/wii/lib/libSDL.a(SDL_resize.o)
                              /opt/devkitpro/portlibs/wii/lib/libSDL.a(SDL_video.o) (SDL_PrivateResize)
/opt/devkitpro/portlibs/wii/lib/libSDL.a(SDL_string.o)
                              /opt/devkitpro/portlibs/wii/lib/libSDL.a(SDL_pixels.o) (SDL_memcmp)
/opt/devkitpro/portlibs/wii/lib/libSDL.a(SDL_RLEaccel.o)
                              /opt/devkitpro/portlibs/wii/lib/libSDL.a(SDL_pixels.o) (SDL_UnRLESurface)
/opt/devkitpro/portlibs/wii/lib/libSDL.a(SDL_blit.o)
                              /opt/devkitpro/portlibs/wii/lib/libSDL.a(SDL_pixels.o) (SDL_CalculateBlit)
/opt/devkitpro/portlibs/wii/lib/libSDL.a(SDL_blit_0.o)
                              /opt/devkitpro/portlibs/wii/lib/libSDL.a(SDL_blit.o) (SDL_CalculateBlit0)
/opt/devkitpro/portlibs/wii/lib/libSDL.a(SDL_blit_1.o)
                              /opt/devkitpro/portlibs/wii/lib/libSDL.a(SDL_blit.o) (SDL_CalculateBlit1)
/opt/devkitpro/portlibs/wii/lib/libSDL.a(SDL_blit_N.o)
                              /opt/devkitpro/portlibs/wii/lib/libSDL.a(SDL_blit.o) (SDL_CalculateBlitN)
[...]
Memory Configuration

Name             Origin             Length             Attributes
*default*        0x00000000         0xffffffff

Linker script and memory map

                0x00003400                        . = 0x3400

.stub
 *(.stub)
                0x80004000                        . = 0x80004000

.init           0x80004000      0x194
 *crt0.o(*.init)
 .init          0x80004000      0x170 /opt/devkitpro/libogc/lib/wii/libogc.a(ogc_crt0.o)
                0x80004000                _start
                0x80004140                _memset
 *(.init)
 .init          0x80004170        0xc /opt/devkitpro/devkitPPC/bin/../lib/gcc/powerpc-eabi/13.1.0/ecrti.o
                0x80004170                __init
 .init          0x8000417c        0x4 /opt/devkitpro/devkitPPC/bin/../lib/gcc/powerpc-eabi/13.1.0/crtbegin.o
 .init          0x80004180        0x4 /opt/devkitpro/devkitPPC/bin/../lib/gcc/powerpc-eabi/13.1.0/crtend.o
 .init          0x80004184       0x10 /opt/devkitpro/devkitPPC/bin/../lib/gcc/powerpc-eabi/13.1.0/ecrtn.o

.rela.dyn       0x80004194        0x0
 .rela.iplt     0x80004194        0x0 /opt/devkitpro/devkitPPC/bin/../lib/gcc/powerpc-eabi/13.1.0/crtbegin.o

.plt
 *(.plt)

.interp
 *(.interp)

.hash
 *(.hash)

.dynsym
 *(.dynsym)

.dynstr
 *(.dynstr)

.gnu.version
 *(.gnu.version)

.gnu.version_d
 *(.gnu.version_d)

.gnu.version_r
 *(.gnu.version_r)

.rel.init
 *(.rel.init)

.rela.init
 *(.rela.init)

.rel.text
 *(.rel.text .rel.text.* .rel.gnu.linkonce.t.*)

.rela.text      0x80004194        0x0
 *(.rela.text .rela.text.* .rela.gnu.linkonce.t.*)
 .rela.text.__do_global_dtors_aux
                0x80004194        0x0 /opt/devkitpro/devkitPPC/bin/../lib/gcc/powerpc-eabi/13.1.0/crtbegin.o
 .rela.text.frame_dummy
                0x80004194        0x0 /opt/devkitpro/devkitPPC/bin/../lib/gcc/powerpc-eabi/13.1.0/crtbegin.o
 .rela.text.unlikely.abort
                0x80004194        0x0 /opt/devkitpro/devkitPPC/bin/../lib/gcc/powerpc-eabi/13.1.0/crtbegin.o
 .rela.text.__assert_func
                0x80004194        0x0 /opt/devkitpro/devkitPPC/bin/../lib/gcc/powerpc-eabi/13.1.0/crtbegin.o

.rel.fini
 *(.rel.fini)

.rela.fini
 *(.rela.fini)

.rel.rodata
 *(.rel.rodata .rel.rodata.* .rel.gnu.linkonce.r.*)

.rela.rodata
 *(.rela.rodata .rela.rodata.* .rela.gnu.linkonce.r.*)

.rel.data
 *(.rel.data .rel.data.* .rel.gnu.linkonce.d.*)

.rela.data
 *(.rela.data .rela.data.* .rela.gnu.linkonce.d.*)

.rel.tdata
 *(.rel.tdata .rel.tdata.* .rel.gnu.linkonce.td.*)

.rela.tdata
 *(.rela.tdata .rela.tdata.* .rela.gnu.linkonce.td.*)

.rel.tbss
 *(.rel.tbss .rel.tbss.* .rel.gnu.linkonce.tb.*)

.rela.tbss
 *(.rela.tbss .rela.tbss.* .rela.gnu.linkonce.tb.*)

.rel.ctors
 *(.rel.ctors)

.rela.ctors
 *(.rela.ctors)

.rel.dtors
 *(.rel.dtors)

.rela.dtors
 *(.rela.dtors)

.rel.got
 *(.rel.got)

.rela.got
 *(.rela.got)

.rela.got1
 *(.rela.got1)

.rela.got2
 *(.rela.got2)

.rel.sdata
 *(.rel.sdata .rel.sdata.* .rel.gnu.linkonce.s.*)

.rela.sdata
 *(.rela.sdata .rela.sdata.* .rela.gnu.linkonce.s.*)

.rel.sbss
 *(.rel.sbss .rel.sbss.* .rel.gnu.linkonce.sb.*)

.rela.sbss
 *(.rela.sbss .rela.sbss.* .rel.gnu.linkonce.sb.*)

.rel.sdata2
 *(.rel.sdata2 .rel.sdata2.* .rel.gnu.linkonce.s2.*)

.rela.sdata2
 *(.rela.sdata2 .rela.sdata2.* .rela.gnu.linkonce.s2.*)

.rel.sbss2
 *(.rel.sbss2 .rel.sbss2.* .rel.gnu.linkonce.sb2.*)

.rela.sbss2
 *(.rela.sbss2 .rela.sbss2.* .rela.gnu.linkonce.sb2.*)

.rel.bss
 *(.rel.bss .rel.bss.* .rel.gnu.linkonce.b.*)

.rela.bss
 *(.rela.bss .rela.bss.* .rela.gnu.linkonce.b.*)

.rel.plt
 *(.rel.plt)

.rela.plt
 *(.rela.plt)

.text           0x800041a0    0x8d900
 *(.text)
 .text          0x800041a0      0x44c /opt/devkitpro/libogc/lib/wii/libogc.a(lwp_handler.o)
                0x800041a0                _cpu_context_save_fp
                0x800042e0                _cpu_context_restore_fp
                0x80004420                _cpu_context_switch
                0x80004500                _cpu_context_save
                0x80004580                _cpu_context_restore
 .text          0x800045ec      0x4f4 /opt/devkitpro/libogc/lib/wii/libogc.a(cache_asm.o)
                0x800045ec                DCFlashInvalidate
                0x80004600                DCEnable
                0x80004614                DCDisable
                0x80004628                DCFreeze
                0x8000463c                DCUnfreeze
                0x80004650                DCTouchLoad
                0x80004658                DCBlockZero
                0x80004660                DCBlockStore
                0x80004668                DCBlockFlush
                0x80004670                DCBlockInvalidate
                0x80004678                DCInvalidateRange
                0x800046a8                DCFlushRange
                0x800046dc                DCStoreRange
                0x80004710                DCFlushRangeNoSync
                0x80004740                DCStoreRangeNoSync
                0x80004770                DCZeroRange
                0x800047a0                DCTouchRange
                0x800047d0                ICInvalidateRange
                0x80004808                ICFlashInvalidate
                0x8000481c                ICEnable
                0x80004830                ICDisable
                0x80004844                ICFreeze
                0x80004858                ICUnfreeze
                0x8000486c                ICBlockInvalidate
                0x80004874                ICSync
                0x8000487c                L2Init
                0x800048c4                L2Enable
                0x800048e0                L2Disable
                0x800048f8                L2GlobalInvalidate
                0x80004950                __LCEnable
                0x80004a1c                LCDisable
                0x80004a44                LCAllocOneTag
                0x80004a58                LCAllocTags
                0x80004a98                LCLoadBlocks
                0x80004abc                LCStoreBlocks
 .text          0x80004ae0      0x4a0 /opt/devkitpro/libogc/lib/wii/libogc.a(system_asm.o)
                0x80004ae0                __realmode
                0x80004af8                __configBATS
                0x80004c28                __InitFPRS
                0x80004d54                __InitPS
                0x80004db0                __InitCache
                0x80004e08                __InitSystem
                0x80004e90                __flush_cache
                0x80004ec4                __reset
                0x80004f34                __InitBATS
                0x80004f50                SYS_SwitchFiber
 .text          0x80004f80      0x8dc /opt/devkitpro/libogc/lib/wii/libogc.a(gu_psasm.o)
                0x80004f80                ps_guMtxConcat
                0x80005044                ps_guMtxIdentity
                0x80005070                ps_guMtxCopy
                0x800050a4                ps_guMtxTranspose
                0x800050f4                ps_guMtxInverse
                0x800051ec                ps_guMtxInvXpose
                0x800052b4                ps_guMtxScale
                0x800052dc                ps_guMtxScaleApply
                0x80005334                ps_guMtxApplyScale
                0x80005398                ps_guMtxTrans
                0x800053cc                ps_guMtxTransApply
                0x80005418                ps_guMtxApplyTrans
                0x80005494                ps_guMtxRotTrig
                0x80005544                __ps_guMtxRotAxisRadInternal
                0x80005604                ps_guMtxReflect
                0x80005674                ps_guVecAdd
                0x80005698                ps_guVecSub
                0x800056bc                ps_guVecScale
                0x800056d8                ps_guVecNormalize
                0x8000571c                ps_guVecCross
                0x80005758                ps_guVecDotProduct
                0x80005778                ps_guVecMultiply
                0x800057cc                ps_guVecMultiplySR
                0x8000583c                ps_guQuatDotProduct
 .text          0x8000585c      0x1ac /opt/devkitpro/libogc/lib/wii/libogc.a(irq_handler.o)
                0x8000585c                irq_exceptionhandler
 .text          0x80005a08      0x118 /opt/devkitpro/libogc/lib/wii/libogc.a(video_asm.o)
                0x80005a08                __VIClearFramebuffer
 .text          0x80005b20      0x1ac /opt/devkitpro/libogc/lib/wii/libogc.a(decrementer_handler.o)
                0x80005b20                dec_exceptionhandler
 .text          0x80005ccc      0x35c /opt/devkitpro/libogc/lib/wii/libogc.a(exception_handler.o)
                0x80005ccc                exceptionhandler_start
                0x80005d48                exceptionhandler_patch
                0x80005d7c                exceptionhandler_end
                0x80005d80                default_exceptionhandler
                0x80005eb0                fpu_exceptionhandler
                0x80005ff8                systemcallhandler_start
                0x80006024                systemcallhandler_end
 .text          0x80006028       0xe4 /opt/devkitpro/libogc/lib/wii/libogc.a(gu_ps_concat44.o)
                0x80006028                ps_guMtx44Concat
 .text          0x8000610c       0x48 /opt/devkitpro/devkitPPC/bin/../lib/gcc/powerpc-eabi/13.1.0/libgcc.a(eabi.o)
                0x8000610c                __eabi
 .text          0x80006154       0x58 /opt/devkitpro/devkitPPC/bin/../lib/gcc/powerpc-eabi/13.1.0/libgcc.a(crtresxgpr.o)
                0x80006154                _restgpr_14_x
                0x80006158                _restgpr_15_x
                0x8000615c                _restgpr_16_x
                0x80006160                _restgpr_17_x
                0x80006164                _restgpr_18_x
                0x80006168                _restgpr_19_x
                0x8000616c                _restgpr_20_x
                0x80006170                _restgpr_21_x
                0x80006174                _restgpr_22_x
                0x80006178                _restgpr_23_x
                0x8000617c                _restgpr_24_x
                0x80006180                _restgpr_25_x
                0x80006184                _restgpr_26_x
                0x80006188                _restgpr_27_x
                0x8000618c                _restgpr_28_x
                0x80006190                _restgpr_29_x
                0x80006194                _restgpr_30_x
                0x80006198                _restgpr_31_x
 .text          0x800061ac       0x58 /opt/devkitpro/devkitPPC/bin/../lib/gcc/powerpc-eabi/13.1.0/libgcc.a(crtresxfpr.o)
                0x800061ac                _restfpr_14_x
                0x800061b0                _restfpr_15_x
                0x800061b4                _restfpr_16_x
                0x800061b8                _restfpr_17_x
                0x800061bc                _restfpr_18_x
                0x800061c0                _restfpr_19_x
                0x800061c4                _restfpr_20_x
                0x800061c8                _restfpr_21_x
                0x800061cc                _restfpr_22_x
                0x800061d0                _restfpr_23_x
                0x800061d4                _restfpr_24_x
                0x800061d8                _restfpr_25_x
                0x800061dc                _restfpr_26_x
                0x800061e0                _restfpr_27_x
                0x800061e4                _restfpr_28_x
                0x800061e8                _restfpr_29_x
                0x800061ec                _restfpr_30_x
                0x800061f0                _restfpr_31_x
 *(.text.*)
 .text.__do_global_dtors_aux
                0x80006204       0xcc /opt/devkitpro/devkitPPC/bin/../lib/gcc/powerpc-eabi/13.1.0/crtbegin.o
 .text.frame_dummy
                0x800062d0       0x24 /opt/devkitpro/devkitPPC/bin/../lib/gcc/powerpc-eabi/13.1.0/crtbegin.o
 .text.__crtmain
                0x800062f4       0x44 /opt/devkitpro/devkitPPC/bin/../lib/gcc/powerpc-eabi/13.1.0/../../../../powerpc-eabi/lib/crtmain.o
                0x800062f8                __crtmain
 .text.addblob.part.0
                0x80006338       0xc8 fire.o
 .text.scrlock  0x80006400       0x24 fire.o
                0x80006400                scrlock
 .text.scrunlock
                0x80006424       0x24 fire.o
                0x80006424                scrunlock
 .text.copyup   0x80006448       0x1c fire.o
                0x80006448                copyup
 .text.nomem    0x80006464       0x14 fire.o
                0x80006464                nomem
 .text.fire     0x80006478       0xac fire.o
                0x80006478                fire
 .text.disk     0x80006524       0xd8 fire.o
                0x80006524                disk
 .text.trydisk  0x800065fc       0xd8 fire.o
                0x800065fc                trydisk
 .text.moveblobs
                0x800066d4       0xa4 fire.o
                0x800066d4                moveblobs
 .text.putblobs
                0x80006778      0x210 fire.o
                0x80006778                putblobs
 .text.normal   0x80006988       0x50 fire.o
                0x80006988                normal
 .text.loadcolors
                0x800069d8      0x3a4 fire.o
                0x800069d8                loadcolors
 .text.dograb   0x80006d7c      0x110 fire.o
                0x80006d7c                dograb
 .text.SDL_main
                0x80006e8c      0x4ec fire.o
                0x80006e8c                SDL_main
 .text.ShutdownCB
                0x80007378       0x18 /opt/devkitpro/portlibs/wii/lib/libSDLmain.a(SDL_wii_main.o)
 .text.ResetCB  0x80007390       0x18 /opt/devkitpro/portlibs/wii/lib/libSDLmain.a(SDL_wii_main.o)
 .text.RestartHomebrewChannel
                0x800073a8       0x24 /opt/devkitpro/portlibs/wii/lib/libSDLmain.a(SDL_wii_main.o)
                0x800073a8                RestartHomebrewChannel
 .text.Terminate
                0x800073cc       0x6c /opt/devkitpro/portlibs/wii/lib/libSDLmain.a(SDL_wii_main.o)
                0x800073cc                Terminate
 .text.startup.main
                0x80007438       0xcc /opt/devkitpro/portlibs/wii/lib/libSDLmain.a(SDL_wii_main.o)
                0x80007438                main
 .text.SDL_InitSubSystem
                0x80007504      0x1d0 /opt/devkitpro/portlibs/wii/lib/libSDL.a(SDL.o)
                0x80007504                SDL_InitSubSystem
 .text.SDL_Init
                0x800076d4       0x58 /opt/devkitpro/portlibs/wii/lib/libSDL.a(SDL.o)
                0x800076d4                SDL_Init
 .text.SDL_QuitSubSystem
                0x8000772c       0xd8 /opt/devkitpro/portlibs/wii/lib/libSDL.a(SDL.o)
                0x8000772c                SDL_QuitSubSystem
 .text.SDL_Quit
                0x80007804       0x28 /opt/devkitpro/portlibs/wii/lib/libSDL.a(SDL.o)
                0x80007804                SDL_Quit
 .text.SDL_SetError
                0x8000782c      0x29c /opt/devkitpro/portlibs/wii/lib/libSDL.a(SDL_error.o)
                0x8000782c                SDL_SetError
 .text.SDL_GetErrorMsg
                0x80007ac8      0x258 /opt/devkitpro/portlibs/wii/lib/libSDL.a(SDL_error.o)
                0x80007ac8                SDL_GetErrorMsg
 .text.SDL_GetError
                0x80007d20       0x10 /opt/devkitpro/portlibs/wii/lib/libSDL.a(SDL_error.o)
                0x80007d20                SDL_GetError
 .text.SDL_ClearError
                0x80007d30       0x28 /opt/devkitpro/portlibs/wii/lib/libSDL.a(SDL_error.o)
                0x80007d30                SDL_ClearError
 .text.SDL_Error
                0x80007d58       0x6c /opt/devkitpro/portlibs/wii/lib/libSDL.a(SDL_error.o)
                0x80007d58                SDL_Error
 .text.SDL_InstallParachute
                0x80007dc4        0x4 /opt/devkitpro/portlibs/wii/lib/libSDL.a(SDL_fatal.o)
                0x80007dc4                SDL_InstallParachute
 .text.SDL_UninstallParachute
                0x80007dc8        0x4 /opt/devkitpro/portlibs/wii/lib/libSDL.a(SDL_fatal.o)
                0x80007dc8                SDL_UninstallParachute
 .text.SDL_LockAudio_Default
                0x80007dcc       0x54 /opt/devkitpro/portlibs/wii/lib/libSDL.a(SDL_audio.o)
 .text.SDL_UnlockAudio_Default
                0x80007e20       0x54 /opt/devkitpro/portlibs/wii/lib/libSDL.a(SDL_audio.o)
 .text.SDL_AudioQuit
                0x80007e74       0xdc /opt/devkitpro/portlibs/wii/lib/libSDL.a(SDL_audio.o)
                0x80007e74                SDL_AudioQuit
 .text.SDL_AudioInit
                0x80007f50      0x130 /opt/devkitpro/portlibs/wii/lib/libSDL.a(SDL_audio.o)
                0x80007f50                SDL_AudioInit
 .text.SDL_CalculateAudioSpec
                0x80008080       0x38 /opt/devkitpro/portlibs/wii/lib/libSDL.a(SDL_audio.o)
                0x80008080                SDL_CalculateAudioSpec
 .text.SDL_ConvertAudio
                0x800080b8       0x7c /opt/devkitpro/portlibs/wii/lib/libSDL.a(SDL_audiocvt.o)
                0x800080b8                SDL_ConvertAudio
 .text.SDL_GobbleEvents
                0x80008134      0x16c /opt/devkitpro/portlibs/wii/lib/libSDL.a(SDL_events.o)
 .text.SDL_Lock_EventThread
                0x800082a0       0x88 /opt/devkitpro/portlibs/wii/lib/libSDL.a(SDL_events.o)
                0x800082a0                SDL_Lock_EventThread
 .text.SDL_Unlock_EventThread
                0x80008328       0x58 /opt/devkitpro/portlibs/wii/lib/libSDL.a(SDL_events.o)
                0x80008328                SDL_Unlock_EventThread
 .text.SDL_StopEventLoop
                0x80008380       0xac /opt/devkitpro/portlibs/wii/lib/libSDL.a(SDL_events.o)
                0x80008380                SDL_StopEventLoop
 .text.SDL_StartEventLoop
                0x8000842c      0x154 /opt/devkitpro/portlibs/wii/lib/libSDL.a(SDL_events.o)
                0x8000842c                SDL_StartEventLoop
 .text.SDL_PeepEvents
                0x80008580      0x30c /opt/devkitpro/portlibs/wii/lib/libSDL.a(SDL_events.o)
                0x80008580                SDL_PeepEvents
 .text.SDL_PumpEvents
                0x8000888c       0x7c /opt/devkitpro/portlibs/wii/lib/libSDL.a(SDL_events.o)
                0x8000888c                SDL_PumpEvents
 .text.SDL_PollEvent
                0x80008908       0x4c /opt/devkitpro/portlibs/wii/lib/libSDL.a(SDL_events.o)
                0x80008908                SDL_PollEvent
 .text.SDL_PushEvent
                0x80008954       0x38 /opt/devkitpro/portlibs/wii/lib/libSDL.a(SDL_events.o)
                0x80008954                SDL_PushEvent
 .text.SDL_KeyboardInit
                0x8000898c      0xbd8 /opt/devkitpro/portlibs/wii/lib/libSDL.a(SDL_keyboard.o)
                0x8000898c                SDL_KeyboardInit
 .text.SDL_KeyboardQuit
                0x80009564        0x4 /opt/devkitpro/portlibs/wii/lib/libSDL.a(SDL_keyboard.o)
                0x80009564                SDL_KeyboardQuit
 .text.SDL_PrivateKeyboard
                0x80009568      0x320 /opt/devkitpro/portlibs/wii/lib/libSDL.a(SDL_keyboard.o)
                0x80009568                SDL_PrivateKeyboard
 .text.SDL_ResetKeyboard
                0x80009888       0x9c /opt/devkitpro/portlibs/wii/lib/libSDL.a(SDL_keyboard.o)
                0x80009888                SDL_ResetKeyboard
 .text.SDL_CheckKeyRepeat
                0x80009924       0xe0 /opt/devkitpro/portlibs/wii/lib/libSDL.a(SDL_keyboard.o)
                0x80009924                SDL_CheckKeyRepeat
 .text.ClipOffset
                0x80009a04       0x60 /opt/devkitpro/portlibs/wii/lib/libSDL.a(SDL_mouse.o)
 .text.SDL_MouseInit
                0x80009a64       0x44 /opt/devkitpro/portlibs/wii/lib/libSDL.a(SDL_mouse.o)
                0x80009a64                SDL_MouseInit
 .text.SDL_MouseQuit
                0x80009aa8        0x4 /opt/devkitpro/portlibs/wii/lib/libSDL.a(SDL_mouse.o)
                0x80009aa8                SDL_MouseQuit
 .text.SDL_GetMouseState
                0x80009aac       0x34 /opt/devkitpro/portlibs/wii/lib/libSDL.a(SDL_mouse.o)
                0x80009aac                SDL_GetMouseState
 .text.SDL_GetRelativeMouseState
                0x80009ae0       0x40 /opt/devkitpro/portlibs/wii/lib/libSDL.a(SDL_mouse.o)
                0x80009ae0                SDL_GetRelativeMouseState
 .text.SDL_SetMouseRange
                0x80009b20       0x14 /opt/devkitpro/portlibs/wii/lib/libSDL.a(SDL_mouse.o)
                0x80009b20                SDL_SetMouseRange
 .text.SDL_PrivateMouseMotion
                0x80009b34      0x21c /opt/devkitpro/portlibs/wii/lib/libSDL.a(SDL_mouse.o)
                0x80009b34                SDL_PrivateMouseMotion
 .text.SDL_PrivateMouseButton
                0x80009d50      0x27c /opt/devkitpro/portlibs/wii/lib/libSDL.a(SDL_mouse.o)
                0x80009d50                SDL_PrivateMouseButton
 .text.SDL_ResetMouse
                0x80009fcc       0x7c /opt/devkitpro/portlibs/wii/lib/libSDL.a(SDL_mouse.o)
                0x80009fcc                SDL_ResetMouse
 .text.SDL_QuitInit
                0x8000a048        0x8 /opt/devkitpro/portlibs/wii/lib/libSDL.a(SDL_quit.o)
                0x8000a048                SDL_QuitInit
 .text.SDL_QuitQuit
                0x8000a050        0x4 /opt/devkitpro/portlibs/wii/lib/libSDL.a(SDL_quit.o)
                0x8000a050                SDL_QuitQuit
 .text.SDL_DelThread.part.0
                0x8000a054      0x148 /opt/devkitpro/portlibs/wii/lib/libSDL.a(SDL_thread.o)
 .text.SDL_GetErrBuf
                0x8000a19c      0x104 /opt/devkitpro/portlibs/wii/lib/libSDL.a(SDL_thread.o)
                0x8000a19c                SDL_GetErrBuf
 .text.SDL_RunThread
                0x8000a2a0       0x70 /opt/devkitpro/portlibs/wii/lib/libSDL.a(SDL_thread.o)
                0x8000a2a0                SDL_RunThread
 .text.SDL_CreateThread
                0x8000a310      0x200 /opt/devkitpro/portlibs/wii/lib/libSDL.a(SDL_thread.o)
                0x8000a310                SDL_CreateThread
 .text.SDL_WaitThread
                0x8000a510       0x78 /opt/devkitpro/portlibs/wii/lib/libSDL.a(SDL_thread.o)
                0x8000a510                SDL_WaitThread
 .text.callback_wrapper
                0x8000a588        0x8 /opt/devkitpro/portlibs/wii/lib/libSDL.a(SDL_timer.o)
 .text.SDL_AddTimerInternal
                0x8000a590       0xb4 /opt/devkitpro/portlibs/wii/lib/libSDL.a(SDL_timer.o)
 .text.SDL_SetTimerThreaded
                0x8000a644       0x54 /opt/devkitpro/portlibs/wii/lib/libSDL.a(SDL_timer.o)
                0x8000a644                SDL_SetTimerThreaded
 .text.SDL_ThreadedTimerCheck
                0x8000a698      0x18c /opt/devkitpro/portlibs/wii/lib/libSDL.a(SDL_timer.o)
                0x8000a698                SDL_ThreadedTimerCheck
 .text.SDL_SetTimer
                0x8000a824      0x1a4 /opt/devkitpro/portlibs/wii/lib/libSDL.a(SDL_timer.o)
                0x8000a824                SDL_SetTimer
 .text.SDL_TimerQuit
                0x8000a9c8       0xa0 /opt/devkitpro/portlibs/wii/lib/libSDL.a(SDL_timer.o)
                0x8000a9c8                SDL_TimerQuit
 .text.SDL_TimerInit
                0x8000aa68       0xc4 /opt/devkitpro/portlibs/wii/lib/libSDL.a(SDL_timer.o)
                0x8000aa68                SDL_TimerInit
 .text.SDL_CursorPaletteChanged
                0x8000ab2c       0x10 /opt/devkitpro/portlibs/wii/lib/libSDL.a(SDL_cursor.o)
                0x8000ab2c                SDL_CursorPaletteChanged
 .text.SDL_MouseRect
                0x8000ab3c       0xc4 /opt/devkitpro/portlibs/wii/lib/libSDL.a(SDL_cursor.o)
                0x8000ab3c                SDL_MouseRect
 .text.SDL_DrawCursorNoLock
                0x8000ac00      0x7b8 /opt/devkitpro/portlibs/wii/lib/libSDL.a(SDL_cursor.o)
                0x8000ac00                SDL_DrawCursorNoLock
 .text.SDL_DrawCursor
                0x8000b3b8       0xdc /opt/devkitpro/portlibs/wii/lib/libSDL.a(SDL_cursor.o)
                0x8000b3b8                SDL_DrawCursor
 .text.SDL_EraseCursorNoLock
                0x8000b494      0x244 /opt/devkitpro/portlibs/wii/lib/libSDL.a(SDL_cursor.o)
                0x8000b494                SDL_EraseCursorNoLock
 .text.SDL_EraseCursor
                0x8000b6d8       0xdc /opt/devkitpro/portlibs/wii/lib/libSDL.a(SDL_cursor.o)
                0x8000b6d8                SDL_EraseCursor
 .text.SDL_SetCursor
                0x8000b7b4      0x210 /opt/devkitpro/portlibs/wii/lib/libSDL.a(SDL_cursor.o)
                0x8000b7b4                SDL_SetCursor
 .text.SDL_FreeCursor
                0x8000b9c4       0xd8 /opt/devkitpro/portlibs/wii/lib/libSDL.a(SDL_cursor.o)
                0x8000b9c4                SDL_FreeCursor
 .text.SDL_CursorQuit
                0x8000ba9c       0xb0 /opt/devkitpro/portlibs/wii/lib/libSDL.a(SDL_cursor.o)
                0x8000ba9c                SDL_CursorQuit
 .text.SDL_CreateCursor
                0x8000bb4c      0x2c8 /opt/devkitpro/portlibs/wii/lib/libSDL.a(SDL_cursor.o)
                0x8000bb4c                SDL_CreateCursor
 .text.SDL_CursorInit
                0x8000be14       0xb4 /opt/devkitpro/portlibs/wii/lib/libSDL.a(SDL_cursor.o)
                0x8000be14                SDL_CursorInit
 .text.SDL_ShowCursor
                0x8000bec8      0x130 /opt/devkitpro/portlibs/wii/lib/libSDL.a(SDL_cursor.o)
                0x8000bec8                SDL_ShowCursor
 .text.SDL_MoveCursor
                0x8000bff8       0xfc /opt/devkitpro/portlibs/wii/lib/libSDL.a(SDL_cursor.o)
                0x8000bff8                SDL_MoveCursor
 .text.SDL_ResetCursor
                0x8000c0f4       0x34 /opt/devkitpro/portlibs/wii/lib/libSDL.a(SDL_cursor.o)
                0x8000c0f4                SDL_ResetCursor
 .text.SDL_DitherColors.part.0
                0x8000c128       0x58 /opt/devkitpro/portlibs/wii/lib/libSDL.a(SDL_pixels.o)
 .text.SDL_FormatChanged
                0x8000c180       0x90 /opt/devkitpro/portlibs/wii/lib/libSDL.a(SDL_pixels.o)
                0x8000c180                SDL_FormatChanged
 .text.SDL_FreeFormat
                0x8000c210       0x64 /opt/devkitpro/portlibs/wii/lib/libSDL.a(SDL_pixels.o)
                0x8000c210                SDL_FreeFormat
 .text.SDL_AllocFormat
                0x8000c274      0x590 /opt/devkitpro/portlibs/wii/lib/libSDL.a(SDL_pixels.o)
                0x8000c274                SDL_AllocFormat
 .text.SDL_ReallocFormat
                0x8000c804      0x13c /opt/devkitpro/portlibs/wii/lib/libSDL.a(SDL_pixels.o)
                0x8000c804                SDL_ReallocFormat
 .text.SDL_DitherColors
                0x8000c940        0xc /opt/devkitpro/portlibs/wii/lib/libSDL.a(SDL_pixels.o)
                0x8000c940                SDL_DitherColors
 .text.SDL_CalculatePitch
                0x8000c94c       0x64 /opt/devkitpro/portlibs/wii/lib/libSDL.a(SDL_pixels.o)
                0x8000c94c                SDL_CalculatePitch
 .text.SDL_FindColor
                0x8000c9b0       0x80 /opt/devkitpro/portlibs/wii/lib/libSDL.a(SDL_pixels.o)
                0x8000c9b0                SDL_FindColor
 .text.Map1to1  0x8000ca30       0xe8 /opt/devkitpro/portlibs/wii/lib/libSDL.a(SDL_pixels.o)
 .text.MapNto1.isra.0
                0x8000cb18       0x74 /opt/devkitpro/portlibs/wii/lib/libSDL.a(SDL_pixels.o)
 .text.SDL_MapRGB
                0x8000cb8c       0x7c /opt/devkitpro/portlibs/wii/lib/libSDL.a(SDL_pixels.o)
                0x8000cb8c                SDL_MapRGB
 .text.SDL_ApplyGamma
                0x8000cc08       0x54 /opt/devkitpro/portlibs/wii/lib/libSDL.a(SDL_pixels.o)
                0x8000cc08                SDL_ApplyGamma
 .text.SDL_AllocBlitMap
                0x8000cc5c       0x8c /opt/devkitpro/portlibs/wii/lib/libSDL.a(SDL_pixels.o)
                0x8000cc5c                SDL_AllocBlitMap
 .text.SDL_InvalidateMap
                0x8000cce8       0x68 /opt/devkitpro/portlibs/wii/lib/libSDL.a(SDL_pixels.o)
                0x8000cce8                SDL_InvalidateMap
 .text.SDL_MapSurface
                0x8000cd50      0x460 /opt/devkitpro/portlibs/wii/lib/libSDL.a(SDL_pixels.o)
                0x8000cd50                SDL_MapSurface
 .text.SDL_FreeBlitMap
                0x8000d1b0       0x5c /opt/devkitpro/portlibs/wii/lib/libSDL.a(SDL_pixels.o)
                0x8000d1b0                SDL_FreeBlitMap
 .text.SDL_SetClipRect
                0x8000d20c      0x164 /opt/devkitpro/portlibs/wii/lib/libSDL.a(SDL_surface.o)
                0x8000d20c                SDL_SetClipRect
 .text.SDL_LowerBlit
                0x8000d370      0x15c /opt/devkitpro/portlibs/wii/lib/libSDL.a(SDL_surface.o)
                0x8000d370                SDL_LowerBlit
 .text.SDL_LockSurface
                0x8000d4cc       0xc8 /opt/devkitpro/portlibs/wii/lib/libSDL.a(SDL_surface.o)
                0x8000d4cc                SDL_LockSurface
 .text.SDL_UnlockSurface
                0x8000d594       0x64 /opt/devkitpro/portlibs/wii/lib/libSDL.a(SDL_surface.o)
                0x8000d594                SDL_UnlockSurface
 .text.SDL_FillRect
                0x8000d5f8      0x6b0 /opt/devkitpro/portlibs/wii/lib/libSDL.a(SDL_surface.o)
                0x8000d5f8                SDL_FillRect
 .text.SDL_FreeSurface
                0x8000dca8      0x1f0 /opt/devkitpro/portlibs/wii/lib/libSDL.a(SDL_surface.o)
                0x8000dca8                SDL_FreeSurface
 .text.SDL_CreateRGBSurface
                0x8000de98      0x31c /opt/devkitpro/portlibs/wii/lib/libSDL.a(SDL_surface.o)
                0x8000de98                SDL_CreateRGBSurface
 .text.SDL_WM_GrabInputRaw
                0x8000e1b4       0xdc /opt/devkitpro/portlibs/wii/lib/libSDL.a(SDL_video.o)
 .text.SDL_GL_Lock.part.0
                0x8000e290      0x290 /opt/devkitpro/portlibs/wii/lib/libSDL.a(SDL_video.o)
 .text.SDL_VideoModeOK
                0x8000e520      0x1d8 /opt/devkitpro/portlibs/wii/lib/libSDL.a(SDL_video.o)
                0x8000e520                SDL_VideoModeOK
 .text.SDL_UpdateRects
                0x8000e6f8      0x3e4 /opt/devkitpro/portlibs/wii/lib/libSDL.a(SDL_video.o)
                0x8000e6f8                SDL_UpdateRects
 .text.SDL_UpdateRect
                0x8000eadc       0x80 /opt/devkitpro/portlibs/wii/lib/libSDL.a(SDL_video.o)
                0x8000eadc                SDL_UpdateRect
 .text.SetPalette_physical
                0x8000eb5c      0x218 /opt/devkitpro/portlibs/wii/lib/libSDL.a(SDL_video.o)
 .text.SDL_Flip
                0x8000ed74      0x1c0 /opt/devkitpro/portlibs/wii/lib/libSDL.a(SDL_video.o)
                0x8000ed74                SDL_Flip
 .text.SDL_SetPalette
                0x8000ef34      0x294 /opt/devkitpro/portlibs/wii/lib/libSDL.a(SDL_video.o)
                0x8000ef34                SDL_SetPalette
 .text.SDL_SetColors
                0x8000f1c8       0x18 /opt/devkitpro/portlibs/wii/lib/libSDL.a(SDL_video.o)
                0x8000f1c8                SDL_SetColors
 .text.SDL_VideoQuit
                0x8000f1e0      0x14c /opt/devkitpro/portlibs/wii/lib/libSDL.a(SDL_video.o)
                0x8000f1e0                SDL_VideoQuit
 .text.SDL_VideoInit
                0x8000f32c      0x250 /opt/devkitpro/portlibs/wii/lib/libSDL.a(SDL_video.o)
                0x8000f32c                SDL_VideoInit
 .text.SDL_GL_UpdateRects
                0x8000f57c      0x360 /opt/devkitpro/portlibs/wii/lib/libSDL.a(SDL_video.o)
                0x8000f57c                SDL_GL_UpdateRects
 .text.SDL_GL_Unlock
                0x8000f8dc       0x80 /opt/devkitpro/portlibs/wii/lib/libSDL.a(SDL_video.o)
                0x8000f8dc                SDL_GL_Unlock
 .text.SDL_GL_UpdateRectsLock
                0x8000f95c       0x5c /opt/devkitpro/portlibs/wii/lib/libSDL.a(SDL_video.o)
                0x8000f95c                SDL_GL_UpdateRectsLock
 .text.SDL_WM_GrabInput
                0x8000f9b8       0x64 /opt/devkitpro/portlibs/wii/lib/libSDL.a(SDL_video.o)
                0x8000f9b8                SDL_WM_GrabInput
 .text.SDL_SetVideoMode
                0x8000fa1c     0x17ec /opt/devkitpro/portlibs/wii/lib/libSDL.a(SDL_video.o)
                0x8000fa1c                SDL_SetVideoMode
 .text.SDL_JoystickClose.part.0
                0x80011208       0xd4 /opt/devkitpro/portlibs/wii/lib/libSDL.a(SDL_joystick.o)
 .text.SDL_JoystickInit
                0x800112dc       0x90 /opt/devkitpro/portlibs/wii/lib/libSDL.a(SDL_joystick.o)
                0x800112dc                SDL_JoystickInit
 .text.SDL_JoystickOpen
                0x8001136c      0x374 /opt/devkitpro/portlibs/wii/lib/libSDL.a(SDL_joystick.o)
                0x8001136c                SDL_JoystickOpen
 .text.SDL_JoystickQuit
                0x800116e0       0xd4 /opt/devkitpro/portlibs/wii/lib/libSDL.a(SDL_joystick.o)
                0x800116e0                SDL_JoystickQuit
 .text.SDL_PrivateJoystickAxis
                0x800117b4       0xa0 /opt/devkitpro/portlibs/wii/lib/libSDL.a(SDL_joystick.o)
                0x800117b4                SDL_PrivateJoystickAxis
 .text.SDL_PrivateJoystickHat
                0x80011854       0x9c /opt/devkitpro/portlibs/wii/lib/libSDL.a(SDL_joystick.o)
                0x80011854                SDL_PrivateJoystickHat
 .text.SDL_PrivateJoystickButton
                0x800118f0       0xe8 /opt/devkitpro/portlibs/wii/lib/libSDL.a(SDL_joystick.o)
                0x800118f0                SDL_PrivateJoystickButton
 .text.SDL_JoystickUpdate
                0x800119d8       0x60 /opt/devkitpro/portlibs/wii/lib/libSDL.a(SDL_joystick.o)
                0x800119d8                SDL_JoystickUpdate
 .text.RunTimer
                0x80011a38       0xe8 /opt/devkitpro/portlibs/wii/lib/libSDL.a(SDL_systimer.o)
 .text.SDL_StartTicks
                0x80011b20       0x30 /opt/devkitpro/portlibs/wii/lib/libSDL.a(SDL_systimer.o)
                0x80011b20                SDL_StartTicks
 .text.SDL_GetTicks
                0x80011b50       0x4c /opt/devkitpro/portlibs/wii/lib/libSDL.a(SDL_systimer.o)
                0x80011b50                SDL_GetTicks
 .text.SDL_Delay
                0x80011b9c       0x6c /opt/devkitpro/portlibs/wii/lib/libSDL.a(SDL_systimer.o)
                0x80011b9c                SDL_Delay
 .text.SDL_SYS_TimerInit
                0x80011c08       0x60 /opt/devkitpro/portlibs/wii/lib/libSDL.a(SDL_systimer.o)
                0x80011c08                SDL_SYS_TimerInit
 .text.SDL_SYS_TimerQuit
                0x80011c68       0x54 /opt/devkitpro/portlibs/wii/lib/libSDL.a(SDL_systimer.o)
                0x80011c68                SDL_SYS_TimerQuit
 .text.SDL_SYS_StartTimer
                0x80011cbc       0x30 /opt/devkitpro/portlibs/wii/lib/libSDL.a(SDL_systimer.o)
                0x80011cbc                SDL_SYS_StartTimer
 .text.SDL_SYS_StopTimer
                0x80011cec        0x4 /opt/devkitpro/portlibs/wii/lib/libSDL.a(SDL_systimer.o)
                0x80011cec                SDL_SYS_StopTimer
 .text.OGCAUD_Available
                0x80011cf0        0x8 /opt/devkitpro/portlibs/wii/lib/libSDL.a(SDL_ogcAudio.o)
 .text.AudioThread
                0x80011cf8      0x1a4 /opt/devkitpro/portlibs/wii/lib/libSDL.a(SDL_ogcAudio.o)
 .text.OGCAUD_CreateDevice
                0x80011e9c       0xc8 /opt/devkitpro/portlibs/wii/lib/libSDL.a(SDL_ogcAudio.o)
 .text.DMACallback
                0x80011f64       0x14 /opt/devkitpro/portlibs/wii/lib/libSDL.a(SDL_ogcAudio.o)
 .text.OGC_AudioStop
                0x80011f78       0xd0 /opt/devkitpro/portlibs/wii/lib/libSDL.a(SDL_ogcAudio.o)
                0x80011f78                OGC_AudioStop
 .text.OGCAUD_DeleteDevice
                0x80012048       0x3c /opt/devkitpro/portlibs/wii/lib/libSDL.a(SDL_ogcAudio.o)
 .text.OGCAUD_CloseAudio
                0x80012084       0x30 /opt/devkitpro/portlibs/wii/lib/libSDL.a(SDL_ogcAudio.o)
 .text.OGC_AudioStart
                0x800120b4      0x164 /opt/devkitpro/portlibs/wii/lib/libSDL.a(SDL_ogcAudio.o)
                0x800120b4                OGC_AudioStart
 .text.OGCAUD_OpenAudio
                0x80012218      0x134 /opt/devkitpro/portlibs/wii/lib/libSDL.a(SDL_ogcAudio.o)
 .text.HandleWiiHats
                0x8001234c       0x60 /opt/devkitpro/portlibs/wii/lib/libSDL.a(SDL_sysjoystick.o)
 .text.SDL_SYS_JoystickInit
                0x800123ac       0x90 /opt/devkitpro/portlibs/wii/lib/libSDL.a(SDL_sysjoystick.o)
                0x800123ac                SDL_SYS_JoystickInit
 .text.SDL_SYS_JoystickOpen
                0x8001243c      0x11c /opt/devkitpro/portlibs/wii/lib/libSDL.a(SDL_sysjoystick.o)
                0x8001243c                SDL_SYS_JoystickOpen
 .text.SDL_SYS_JoystickUpdate
                0x80012558      0xd34 /opt/devkitpro/portlibs/wii/lib/libSDL.a(SDL_sysjoystick.o)
                0x80012558                SDL_SYS_JoystickUpdate
 .text.SDL_SYS_JoystickClose
                0x8001328c       0x44 /opt/devkitpro/portlibs/wii/lib/libSDL.a(SDL_sysjoystick.o)
                0x8001328c                SDL_SYS_JoystickClose
 .text.SDL_SYS_JoystickQuit
                0x800132d0        0x4 /opt/devkitpro/portlibs/wii/lib/libSDL.a(SDL_sysjoystick.o)
                0x800132d0                SDL_SYS_JoystickQuit
 .text.SDL_CreateMutex
                0x800132d4       0x48 /opt/devkitpro/portlibs/wii/lib/libSDL.a(SDL_sysmutex.o)
                0x800132d4                SDL_CreateMutex
 .text.SDL_DestroyMutex
                0x8001331c       0x44 /opt/devkitpro/portlibs/wii/lib/libSDL.a(SDL_sysmutex.o)
                0x8001331c                SDL_DestroyMutex
 .text.SDL_mutexP
                0x80013360       0x40 /opt/devkitpro/portlibs/wii/lib/libSDL.a(SDL_sysmutex.o)
                0x80013360                SDL_mutexP
 .text.SDL_mutexV
                0x800133a0       0x40 /opt/devkitpro/portlibs/wii/lib/libSDL.a(SDL_sysmutex.o)
                0x800133a0                SDL_mutexV
 .text.SDL_DestroySemaphore.part.0.constprop.0
                0x800133e0       0x7c /opt/devkitpro/portlibs/wii/lib/libSDL.a(SDL_syssem.o)
 .text.SDL_CreateSemaphore
                0x8001345c       0xb0 /opt/devkitpro/portlibs/wii/lib/libSDL.a(SDL_syssem.o)
                0x8001345c                SDL_CreateSemaphore
 .text.SDL_DestroySemaphore
                0x8001350c       0x14 /opt/devkitpro/portlibs/wii/lib/libSDL.a(SDL_syssem.o)
                0x8001350c                SDL_DestroySemaphore
 .text.SDL_SemWaitTimeout
                0x80013520      0x10c /opt/devkitpro/portlibs/wii/lib/libSDL.a(SDL_syssem.o)
                0x80013520                SDL_SemWaitTimeout
 .text.SDL_SemWait
                0x8001362c        0x8 /opt/devkitpro/portlibs/wii/lib/libSDL.a(SDL_syssem.o)
                0x8001362c                SDL_SemWait
 .text.SDL_SemPost
                0x80013634       0x7c /opt/devkitpro/portlibs/wii/lib/libSDL.a(SDL_syssem.o)
                0x80013634                SDL_SemPost
 .text.run_thread
                0x800136b0       0x24 /opt/devkitpro/portlibs/wii/lib/libSDL.a(SDL_systhread.o)
                0x800136b0                run_thread
 .text.SDL_SYS_CreateThread
                0x800136d4       0x5c /opt/devkitpro/portlibs/wii/lib/libSDL.a(SDL_systhread.o)
                0x800136d4                SDL_SYS_CreateThread
 .text.SDL_SYS_SetupThread
                0x80013730        0x4 /opt/devkitpro/portlibs/wii/lib/libSDL.a(SDL_systhread.o)
                0x80013730                SDL_SYS_SetupThread
 .text.SDL_ThreadID
                0x80013734        0x4 /opt/devkitpro/portlibs/wii/lib/libSDL.a(SDL_systhread.o)
                0x80013734                SDL_ThreadID
 .text.SDL_SYS_WaitThread
                0x80013738       0x28 /opt/devkitpro/portlibs/wii/lib/libSDL.a(SDL_systhread.o)
                0x80013738                SDL_SYS_WaitThread
 .text.OGC_VideoInit
                0x80013760       0x7c /opt/devkitpro/portlibs/wii/lib/libSDL.a(SDL_ogc_video.o)
 .text.OGC_ListModes
                0x800137dc        0xc /opt/devkitpro/portlibs/wii/lib/libSDL.a(SDL_ogc_video.o)
 .text.OGC_AllocHWSurface
                0x800137e8        0x8 /opt/devkitpro/portlibs/wii/lib/libSDL.a(SDL_ogc_video.o)
 .text.OGC_FreeHWSurface
                0x800137f0        0x4 /opt/devkitpro/portlibs/wii/lib/libSDL.a(SDL_ogc_video.o)
 .text.OGC_LockHWSurface
                0x800137f4        0x8 /opt/devkitpro/portlibs/wii/lib/libSDL.a(SDL_ogc_video.o)
 .text.OGC_Available
                0x800137fc        0x8 /opt/devkitpro/portlibs/wii/lib/libSDL.a(SDL_ogc_video.o)
 .text.SetupGX  0x80013804      0x1e8 /opt/devkitpro/portlibs/wii/lib/libSDL.a(SDL_ogc_video.o)
 .text.SDL_OGC_GL_SwapBuffers
                0x800139ec       0x30 /opt/devkitpro/portlibs/wii/lib/libSDL.a(SDL_ogc_video.o)
                0x800139ec                SDL_OGC_GL_SwapBuffers
 .text.flip_thread
                0x80013a1c      0x14c /opt/devkitpro/portlibs/wii/lib/libSDL.a(SDL_ogc_video.o)
 .text.SDL_OGC_GL_MakeCurrent
                0x80013b68       0x24 /opt/devkitpro/portlibs/wii/lib/libSDL.a(SDL_ogc_video.o)
                0x80013b68                SDL_OGC_GL_MakeCurrent
 .text.OGC_DeleteDevice
                0x80013b8c       0x6c /opt/devkitpro/portlibs/wii/lib/libSDL.a(SDL_ogc_video.o)
 .text.OGC_SetColors
                0x80013bf8      0x15c /opt/devkitpro/portlibs/wii/lib/libSDL.a(SDL_ogc_video.o)
 .text.SDL_OGC_GL_GetProcAddress
                0x80013d54       0x7c /opt/devkitpro/portlibs/wii/lib/libSDL.a(SDL_ogc_video.o)
                0x80013d54                SDL_OGC_GL_GetProcAddress
 .text.SDL_OGC_GL_LoadLibrary
                0x80013dd0        0x8 /opt/devkitpro/portlibs/wii/lib/libSDL.a(SDL_ogc_video.o)
                0x80013dd0                SDL_OGC_GL_LoadLibrary
 .text.OGC_UnlockHWSurface
                0x80013dd8        0x4 /opt/devkitpro/portlibs/wii/lib/libSDL.a(SDL_ogc_video.o)
 .text.OGC_UpdateRects
                0x80013ddc      0x47c /opt/devkitpro/portlibs/wii/lib/libSDL.a(SDL_ogc_video.o)
 .text.OGC_FlipHWSurface
                0x80014258      0x210 /opt/devkitpro/portlibs/wii/lib/libSDL.a(SDL_ogc_video.o)
 .text.OGC_VideoQuit
                0x80014468       0xd4 /opt/devkitpro/portlibs/wii/lib/libSDL.a(SDL_ogc_video.o)
 .text.OGC_VideoStart
                0x8001453c      0x454 /opt/devkitpro/portlibs/wii/lib/libSDL.a(SDL_ogc_video.o)
                0x8001453c                OGC_VideoStart
 .text.OGC_SetVideoMode
                0x80014990      0x36c /opt/devkitpro/portlibs/wii/lib/libSDL.a(SDL_ogc_video.o)
 .text.OGC_InitVideoSystem
                0x80014cfc       0xf4 /opt/devkitpro/portlibs/wii/lib/libSDL.a(SDL_ogc_video.o)
                0x80014cfc                OGC_InitVideoSystem
 .text.OGC_CreateDevice
                0x80014df0      0x190 /opt/devkitpro/portlibs/wii/lib/libSDL.a(SDL_ogc_video.o)
 .text.SDL_AppActiveInit
                0x80014f80       0x14 /opt/devkitpro/portlibs/wii/lib/libSDL.a(SDL_active.o)
                0x80014f80                SDL_AppActiveInit
 .text.SDL_AppActiveQuit
                0x80014f94        0x4 /opt/devkitpro/portlibs/wii/lib/libSDL.a(SDL_active.o)
                0x80014f94                SDL_AppActiveQuit
 .text.SDL_PrivateResize
                0x80014f98      0x11c /opt/devkitpro/portlibs/wii/lib/libSDL.a(SDL_resize.o)
                0x80014f98                SDL_PrivateResize
 .text.SDL_revcpy
                0x800150b4       0x60 /opt/devkitpro/portlibs/wii/lib/libSDL.a(SDL_string.o)
                0x800150b4                SDL_revcpy
 .text.SDL_memcmp
                0x80015114       0x94 /opt/devkitpro/portlibs/wii/lib/libSDL.a(SDL_string.o)
                0x80015114                SDL_memcmp
 .text.copy_opaque_16
                0x800151a8      0x100 /opt/devkitpro/portlibs/wii/lib/libSDL.a(SDL_RLEaccel.o)
 .text.uncopy_opaque_16
                0x800152a8      0x12c /opt/devkitpro/portlibs/wii/lib/libSDL.a(SDL_RLEaccel.o)
 .text.copy_transl_565
                0x800153d4       0xf4 /opt/devkitpro/portlibs/wii/lib/libSDL.a(SDL_RLEaccel.o)
 .text.copy_transl_555
                0x800154c8       0xf4 /opt/devkitpro/portlibs/wii/lib/libSDL.a(SDL_RLEaccel.o)
 .text.uncopy_transl_16
                0x800155bc      0x134 /opt/devkitpro/portlibs/wii/lib/libSDL.a(SDL_RLEaccel.o)
 .text.copy_32  0x800156f0       0xf0 /opt/devkitpro/portlibs/wii/lib/libSDL.a(SDL_RLEaccel.o)
 .text.uncopy_32
                0x800157e0      0x128 /opt/devkitpro/portlibs/wii/lib/libSDL.a(SDL_RLEaccel.o)
 .text.getpix_8
                0x80015908        0x8 /opt/devkitpro/portlibs/wii/lib/libSDL.a(SDL_RLEaccel.o)
 .text.getpix_16
                0x80015910        0x8 /opt/devkitpro/portlibs/wii/lib/libSDL.a(SDL_RLEaccel.o)
 .text.getpix_24
                0x80015918       0x20 /opt/devkitpro/portlibs/wii/lib/libSDL.a(SDL_RLEaccel.o)
 .text.getpix_32
                0x80015938        0x8 /opt/devkitpro/portlibs/wii/lib/libSDL.a(SDL_RLEaccel.o)
 .text.SDL_RLEBlit
                0x80015940     0x232c /opt/devkitpro/portlibs/wii/lib/libSDL.a(SDL_RLEaccel.o)
                0x80015940                SDL_RLEBlit
 .text.SDL_RLEAlphaBlit
                0x80017c6c      0xab4 /opt/devkitpro/portlibs/wii/lib/libSDL.a(SDL_RLEaccel.o)
                0x80017c6c                SDL_RLEAlphaBlit
 .text.SDL_UnRLESurface
                0x80018720      0x300 /opt/devkitpro/portlibs/wii/lib/libSDL.a(SDL_RLEaccel.o)
                0x80018720                SDL_UnRLESurface
 .text.SDL_RLESurface
                0x80018a20     0x1204 /opt/devkitpro/portlibs/wii/lib/libSDL.a(SDL_RLEaccel.o)
                0x80018a20                SDL_RLESurface
 .text.SDL_SoftBlit
                0x80019c24      0x28c /opt/devkitpro/portlibs/wii/lib/libSDL.a(SDL_blit.o)
 .text.SDL_BlitCopyOverlap
                0x80019eb0      0x1a8 /opt/devkitpro/portlibs/wii/lib/libSDL.a(SDL_blit.o)
 .text.SDL_BlitCopy
                0x8001a058       0xe8 /opt/devkitpro/portlibs/wii/lib/libSDL.a(SDL_blit.o)
 .text.SDL_CalculateBlit
                0x8001a140      0x398 /opt/devkitpro/portlibs/wii/lib/libSDL.a(SDL_blit.o)
                0x8001a140                SDL_CalculateBlit
 .text.BlitBto1
                0x8001a4d8       0xf8 /opt/devkitpro/portlibs/wii/lib/libSDL.a(SDL_blit_0.o)
 .text.BlitBto2
                0x8001a5d0       0xb8 /opt/devkitpro/portlibs/wii/lib/libSDL.a(SDL_blit_0.o)
 .text.BlitBto3
                0x8001a688       0xcc /opt/devkitpro/portlibs/wii/lib/libSDL.a(SDL_blit_0.o)
 .text.BlitBto4
                0x8001a754       0xb8 /opt/devkitpro/portlibs/wii/lib/libSDL.a(SDL_blit_0.o)
 .text.BlitBto1Key
                0x8001a80c      0x110 /opt/devkitpro/portlibs/wii/lib/libSDL.a(SDL_blit_0.o)
 .text.BlitBto2Key
                0x8001a91c       0xd4 /opt/devkitpro/portlibs/wii/lib/libSDL.a(SDL_blit_0.o)
 .text.BlitBto4Key
                0x8001a9f0       0xd4 /opt/devkitpro/portlibs/wii/lib/libSDL.a(SDL_blit_0.o)
 .text.BlitBtoNAlpha
                0x8001aac4      0x2a8 /opt/devkitpro/portlibs/wii/lib/libSDL.a(SDL_blit_0.o)
 .text.BlitBtoNAlphaKey
                0x8001ad6c      0x2bc /opt/devkitpro/portlibs/wii/lib/libSDL.a(SDL_blit_0.o)
 .text.BlitBto3Key
                0x8001b028       0xe0 /opt/devkitpro/portlibs/wii/lib/libSDL.a(SDL_blit_0.o)
 .text.SDL_CalculateBlit0
                0x8001b108       0xa4 /opt/devkitpro/portlibs/wii/lib/libSDL.a(SDL_blit_0.o)
                0x8001b108                SDL_CalculateBlit0
 .text.Blit1to1
                0x8001b1ac      0x15c /opt/devkitpro/portlibs/wii/lib/libSDL.a(SDL_blit_1.o)
 .text.Blit1to2
                0x8001b308      0x188 /opt/devkitpro/portlibs/wii/lib/libSDL.a(SDL_blit_1.o)
 .text.Blit1to3
                0x8001b490      0x21c /opt/devkitpro/portlibs/wii/lib/libSDL.a(SDL_blit_1.o)
 .text.Blit1to4
                0x8001b6ac      0x1a0 /opt/devkitpro/portlibs/wii/lib/libSDL.a(SDL_blit_1.o)
 .text.Blit1to1Key
                0x8001b84c      0x334 /opt/devkitpro/portlibs/wii/lib/libSDL.a(SDL_blit_1.o)
 .text.Blit1to2Key
                0x8001bb80      0x1e0 /opt/devkitpro/portlibs/wii/lib/libSDL.a(SDL_blit_1.o)
 .text.Blit1to3Key
                0x8001bd60      0x278 /opt/devkitpro/portlibs/wii/lib/libSDL.a(SDL_blit_1.o)
 .text.Blit1to4Key
                0x8001bfd8      0x1e0 /opt/devkitpro/portlibs/wii/lib/libSDL.a(SDL_blit_1.o)
 .text.Blit1toNAlpha
                0x8001c1b8      0x8ac /opt/devkitpro/portlibs/wii/lib/libSDL.a(SDL_blit_1.o)
 .text.Blit1toNAlphaKey
                0x8001ca64      0xde8 /opt/devkitpro/portlibs/wii/lib/libSDL.a(SDL_blit_1.o)
 .text.SDL_CalculateBlit1
                0x8001d84c       0x94 /opt/devkitpro/portlibs/wii/lib/libSDL.a(SDL_blit_1.o)
                0x8001d84c                SDL_CalculateBlit1
 .text.Blit_RGB888_index8
                0x8001d8e0      0x434 /opt/devkitpro/portlibs/wii/lib/libSDL.a(SDL_blit_N.o)
 .text.Blit_RGB888_RGB555
                0x8001dd14      0x1e8 /opt/devkitpro/portlibs/wii/lib/libSDL.a(SDL_blit_N.o)
 .text.Blit_RGB888_RGB565
                0x8001defc      0x1e8 /opt/devkitpro/portlibs/wii/lib/libSDL.a(SDL_blit_N.o)
 .text.Blit_RGB565_32
                0x8001e0e4      0x244 /opt/devkitpro/portlibs/wii/lib/libSDL.a(SDL_blit_N.o)
 .text.Blit_RGB565_ARGB8888
                0x8001e328        0xc /opt/devkitpro/portlibs/wii/lib/libSDL.a(SDL_blit_N.o)
 .text.Blit_RGB565_ABGR8888
                0x8001e334        0xc /opt/devkitpro/portlibs/wii/lib/libSDL.a(SDL_blit_N.o)
 .text.Blit_RGB565_RGBA8888
                0x8001e340        0xc /opt/devkitpro/portlibs/wii/lib/libSDL.a(SDL_blit_N.o)
 .text.Blit_RGB565_BGRA8888
                0x8001e34c        0xc /opt/devkitpro/portlibs/wii/lib/libSDL.a(SDL_blit_N.o)
 .text.Blit_RGB888_index8_map
                0x8001e358      0x254 /opt/devkitpro/portlibs/wii/lib/libSDL.a(SDL_blit_N.o)
 .text.BlitNto1
                0x8001e5ac      0xcb8 /opt/devkitpro/portlibs/wii/lib/libSDL.a(SDL_blit_N.o)
 .text.Blit4to4MaskAlpha
                0x8001f264      0x2dc /opt/devkitpro/portlibs/wii/lib/libSDL.a(SDL_blit_N.o)
 .text.BlitNtoN
                0x8001f540      0xe34 /opt/devkitpro/portlibs/wii/lib/libSDL.a(SDL_blit_N.o)
 .text.BlitNtoNCopyAlpha
                0x80020374      0x28c /opt/devkitpro/portlibs/wii/lib/libSDL.a(SDL_blit_N.o)
 .text.BlitNto1Key
                0x80020600      0xf6c /opt/devkitpro/portlibs/wii/lib/libSDL.a(SDL_blit_N.o)
 .text.Blit2to2Key
                0x8002156c      0x1f8 /opt/devkitpro/portlibs/wii/lib/libSDL.a(SDL_blit_N.o)
 .text.BlitNtoNKey
                0x80021764      0xe6c /opt/devkitpro/portlibs/wii/lib/libSDL.a(SDL_blit_N.o)
 .text.BlitNtoNKeyCopyAlpha
                0x800225d0     0x1284 /opt/devkitpro/portlibs/wii/lib/libSDL.a(SDL_blit_N.o)
 .text.SDL_CalculateBlitN
                0x80023854      0x350 /opt/devkitpro/portlibs/wii/lib/libSDL.a(SDL_blit_N.o)
                0x80023854                SDL_CalculateBlitN
 .text.SDL_CreateCond
                0x80023ba4       0x7c /opt/devkitpro/portlibs/wii/lib/libSDL.a(SDL_syscond.o)
                0x80023ba4                SDL_CreateCond
 .text.SDL_DestroyCond
                0x80023c20       0x44 /opt/devkitpro/portlibs/wii/lib/libSDL.a(SDL_syscond.o)
                0x80023c20                SDL_DestroyCond
 .text.SDL_CondSignal
                0x80023c64       0x4c /opt/devkitpro/portlibs/wii/lib/libSDL.a(SDL_syscond.o)
                0x80023c64                SDL_CondSignal
 .text.SDL_CondWaitTimeout
                0x80023cb0       0x84 /opt/devkitpro/portlibs/wii/lib/libSDL.a(SDL_syscond.o)
                0x80023cb0                SDL_CondWaitTimeout
 .text.SDL_CondWait
                0x80023d34        0xc /opt/devkitpro/portlibs/wii/lib/libSDL.a(SDL_syscond.o)
                0x80023d34                SDL_CondWait
 .text.PumpEvents
                0x80023d40      0x53c /opt/devkitpro/portlibs/wii/lib/libSDL.a(SDL_wiievents.o)
                0x80023d40                PumpEvents
 .text.WII_PumpEvents
                0x8002427c       0x54 /opt/devkitpro/portlibs/wii/lib/libSDL.a(SDL_wiievents.o)
                0x8002427c                WII_PumpEvents
 .text.WII_InitOSKeymap
                0x800242d0      0x368 /opt/devkitpro/portlibs/wii/lib/libSDL.a(SDL_wiievents.o)
                0x800242d0                WII_InitOSKeymap
 .text.SDL_HasMMX
                0x80024638       0x48 /opt/devkitpro/portlibs/wii/lib/libSDL.a(SDL_cpuinfo.o)
                0x80024638                SDL_HasMMX
 .text.BlitNto1SurfaceAlpha
                0x80024680      0x5a8 /opt/devkitpro/portlibs/wii/lib/libSDL.a(SDL_blit_A.o)
 .text.BlitNto1PixelAlpha
                0x80024c28      0x608 /opt/devkitpro/portlibs/wii/lib/libSDL.a(SDL_blit_A.o)
 .text.BlitNto1SurfaceAlphaKey
                0x80025230      0xbf4 /opt/devkitpro/portlibs/wii/lib/libSDL.a(SDL_blit_A.o)
 .text.BlitRGBtoRGBSurfaceAlpha
                0x80025e24      0x424 /opt/devkitpro/portlibs/wii/lib/libSDL.a(SDL_blit_A.o)
 .text.BlitRGBtoRGBPixelAlpha
                0x80026248      0x2d0 /opt/devkitpro/portlibs/wii/lib/libSDL.a(SDL_blit_A.o)
 .text.Blit16to16SurfaceAlpha128
                0x80026518      0x2a8 /opt/devkitpro/portlibs/wii/lib/libSDL.a(SDL_blit_A.o)
 .text.Blit565to565SurfaceAlpha
                0x800267c0      0x228 /opt/devkitpro/portlibs/wii/lib/libSDL.a(SDL_blit_A.o)
 .text.Blit555to555SurfaceAlpha
                0x800269e8      0x228 /opt/devkitpro/portlibs/wii/lib/libSDL.a(SDL_blit_A.o)
 .text.BlitARGBto565PixelAlpha
                0x80026c10      0x2f4 /opt/devkitpro/portlibs/wii/lib/libSDL.a(SDL_blit_A.o)
 .text.BlitARGBto555PixelAlpha
                0x80026f04      0x2f4 /opt/devkitpro/portlibs/wii/lib/libSDL.a(SDL_blit_A.o)
 .text.BlitNtoNSurfaceAlpha
                0x800271f8      0xb68 /opt/devkitpro/portlibs/wii/lib/libSDL.a(SDL_blit_A.o)
 .text.BlitNtoNSurfaceAlphaKey
                0x80027d60      0xac8 /opt/devkitpro/portlibs/wii/lib/libSDL.a(SDL_blit_A.o)
 .text.BlitNtoNPixelAlpha
                0x80028828      0xca4 /opt/devkitpro/portlibs/wii/lib/libSDL.a(SDL_blit_A.o)
 .text.SDL_CalculateAlphaBlit
                0x800294cc      0x228 /opt/devkitpro/portlibs/wii/lib/libSDL.a(SDL_blit_A.o)
                0x800294cc                SDL_CalculateAlphaBlit
 .text.__dsp_resumecallback
                0x800296f4        0x4 /opt/devkitpro/libogc/lib/wii/libaesnd.a(aesndlib.o)
 .text.__dsp_donecallback
                0x800296f8       0x14 /opt/devkitpro/libogc/lib/wii/libaesnd.a(aesndlib.o)
 .text.__dsp_initcallback
                0x8002970c       0x5c /opt/devkitpro/libogc/lib/wii/libaesnd.a(aesndlib.o)
 .text.__aesndfillbuffer.constprop.0
                0x80029768       0xbc /opt/devkitpro/libogc/lib/wii/libaesnd.a(aesndlib.o)
 .text.__dsp_requestcallback
                0x80029824      0x4cc /opt/devkitpro/libogc/lib/wii/libaesnd.a(aesndlib.o)
 .text.__audio_dma_callback
                0x80029cf0      0x2a4 /opt/devkitpro/libogc/lib/wii/libaesnd.a(aesndlib.o)
 .text.AESND_Init
                0x80029f94      0x1f8 /opt/devkitpro/libogc/lib/wii/libaesnd.a(aesndlib.o)
                0x80029f94                AESND_Init
 .text.AESND_Pause
                0x8002a18c       0x38 /opt/devkitpro/libogc/lib/wii/libaesnd.a(aesndlib.o)
                0x8002a18c                AESND_Pause
 .text.AESND_AllocateVoiceWithArg
                0x8002a1c4       0xcc /opt/devkitpro/libogc/lib/wii/libaesnd.a(aesndlib.o)
                0x8002a1c4                AESND_AllocateVoiceWithArg
 .text.AESND_FreeVoice
                0x8002a290       0x70 /opt/devkitpro/libogc/lib/wii/libaesnd.a(aesndlib.o)
                0x8002a290                AESND_FreeVoice
 .text.AESND_SetVoiceBuffer
                0x8002a300       0x44 /opt/devkitpro/libogc/lib/wii/libaesnd.a(aesndlib.o)
                0x8002a300                AESND_SetVoiceBuffer
 .text.AESND_SetVoiceFormat
                0x8002a344       0x94 /opt/devkitpro/libogc/lib/wii/libaesnd.a(aesndlib.o)
                0x8002a344                AESND_SetVoiceFormat
 .text.AESND_SetVoiceFrequency
                0x8002a3d8       0xc0 /opt/devkitpro/libogc/lib/wii/libaesnd.a(aesndlib.o)
                0x8002a3d8                AESND_SetVoiceFrequency
 .text.AESND_SetVoiceStream
                0x8002a498       0x6c /opt/devkitpro/libogc/lib/wii/libaesnd.a(aesndlib.o)
                0x8002a498                AESND_SetVoiceStream
 .text.AESND_SetVoiceStop
                0x8002a504       0x6c /opt/devkitpro/libogc/lib/wii/libaesnd.a(aesndlib.o)
                0x8002a504                AESND_SetVoiceStop
 .text.__wpad_assign_slot
                0x8002a570      0x254 /opt/devkitpro/libogc/lib/wii/libwiiuse.a(wpad.o)
                0x8002a570                __wpad_assign_slot
 .text.__wpad_def_powcb
                0x8002a7c4        0x4 /opt/devkitpro/libogc/lib/wii/libwiiuse.a(wpad.o)
 .text.__readlinkkey_finished
                0x8002a7c8       0x34 /opt/devkitpro/libogc/lib/wii/libwiiuse.a(wpad.o)
 .text.__wpad_patch_finished
                0x8002a7fc       0x2c /opt/devkitpro/libogc/lib/wii/libwiiuse.a(wpad.o)
 .text.__wpad_setfmt
                0x8002a828      0x14c /opt/devkitpro/libogc/lib/wii/libwiiuse.a(wpad.o)
 .text.__wpad_eventCB
                0x8002a974      0xad4 /opt/devkitpro/libogc/lib/wii/libwiiuse.a(wpad.o)
 .text.__wpad_disconnectCB
                0x8002b448       0xd4 /opt/devkitpro/libogc/lib/wii/libwiiuse.a(wpad.o)
                0x8002b448                __wpad_disconnectCB
 .text.__wpad_timeouthandler
                0x8002b51c       0xa8 /opt/devkitpro/libogc/lib/wii/libwiiuse.a(wpad.o)
 .text.__initcore_finished
                0x8002b5c4       0x48 /opt/devkitpro/libogc/lib/wii/libwiiuse.a(wpad.o)
 .text.__wpad_init_finished
                0x8002b60c      0x194 /opt/devkitpro/libogc/lib/wii/libwiiuse.a(wpad.o)
 .text.WPAD_ReadEvent
                0x8002b7a0      0x68c /opt/devkitpro/libogc/lib/wii/libwiiuse.a(wpad.o)
                0x8002b7a0                WPAD_ReadEvent
 .text.WPAD_ReadPending
                0x8002be2c      0x1a0 /opt/devkitpro/libogc/lib/wii/libwiiuse.a(wpad.o)
                0x8002be2c                WPAD_ReadPending
 .text.WPAD_SetDataFormat
                0x8002bfcc      0x18c /opt/devkitpro/libogc/lib/wii/libwiiuse.a(wpad.o)
                0x8002bfcc                WPAD_SetDataFormat
 .text.WPAD_SetVRes
                0x8002c158      0x164 /opt/devkitpro/libogc/lib/wii/libwiiuse.a(wpad.o)
                0x8002c158                WPAD_SetVRes
 .text.WPAD_SetPowerButtonCallback
                0x8002c2bc       0x68 /opt/devkitpro/libogc/lib/wii/libwiiuse.a(wpad.o)
                0x8002c2bc                WPAD_SetPowerButtonCallback
 .text.WPAD_Shutdown
                0x8002c324      0x114 /opt/devkitpro/libogc/lib/wii/libwiiuse.a(wpad.o)
                0x8002c324                WPAD_Shutdown
 .text.WPAD_Init
                0x8002c438      0x2c4 /opt/devkitpro/libogc/lib/wii/libwiiuse.a(wpad.o)
                0x8002c438                WPAD_Init
 .text.__wpad_onreset
                0x8002c6fc       0x34 /opt/devkitpro/libogc/lib/wii/libwiiuse.a(wpad.o)
 .text.WPAD_Data
                0x8002c730       0x24 /opt/devkitpro/libogc/lib/wii/libwiiuse.a(wpad.o)
                0x8002c730                WPAD_Data
 .text.motion_plus_disconnected
                0x8002c754       0x10 /opt/devkitpro/libogc/lib/wii/libwiiuse.a(motion_plus.o)
                0x8002c754                motion_plus_disconnected
 .text.motion_plus_event
                0x8002c764       0x64 /opt/devkitpro/libogc/lib/wii/libwiiuse.a(motion_plus.o)
                0x8002c764                motion_plus_event
 .text.calculate_gforce
                0x8002c7c8      0x114 /opt/devkitpro/libogc/lib/wii/libwiiuse.a(dynamics.o)
                0x8002c7c8                calculate_gforce
 .text.calc_joystick_state
                0x8002c8dc      0x210 /opt/devkitpro/libogc/lib/wii/libwiiuse.a(dynamics.o)
                0x8002c8dc                calc_joystick_state
 .text.apply_smoothing
                0x8002caec      0x140 /opt/devkitpro/libogc/lib/wii/libwiiuse.a(dynamics.o)
                0x8002caec                apply_smoothing
 .text.calculate_orientation
                0x8002cc2c      0x340 /opt/devkitpro/libogc/lib/wii/libwiiuse.a(dynamics.o)
                0x8002cc2c                calculate_orientation
 .text.calc_balanceboard_state
                0x8002cf6c      0x3a4 /opt/devkitpro/libogc/lib/wii/libwiiuse.a(dynamics.o)
                0x8002cf6c                calc_balanceboard_state
 .text.wiiuse_handshake
                0x8002d310      0x27c /opt/devkitpro/libogc/lib/wii/libwiiuse.a(io.o)
                0x8002d310                wiiuse_handshake
 .text.wiiuse_handshake_expansion
                0x8002d58c      0x1f0 /opt/devkitpro/libogc/lib/wii/libwiiuse.a(io.o)
                0x8002d58c                wiiuse_handshake_expansion
 .text.wiiuse_handshake_expansion_start
                0x8002d77c       0x5c /opt/devkitpro/libogc/lib/wii/libwiiuse.a(io.o)
                0x8002d77c                wiiuse_handshake_expansion_start
 .text.wiiuse_disable_expansion
                0x8002d7d8      0x1b0 /opt/devkitpro/libogc/lib/wii/libwiiuse.a(io.o)
                0x8002d7d8                wiiuse_disable_expansion
 .text.__wiiuse_connected
                0x8002d988       0x9c /opt/devkitpro/libogc/lib/wii/libwiiuse.a(io_wii.o)
 .text.__wiiuse_disconnected
                0x8002da24       0xb4 /opt/devkitpro/libogc/lib/wii/libwiiuse.a(io_wii.o)
 .text.__wiiuse_receive
                0x8002dad8       0xd0 /opt/devkitpro/libogc/lib/wii/libwiiuse.a(io_wii.o)
 .text.__wiiuse_sensorbar_enable
                0x8002dba8       0x54 /opt/devkitpro/libogc/lib/wii/libwiiuse.a(io_wii.o)
                0x8002dba8                __wiiuse_sensorbar_enable
 .text.wiiuse_register
                0x8002dbfc       0xf0 /opt/devkitpro/libogc/lib/wii/libwiiuse.a(io_wii.o)
                0x8002dbfc                wiiuse_register
 .text.wiiuse_disconnect
                0x8002dcec       0x24 /opt/devkitpro/libogc/lib/wii/libwiiuse.a(io_wii.o)
                0x8002dcec                wiiuse_disconnect
 .text.wiiuse_init_cmd_queue
                0x8002dd10       0x9c /opt/devkitpro/libogc/lib/wii/libwiiuse.a(io_wii.o)
                0x8002dd10                wiiuse_init_cmd_queue
 .text.wiiuse_io_write
                0x8002ddac       0x1c /opt/devkitpro/libogc/lib/wii/libwiiuse.a(io_wii.o)
                0x8002ddac                wiiuse_io_write
 .text.rotate_dots
                0x8002ddc8      0x13c /opt/devkitpro/libogc/lib/wii/libwiiuse.a(ir.o)
 .text.get_ir_sens.constprop.0.isra.0
                0x8002df04       0xdc /opt/devkitpro/libogc/lib/wii/libwiiuse.a(ir.o)
 .text.wiiuse_set_ir_mode
                0x8002dfe0       0x5c /opt/devkitpro/libogc/lib/wii/libwiiuse.a(ir.o)
                0x8002dfe0                wiiuse_set_ir_mode
 .text.wiiuse_set_ir
                0x8002e03c      0x204 /opt/devkitpro/libogc/lib/wii/libwiiuse.a(ir.o)
                0x8002e03c                wiiuse_set_ir
 .text.wiiuse_set_ir_vres
                0x8002e240       0x1c /opt/devkitpro/libogc/lib/wii/libwiiuse.a(ir.o)
                0x8002e240                wiiuse_set_ir_vres
 .text.wiiuse_set_ir_position
                0x8002e25c       0x80 /opt/devkitpro/libogc/lib/wii/libwiiuse.a(ir.o)
                0x8002e25c                wiiuse_set_ir_position
 .text.wiiuse_set_aspect_ratio
                0x8002e2dc       0xac /opt/devkitpro/libogc/lib/wii/libwiiuse.a(ir.o)
                0x8002e2dc                wiiuse_set_aspect_ratio
 .text.wiiuse_set_ir_sensitivity
                0x8002e388       0xe4 /opt/devkitpro/libogc/lib/wii/libwiiuse.a(ir.o)
                0x8002e388                wiiuse_set_ir_sensitivity
 .text.calculate_basic_ir
                0x8002e46c       0xe8 /opt/devkitpro/libogc/lib/wii/libwiiuse.a(ir.o)
                0x8002e46c                calculate_basic_ir
 .text.calculate_extended_ir
                0x8002e554       0x64 /opt/devkitpro/libogc/lib/wii/libwiiuse.a(ir.o)
                0x8002e554                calculate_extended_ir
 .text.find_sensorbar
                0x8002e5b8      0xa00 /opt/devkitpro/libogc/lib/wii/libwiiuse.a(ir.o)
                0x8002e5b8                find_sensorbar
 .text.apply_ir_smoothing
                0x8002efb8      0x124 /opt/devkitpro/libogc/lib/wii/libwiiuse.a(ir.o)
                0x8002efb8                apply_ir_smoothing
 .text.interpret_ir_data
                0x8002f0dc      0x3c8 /opt/devkitpro/libogc/lib/wii/libwiiuse.a(ir.o)
                0x8002f0dc                interpret_ir_data
 .text.nunchuk_handshake
                0x8002f4a4      0x31c /opt/devkitpro/libogc/lib/wii/libwiiuse.a(nunchuk.o)
                0x8002f4a4                nunchuk_handshake
 .text.nunchuk_disconnected
                0x8002f7c0        0xc /opt/devkitpro/libogc/lib/wii/libwiiuse.a(nunchuk.o)
                0x8002f7c0                nunchuk_disconnected
 .text.nunchuk_event
                0x8002f7cc       0xe8 /opt/devkitpro/libogc/lib/wii/libwiiuse.a(nunchuk.o)
                0x8002f7cc                nunchuk_event
 .text.wii_board_handshake
                0x8002f8b4      0x284 /opt/devkitpro/libogc/lib/wii/libwiiuse.a(wiiboard.o)
                0x8002f8b4                wii_board_handshake
 .text.wii_board_disconnected
                0x8002fb38        0xc /opt/devkitpro/libogc/lib/wii/libwiiuse.a(wiiboard.o)
                0x8002fb38                wii_board_disconnected
 .text.wii_board_event
                0x8002fb44       0x24 /opt/devkitpro/libogc/lib/wii/libwiiuse.a(wiiboard.o)
                0x8002fb44                wii_board_event
 .text.wiiuse_send_next_command
                0x8002fb68       0x58 /opt/devkitpro/libogc/lib/wii/libwiiuse.a(wiiuse.o)
                0x8002fb68                wiiuse_send_next_command
 .text.wiiuse_init
                0x8002fbc0      0x208 /opt/devkitpro/libogc/lib/wii/libwiiuse.a(wiiuse.o)
                0x8002fbc0                wiiuse_init
 .text.wiiuse_set_flags
                0x8002fdc8       0x28 /opt/devkitpro/libogc/lib/wii/libwiiuse.a(wiiuse.o)
                0x8002fdc8                wiiuse_set_flags
 .text.wiiuse_read_data
                0x8002fdf0      0x154 /opt/devkitpro/libogc/lib/wii/libwiiuse.a(wiiuse.o)
                0x8002fdf0                wiiuse_read_data
 .text.wiiuse_write_data
                0x8002ff44      0x18c /opt/devkitpro/libogc/lib/wii/libwiiuse.a(wiiuse.o)
                0x8002ff44                wiiuse_write_data
 .text.wiiuse_sendcmd
                0x800300d0      0x144 /opt/devkitpro/libogc/lib/wii/libwiiuse.a(wiiuse.o)
                0x800300d0                wiiuse_sendcmd
 .text.wiiuse_set_leds
                0x80030214       0x50 /opt/devkitpro/libogc/lib/wii/libwiiuse.a(wiiuse.o)
                0x80030214                wiiuse_set_leds
 .text.wiiuse_set_report_type
                0x80030264       0xb0 /opt/devkitpro/libogc/lib/wii/libwiiuse.a(wiiuse.o)
                0x80030264                wiiuse_set_report_type
 .text.wiiuse_status
                0x80030314       0x4c /opt/devkitpro/libogc/lib/wii/libwiiuse.a(wiiuse.o)
                0x80030314                wiiuse_status
 .text.wiiuse_motion_sensing
                0x80030360       0x84 /opt/devkitpro/libogc/lib/wii/libwiiuse.a(wiiuse.o)
                0x80030360                wiiuse_motion_sensing
 .text.wiiuse_set_speaker
                0x800303e4      0x24c /opt/devkitpro/libogc/lib/wii/libwiiuse.a(speaker.o)
                0x800303e4                wiiuse_set_speaker
 .text.classic_ctrl_handshake
                0x80030630      0x410 /opt/devkitpro/libogc/lib/wii/libwiiuse.a(classic.o)
                0x80030630                classic_ctrl_handshake
 .text.classic_ctrl_disconnected
                0x80030a40        0xc /opt/devkitpro/libogc/lib/wii/libwiiuse.a(classic.o)
                0x80030a40                classic_ctrl_disconnected
 .text.classic_ctrl_event
                0x80030a4c      0x15c /opt/devkitpro/libogc/lib/wii/libwiiuse.a(classic.o)
                0x80030a4c                classic_ctrl_event
 .text.handle_expansion
                0x80030ba8       0x54 /opt/devkitpro/libogc/lib/wii/libwiiuse.a(events.o)
 .text.parse_event
                0x80030bfc      0x730 /opt/devkitpro/libogc/lib/wii/libwiiuse.a(events.o)
                0x80030bfc                parse_event
 .text.guitar_hero_3_handshake
                0x8003132c       0x5c /opt/devkitpro/libogc/lib/wii/libwiiuse.a(guitar_hero_3.o)
                0x8003132c                guitar_hero_3_handshake
 .text.guitar_hero_3_disconnected
                0x80031388        0xc /opt/devkitpro/libogc/lib/wii/libwiiuse.a(guitar_hero_3.o)
                0x80031388                guitar_hero_3_disconnected
 .text.guitar_hero_3_event
                0x80031394       0x60 /opt/devkitpro/libogc/lib/wii/libwiiuse.a(guitar_hero_3.o)
                0x80031394                guitar_hero_3_event
 .text.acl_wlp_completed
                0x800313f4        0x8 /opt/devkitpro/libogc/lib/wii/libbte.a(bte.o)
                0x800313f4                acl_wlp_completed
 .text.bt_alarmhandler
                0x800313fc       0x58 /opt/devkitpro/libogc/lib/wii/libbte.a(bte.o)
 .text.__bte_send_pending_request
                0x80031454      0x108 /opt/devkitpro/libogc/lib/wii/libbte.a(bte.o)
 .text.acl_conn_complete
                0x8003155c       0x2c /opt/devkitpro/libogc/lib/wii/libbte.a(bte.o)
                0x8003155c                acl_conn_complete
 .text.l2cap_accepted
                0x80031588      0x134 /opt/devkitpro/libogc/lib/wii/libbte.a(bte.o)
                0x80031588                l2cap_accepted
 .text.l2cap_disconnect_cfm
                0x800316bc      0x19c /opt/devkitpro/libogc/lib/wii/libbte.a(bte.o)
                0x800316bc                l2cap_disconnect_cfm
 .text.bte_process_input
                0x80031858      0x128 /opt/devkitpro/libogc/lib/wii/libbte.a(bte.o)
 .text.l2cap_disconnected_ind
                0x80031980      0x1a4 /opt/devkitpro/libogc/lib/wii/libbte.a(bte.o)
                0x80031980                l2cap_disconnected_ind
 .text.__bte_shutdown_finished
                0x80031b24       0xe0 /opt/devkitpro/libogc/lib/wii/libbte.a(bte.o)
 .text.bte_hci_apply_patch_complete
                0x80031c04      0x164 /opt/devkitpro/libogc/lib/wii/libbte.a(bte.o)
                0x80031c04                bte_hci_apply_patch_complete
 .text.bte_hci_patch_complete
                0x80031d68      0x380 /opt/devkitpro/libogc/lib/wii/libbte.a(bte.o)
                0x80031d68                bte_hci_patch_complete
 .text.bte_hci_initcore_complete
                0x800320e8      0x280 /opt/devkitpro/libogc/lib/wii/libbte.a(bte.o)
                0x800320e8                bte_hci_initcore_complete
 .text.bte_read_stored_link_key_complete
                0x80032368      0x27c /opt/devkitpro/libogc/lib/wii/libbte.a(bte.o)
                0x80032368                bte_read_stored_link_key_complete
 .text.bte_hci_initcore_complete2
                0x800325e4      0x22c /opt/devkitpro/libogc/lib/wii/libbte.a(bte.o)
 .text.bte_hci_initsub_complete
                0x80032810      0x280 /opt/devkitpro/libogc/lib/wii/libbte.a(bte.o)
                0x80032810                bte_hci_initsub_complete
 .text.BTE_Init
                0x80032a90      0x138 /opt/devkitpro/libogc/lib/wii/libbte.a(bte.o)
                0x80032a90                BTE_Init
 .text.BTE_Shutdown
                0x80032bc8      0x100 /opt/devkitpro/libogc/lib/wii/libbte.a(bte.o)
                0x80032bc8                BTE_Shutdown
 .text.BTE_InitCore
                0x80032cc8       0x8c /opt/devkitpro/libogc/lib/wii/libbte.a(bte.o)
                0x80032cc8                BTE_InitCore
 .text.BTE_ApplyPatch
                0x80032d54       0xa4 /opt/devkitpro/libogc/lib/wii/libbte.a(bte.o)
                0x80032d54                BTE_ApplyPatch
 .text.BTE_InitSub
                0x80032df8       0x90 /opt/devkitpro/libogc/lib/wii/libbte.a(bte.o)
                0x80032df8                BTE_InitSub
 .text.BTE_ReadStoredLinkKey
                0x80032e88       0x90 /opt/devkitpro/libogc/lib/wii/libbte.a(bte.o)
                0x80032e88                BTE_ReadStoredLinkKey
 .text.BTE_SetDisconnectCallback
                0x80032f18        0x4 /opt/devkitpro/libogc/lib/wii/libbte.a(bte.o)
                0x80032f18                BTE_SetDisconnectCallback
 .text.bte_new  0x80032f1c       0x54 /opt/devkitpro/libogc/lib/wii/libbte.a(bte.o)
                0x80032f1c                bte_new
 .text.bte_registerdeviceasync
                0x80032f70      0x158 /opt/devkitpro/libogc/lib/wii/libbte.a(bte.o)
                0x80032f70                bte_registerdeviceasync
 .text.bte_disconnect
                0x800330c8       0xd8 /opt/devkitpro/libogc/lib/wii/libbte.a(bte.o)
                0x800330c8                bte_disconnect
 .text.bte_senddata
                0x800331a0      0x104 /opt/devkitpro/libogc/lib/wii/libbte.a(bte.o)
                0x800331a0                bte_senddata
 .text.bte_arg  0x800332a4       0x38 /opt/devkitpro/libogc/lib/wii/libbte.a(bte.o)
                0x800332a4                bte_arg
 .text.bte_received
                0x800332dc       0x38 /opt/devkitpro/libogc/lib/wii/libbte.a(bte.o)
                0x800332dc                bte_received
 .text.bte_disconnected
                0x80033314       0x38 /opt/devkitpro/libogc/lib/wii/libbte.a(bte.o)
                0x80033314                bte_disconnected
 .text.hci_get_link
                0x8003334c       0x84 /opt/devkitpro/libogc/lib/wii/libbte.a(hci.o)
 .text.hci_init
                0x800333d0       0x80 /opt/devkitpro/libogc/lib/wii/libbte.a(hci.o)
                0x800333d0                hci_init
 .text.hci_close
                0x80033450       0xd0 /opt/devkitpro/libogc/lib/wii/libbte.a(hci.o)
                0x80033450                hci_close
 .text.hci_reset_all
                0x80033520       0xb8 /opt/devkitpro/libogc/lib/wii/libbte.a(hci.o)
                0x80033520                hci_reset_all
 .text.hci_arg  0x800335d8        0xc /opt/devkitpro/libogc/lib/wii/libbte.a(hci.o)
                0x800335d8                hci_arg
 .text.hci_cmd_complete
                0x800335e4        0xc /opt/devkitpro/libogc/lib/wii/libbte.a(hci.o)
                0x800335e4                hci_cmd_complete
 .text.hci_connection_complete
                0x800335f0        0xc /opt/devkitpro/libogc/lib/wii/libbte.a(hci.o)
                0x800335f0                hci_connection_complete
 .text.hci_wlp_complete
                0x800335fc        0xc /opt/devkitpro/libogc/lib/wii/libbte.a(hci.o)
                0x800335fc                hci_wlp_complete
 .text.hci_reset
                0x80033608       0xac /opt/devkitpro/libogc/lib/wii/libbte.a(hci.o)
                0x80033608                hci_reset
 .text.hci_read_buffer_size
                0x800336b4       0xac /opt/devkitpro/libogc/lib/wii/libbte.a(hci.o)
                0x800336b4                hci_read_buffer_size
 .text.hci_read_bd_addr
                0x80033760       0xac /opt/devkitpro/libogc/lib/wii/libbte.a(hci.o)
                0x80033760                hci_read_bd_addr
 .text.hci_read_local_version
                0x8003380c       0xa8 /opt/devkitpro/libogc/lib/wii/libbte.a(hci.o)
                0x8003380c                hci_read_local_version
 .text.hci_read_local_features
                0x800338b4       0xac /opt/devkitpro/libogc/lib/wii/libbte.a(hci.o)
                0x800338b4                hci_read_local_features
 .text.hci_read_stored_link_key
                0x80033960      0x100 /opt/devkitpro/libogc/lib/wii/libbte.a(hci.o)
                0x80033960                hci_read_stored_link_key
 .text.hci_write_page_timeout
                0x80033a60       0xd0 /opt/devkitpro/libogc/lib/wii/libbte.a(hci.o)
                0x80033a60                hci_write_page_timeout
 .text.hci_write_scan_enable
                0x80033b30       0xbc /opt/devkitpro/libogc/lib/wii/libbte.a(hci.o)
                0x80033b30                hci_write_scan_enable
 .text.hci_accecpt_conn_request
                0x80033bec       0xe0 /opt/devkitpro/libogc/lib/wii/libbte.a(hci.o)
                0x80033bec                hci_accecpt_conn_request
 .text.hci_write_local_name
                0x80033ccc       0xd8 /opt/devkitpro/libogc/lib/wii/libbte.a(hci.o)
                0x80033ccc                hci_write_local_name
 .text.hci_write_pin_type
                0x80033da4       0xbc /opt/devkitpro/libogc/lib/wii/libbte.a(hci.o)
                0x80033da4                hci_write_pin_type
 .text.hci_write_inquiry_mode
                0x80033e60       0xbc /opt/devkitpro/libogc/lib/wii/libbte.a(hci.o)
                0x80033e60                hci_write_inquiry_mode
 .text.hci_write_page_scan_type
                0x80033f1c       0xbc /opt/devkitpro/libogc/lib/wii/libbte.a(hci.o)
                0x80033f1c                hci_write_page_scan_type
 .text.hci_write_inquiry_scan_type
                0x80033fd8       0xbc /opt/devkitpro/libogc/lib/wii/libbte.a(hci.o)
                0x80033fd8                hci_write_inquiry_scan_type
 .text.hci_vendor_specific_command
                0x80034094       0xe8 /opt/devkitpro/libogc/lib/wii/libbte.a(hci.o)
                0x80034094                hci_vendor_specific_command
 .text.hci_write_link_policy_settings
                0x8003417c      0x104 /opt/devkitpro/libogc/lib/wii/libbte.a(hci.o)
                0x8003417c                hci_write_link_policy_settings
 .text.hci_pin_code_request_neg_reply
                0x80034280       0xcc /opt/devkitpro/libogc/lib/wii/libbte.a(hci.o)
                0x80034280                hci_pin_code_request_neg_reply
 .text.hci_link_key_req_neg_reply
                0x8003434c       0xcc /opt/devkitpro/libogc/lib/wii/libbte.a(hci.o)
                0x8003434c                hci_link_key_req_neg_reply
 .text.hci_disconnect
                0x80034418       0xfc /opt/devkitpro/libogc/lib/wii/libbte.a(hci.o)
                0x80034418                hci_disconnect
 .text.hci_write_cod
                0x80034514       0xcc /opt/devkitpro/libogc/lib/wii/libbte.a(hci.o)
                0x80034514                hci_write_cod
 .text.hci_host_buffer_size
                0x800345e0      0x10c /opt/devkitpro/libogc/lib/wii/libbte.a(hci.o)
                0x800345e0                hci_host_buffer_size
 .text.hci_host_num_comp_packets
                0x800346ec      0x108 /opt/devkitpro/libogc/lib/wii/libbte.a(hci.o)
                0x800346ec                hci_host_num_comp_packets
 .text.lp_pdu_maxsize
                0x800347f4        0xc /opt/devkitpro/libogc/lib/wii/libbte.a(hci.o)
                0x800347f4                lp_pdu_maxsize
 .text.lp_acl_write
                0x80034800      0x158 /opt/devkitpro/libogc/lib/wii/libbte.a(hci.o)
                0x80034800                lp_acl_write
 .text.lp_write_flush_timeout
                0x80034958      0x104 /opt/devkitpro/libogc/lib/wii/libbte.a(hci.o)
                0x80034958                lp_write_flush_timeout
 .text.hci_event_handler
                0x80034a5c      0xc7c /opt/devkitpro/libogc/lib/wii/libbte.a(hci.o)
                0x80034a5c                hci_event_handler
 .text.hci_acldata_handler
                0x800356d8      0x11c /opt/devkitpro/libogc/lib/wii/libbte.a(hci.o)
                0x800356d8                hci_acldata_handler
 .text.l2cap_init
                0x800357f4       0x60 /opt/devkitpro/libogc/lib/wii/libbte.a(l2cap.o)
                0x800357f4                l2cap_init
 .text.l2cap_write
                0x80035854      0x1a0 /opt/devkitpro/libogc/lib/wii/libbte.a(l2cap.o)
                0x80035854                l2cap_write
 .text.l2cap_new
                0x800359f4       0x60 /opt/devkitpro/libogc/lib/wii/libbte.a(l2cap.o)
                0x800359f4                l2cap_new
 .text.l2cap_close
                0x80035a54      0x1d4 /opt/devkitpro/libogc/lib/wii/libbte.a(l2cap.o)
                0x80035a54                l2cap_close
 .text.l2cap_reset_all
                0x80035c28      0x154 /opt/devkitpro/libogc/lib/wii/libbte.a(l2cap.o)
                0x80035c28                l2cap_reset_all
 .text.l2cap_signal
                0x80035d7c      0x204 /opt/devkitpro/libogc/lib/wii/libbte.a(l2cap.o)
                0x80035d7c                l2cap_signal
 .text.l2ca_config_req
                0x80035f80      0x158 /opt/devkitpro/libogc/lib/wii/libbte.a(l2cap.o)
                0x80035f80                l2ca_config_req
 .text.l2ca_disconnect_req
                0x800360d8       0xcc /opt/devkitpro/libogc/lib/wii/libbte.a(l2cap.o)
                0x800360d8                l2ca_disconnect_req
 .text.l2cap_tmr
                0x800361a4      0x260 /opt/devkitpro/libogc/lib/wii/libbte.a(l2cap.o)
                0x800361a4                l2cap_tmr
 .text.l2cap_process_sig
                0x80036404     0x1334 /opt/devkitpro/libogc/lib/wii/libbte.a(l2cap.o)
                0x80036404                l2cap_process_sig
 .text.l2cap_input
                0x80037738      0x578 /opt/devkitpro/libogc/lib/wii/libbte.a(l2cap.o)
                0x80037738                l2cap_input
 .text.l2ca_datawrite
                0x80037cb0      0x128 /opt/devkitpro/libogc/lib/wii/libbte.a(l2cap.o)
                0x80037cb0                l2ca_datawrite
 .text.lp_connect_cfm
                0x80037dd8      0x184 /opt/devkitpro/libogc/lib/wii/libbte.a(l2cap.o)
                0x80037dd8                lp_connect_cfm
 .text.lp_connect_ind
                0x80037f5c        0x4 /opt/devkitpro/libogc/lib/wii/libbte.a(l2cap.o)
                0x80037f5c                lp_connect_ind
 .text.lp_disconnect_ind
                0x80037f60      0x124 /opt/devkitpro/libogc/lib/wii/libbte.a(l2cap.o)
                0x80037f60                lp_disconnect_ind
 .text.l2cap_disconnect_bb
                0x80038084       0x10 /opt/devkitpro/libogc/lib/wii/libbte.a(l2cap.o)
                0x80038084                l2cap_disconnect_bb
 .text.l2cap_arg
                0x80038094        0x8 /opt/devkitpro/libogc/lib/wii/libbte.a(l2cap.o)
                0x80038094                l2cap_arg
 .text.l2cap_connect_ind
                0x8003809c      0x104 /opt/devkitpro/libogc/lib/wii/libbte.a(l2cap.o)
                0x8003809c                l2cap_connect_ind
 .text.l2cap_disconnect_ind
                0x800381a0        0x8 /opt/devkitpro/libogc/lib/wii/libbte.a(l2cap.o)
                0x800381a0                l2cap_disconnect_ind
 .text.l2cap_recv
                0x800381a8        0x8 /opt/devkitpro/libogc/lib/wii/libbte.a(l2cap.o)
                0x800381a8                l2cap_recv
 .text.btmemb_init
                0x800381b0       0x24 /opt/devkitpro/libogc/lib/wii/libbte.a(btmemb.o)
                0x800381b0                btmemb_init
 .text.btmemb_alloc
                0x800381d4       0x98 /opt/devkitpro/libogc/lib/wii/libbte.a(btmemb.o)
                0x800381d4                btmemb_alloc
 .text.btmemb_free
                0x8003826c      0x114 /opt/devkitpro/libogc/lib/wii/libbte.a(btmemb.o)
                0x8003826c                btmemb_free
 .text.plug_holes
                0x80038380       0xac /opt/devkitpro/libogc/lib/wii/libbte.a(btmemr.o)
 .text.btmemr_init
                0x8003842c       0xa4 /opt/devkitpro/libogc/lib/wii/libbte.a(btmemr.o)
                0x8003842c                btmemr_init
 .text.btmemr_malloc
                0x800384d0      0x17c /opt/devkitpro/libogc/lib/wii/libbte.a(btmemr.o)
                0x800384d0                btmemr_malloc
 .text.btmemr_free
                0x8003864c       0x98 /opt/devkitpro/libogc/lib/wii/libbte.a(btmemr.o)
                0x8003864c                btmemr_free
 .text.btmemr_realloc
                0x800386e4      0x108 /opt/devkitpro/libogc/lib/wii/libbte.a(btmemr.o)
                0x800386e4                btmemr_realloc
 .text.btpbuf_init
                0x800387ec       0x28 /opt/devkitpro/libogc/lib/wii/libbte.a(btpbuf.o)
                0x800387ec                btpbuf_init
 .text.btpbuf_free
                0x80038814      0x11c /opt/devkitpro/libogc/lib/wii/libbte.a(btpbuf.o)
                0x80038814                btpbuf_free
 .text.btpbuf_alloc
                0x80038930      0x250 /opt/devkitpro/libogc/lib/wii/libbte.a(btpbuf.o)
                0x80038930                btpbuf_alloc
 .text.btpbuf_realloc
                0x80038b80      0x110 /opt/devkitpro/libogc/lib/wii/libbte.a(btpbuf.o)
                0x80038b80                btpbuf_realloc
 .text.btpbuf_header
                0x80038c90       0x84 /opt/devkitpro/libogc/lib/wii/libbte.a(btpbuf.o)
                0x80038c90                btpbuf_header
 .text.btpbuf_ref
                0x80038d14       0x48 /opt/devkitpro/libogc/lib/wii/libbte.a(btpbuf.o)
                0x80038d14                btpbuf_ref
 .text.btpbuf_chain
                0x80038d5c       0x9c /opt/devkitpro/libogc/lib/wii/libbte.a(btpbuf.o)
                0x80038d5c                btpbuf_chain
 .text.btpbuf_dechain
                0x80038df8       0x7c /opt/devkitpro/libogc/lib/wii/libbte.a(btpbuf.o)
                0x80038df8                btpbuf_dechain
 .text.btpbuf_take
                0x80038e74      0x13c /opt/devkitpro/libogc/lib/wii/libbte.a(btpbuf.o)
                0x80038e74                btpbuf_take
 .text.__usb_closeCB
                0x80038fb0       0x10 /opt/devkitpro/libogc/lib/wii/libbte.a(physbusif.o)
 .text.__writebulkmsgCB
                0x80038fc0       0x3c /opt/devkitpro/libogc/lib/wii/libbte.a(physbusif.o)
 .text.__writectrlmsgCB
                0x80038ffc       0x3c /opt/devkitpro/libogc/lib/wii/libbte.a(physbusif.o)
 .text.__issue_intrread.part.0
                0x80039038       0x80 /opt/devkitpro/libogc/lib/wii/libbte.a(physbusif.o)
 .text.__readintrdataCB
                0x800390b8      0x148 /opt/devkitpro/libogc/lib/wii/libbte.a(physbusif.o)
 .text.__issue_bulkread.part.0
                0x80039200       0x80 /opt/devkitpro/libogc/lib/wii/libbte.a(physbusif.o)
 .text.__readbulkdataCB
                0x80039280      0x148 /opt/devkitpro/libogc/lib/wii/libbte.a(physbusif.o)
 .text.physbusif_init
                0x800393c8      0x1ec /opt/devkitpro/libogc/lib/wii/libbte.a(physbusif.o)
                0x800393c8                physbusif_init
 .text.physbusif_close
                0x800395b4       0x20 /opt/devkitpro/libogc/lib/wii/libbte.a(physbusif.o)
                0x800395b4                physbusif_close
 .text.physbusif_shutdown
                0x800395d4       0x24 /opt/devkitpro/libogc/lib/wii/libbte.a(physbusif.o)
                0x800395d4                physbusif_shutdown
 .text.physbusif_reset_all
                0x800395f8        0x4 /opt/devkitpro/libogc/lib/wii/libbte.a(physbusif.o)
                0x800395f8                physbusif_reset_all
 .text.physbusif_output
                0x800395fc      0x1c4 /opt/devkitpro/libogc/lib/wii/libbte.a(physbusif.o)
                0x800395fc                physbusif_output
 .text._keyboardRead
                0x800397c0       0xb0 /opt/devkitpro/libogc/lib/wii/libwiikeyboard.a(keyboard.o)
 .text._kbd_buf_thread_func
                0x80039870       0xe8 /opt/devkitpro/libogc/lib/wii/libwiikeyboard.a(keyboard.o)
 .text._kbd_thread_func
                0x80039958      0x198 /opt/devkitpro/libogc/lib/wii/libwiikeyboard.a(keyboard.o)
 .text._kbd_event_cb
                0x80039af0      0x750 /opt/devkitpro/libogc/lib/wii/libwiikeyboard.a(keyboard.o)
 .text.KEYBOARD_Init
                0x8003a240      0x53c /opt/devkitpro/libogc/lib/wii/libwiikeyboard.a(keyboard.o)
                0x8003a240                KEYBOARD_Init
 .text.KEYBOARD_GetEvent
                0x8003a77c       0x74 /opt/devkitpro/libogc/lib/wii/libwiikeyboard.a(keyboard.o)
                0x8003a77c                KEYBOARD_GetEvent
 .text.wskbd_compose_value
                0x8003a7f0      0x198 /opt/devkitpro/libogc/lib/wii/libwiikeyboard.a(wskbdutil.o)
                0x8003a7f0                wskbd_compose_value
 .text.ksym_upcase
                0x8003a988       0x4c /opt/devkitpro/libogc/lib/wii/libwiikeyboard.a(wskbdutil.o)
                0x8003a988                ksym_upcase
 .text.fillmapentry
                0x8003a9d4      0x11c /opt/devkitpro/libogc/lib/wii/libwiikeyboard.a(wskbdutil.o)
                0x8003a9d4                fillmapentry
 .text.wskbd_get_mapentry
                0x8003aaf0      0x200 /opt/devkitpro/libogc/lib/wii/libwiikeyboard.a(wskbdutil.o)
                0x8003aaf0                wskbd_get_mapentry
 .text.wskbd_init_keymap
                0x8003acf0       0xd4 /opt/devkitpro/libogc/lib/wii/libwiikeyboard.a(wskbdutil.o)
                0x8003acf0                wskbd_init_keymap
 .text.wskbd_load_keymap
                0x8003adc4      0x34c /opt/devkitpro/libogc/lib/wii/libwiikeyboard.a(wskbdutil.o)
                0x8003adc4                wskbd_load_keymap
 .text._get_protocol
                0x8003b110       0x98 /opt/devkitpro/libogc/lib/wii/libwiikeyboard.a(usbkeyboard.o)
 .text._set_output_report
                0x8003b1a8       0xa4 /opt/devkitpro/libogc/lib/wii/libwiikeyboard.a(usbkeyboard.o)
 .text._disconnect
                0x8003b24c       0x5c /opt/devkitpro/libogc/lib/wii/libwiikeyboard.a(usbkeyboard.o)
 .text.USBKeyboard_Initialize
                0x8003b2a8       0x50 /opt/devkitpro/libogc/lib/wii/libwiikeyboard.a(usbkeyboard.o)
                0x8003b2a8                USBKeyboard_Initialize
 .text.USBKeyboard_Deinitialize
                0x8003b2f8        0x8 /opt/devkitpro/libogc/lib/wii/libwiikeyboard.a(usbkeyboard.o)
                0x8003b2f8                USBKeyboard_Deinitialize
 .text.USBKeyboard_Close
                0x8003b300       0x78 /opt/devkitpro/libogc/lib/wii/libwiikeyboard.a(usbkeyboard.o)
                0x8003b300                USBKeyboard_Close
 .text.USBKeyboard_Open
                0x8003b378      0x498 /opt/devkitpro/libogc/lib/wii/libwiikeyboard.a(usbkeyboard.o)
                0x8003b378                USBKeyboard_Open
 .text.USBKeyboard_IsConnected
                0x8003b810       0x24 /opt/devkitpro/libogc/lib/wii/libwiikeyboard.a(usbkeyboard.o)
                0x8003b810                USBKeyboard_IsConnected
 .text.USBKeyboard_Scan
                0x8003b834      0x298 /opt/devkitpro/libogc/lib/wii/libwiikeyboard.a(usbkeyboard.o)
                0x8003b834                USBKeyboard_Scan
 .text.USBKeyboard_SetLed
                0x8003bacc       0x60 /opt/devkitpro/libogc/lib/wii/libwiikeyboard.a(usbkeyboard.o)
                0x8003bacc                USBKeyboard_SetLed
 .text.fatMount
                0x8003bb2c      0x118 /opt/devkitpro/libogc/lib/wii/libfat.a(libfat.o)
                0x8003bb2c                fatMount
 .text.fatInit  0x8003bc44      0x190 /opt/devkitpro/libogc/lib/wii/libfat.a(libfat.o)
                0x8003bc44                fatInit
 .text.fatInitDefault
                0x8003bdd4        0xc /opt/devkitpro/libogc/lib/wii/libfat.a(libfat.o)
                0x8003bdd4                fatInitDefault
 .text.u8array_to_u16
                0x8003bde0       0x14 /opt/devkitpro/libogc/lib/wii/libfat.a(directory.o)
 .text._FAT_directory_entryGetAlias
                0x8003bdf4      0x11c /opt/devkitpro/libogc/lib/wii/libfat.a(directory.o)
 .text._FAT_directory_incrementDirEntryPosition
                0x8003bf10       0xf4 /opt/devkitpro/libogc/lib/wii/libfat.a(directory.o)
 .text._FAT_directory_mbsncasecmp
                0x8003c004       0xe8 /opt/devkitpro/libogc/lib/wii/libfat.a(directory.o)
 .text._FAT_fat_clusterToSector
                0x8003c0ec       0x28 /opt/devkitpro/libogc/lib/wii/libfat.a(directory.o)
 .text._FAT_directory_ucs2tombs.constprop.0
                0x8003c114       0xd8 /opt/devkitpro/libogc/lib/wii/libfat.a(directory.o)
 .text._FAT_directory_entryGetCluster
                0x8003c1ec       0x4c /opt/devkitpro/libogc/lib/wii/libfat.a(directory.o)
                0x8003c1ec                _FAT_directory_entryGetCluster
 .text._FAT_directory_getNextEntry
                0x8003c238      0x2cc /opt/devkitpro/libogc/lib/wii/libfat.a(directory.o)
                0x8003c238                _FAT_directory_getNextEntry
 .text._FAT_directory_getFirstEntry
                0x8003c504       0x24 /opt/devkitpro/libogc/lib/wii/libfat.a(directory.o)
                0x8003c504                _FAT_directory_getFirstEntry
 .text._FAT_directory_entryExists
                0x8003c528       0xc8 /opt/devkitpro/libogc/lib/wii/libfat.a(directory.o)
 .text._FAT_directory_getRootEntry
                0x8003c5f0       0xa0 /opt/devkitpro/libogc/lib/wii/libfat.a(directory.o)
                0x8003c5f0                _FAT_directory_getRootEntry
 .text._FAT_directory_entryFromPosition
                0x8003c690      0x1d0 /opt/devkitpro/libogc/lib/wii/libfat.a(directory.o)
                0x8003c690                _FAT_directory_entryFromPosition
 .text._FAT_directory_entryFromPath
                0x8003c860      0x26c /opt/devkitpro/libogc/lib/wii/libfat.a(directory.o)
                0x8003c860                _FAT_directory_entryFromPath
 .text._FAT_directory_removeEntry
                0x8003cacc      0x100 /opt/devkitpro/libogc/lib/wii/libfat.a(directory.o)
                0x8003cacc                _FAT_directory_removeEntry
 .text._FAT_directory_addEntry
                0x8003cbcc      0x940 /opt/devkitpro/libogc/lib/wii/libfat.a(directory.o)
                0x8003cbcc                _FAT_directory_addEntry
 .text._FAT_directory_chdir
                0x8003d50c       0x60 /opt/devkitpro/libogc/lib/wii/libfat.a(directory.o)
                0x8003d50c                _FAT_directory_chdir
 .text._FAT_directory_entryStat
                0x8003d56c      0x140 /opt/devkitpro/libogc/lib/wii/libfat.a(directory.o)
                0x8003d56c                _FAT_directory_entryStat
 .text._FAT_filetime_getTimeFromRTC
                0x8003d6ac       0x84 /opt/devkitpro/libogc/lib/wii/libfat.a(filetime.o)
                0x8003d6ac                _FAT_filetime_getTimeFromRTC
 .text._FAT_filetime_getDateFromRTC
                0x8003d730       0x84 /opt/devkitpro/libogc/lib/wii/libfat.a(filetime.o)
                0x8003d730                _FAT_filetime_getDateFromRTC
 .text._FAT_filetime_to_time_t
                0x8003d7b4       0x64 /opt/devkitpro/libogc/lib/wii/libfat.a(filetime.o)
                0x8003d7b4                _FAT_filetime_to_time_t
 .text._FAT_fat_writeFatEntry.isra.0