Archive member included to satisfy reference by file (symbol)

/opt/devkitpro/portlibs/wii/lib/libSDLmain.a(SDL_wii_main.o)
                              /opt/devkitpro/devkitPPC/bin/../lib/gcc/powerpc-eabi/15.1.0/../../../../powerpc-eabi/lib/crtmain.o (main)
/opt/devkitpro/portlibs/wii/lib/libSDL.a(SDL.o)
                              /opt/devkitpro/portlibs/wii/lib/libSDLmain.a(SDL_wii_main.o) (SDL_Quit)
/opt/devkitpro/portlibs/wii/lib/libSDL.a(SDL_error.o)
                              /opt/devkitpro/portlibs/wii/lib/libSDL.a(SDL.o) (SDL_SetError)
/opt/devkitpro/portlibs/wii/lib/libSDL.a(SDL_fatal.o)
                              /opt/devkitpro/portlibs/wii/lib/libSDL.a(SDL.o) (SDL_InstallParachute)
/opt/devkitpro/portlibs/wii/lib/libSDL.a(SDL_audio.o)
                              /opt/devkitpro/portlibs/wii/lib/libSDL.a(SDL.o) (SDL_AudioQuit)
/opt/devkitpro/portlibs/wii/lib/libSDL.a(SDL_audiocvt.o)
                              /opt/devkitpro/portlibs/wii/lib/libSDL.a(SDL_audio.o) (SDL_ConvertAudio)
/opt/devkitpro/portlibs/wii/lib/libSDL.a(SDL_events.o)
                              zx81.o (SDL_PollEvent)
/opt/devkitpro/portlibs/wii/lib/libSDL.a(SDL_keyboard.o)
                              /opt/devkitpro/portlibs/wii/lib/libSDL.a(SDL_events.o) (SDL_KeyboardInit)
/opt/devkitpro/portlibs/wii/lib/libSDL.a(SDL_mouse.o)
                              /opt/devkitpro/portlibs/wii/lib/libSDL.a(SDL_events.o) (SDL_MouseInit)
/opt/devkitpro/portlibs/wii/lib/libSDL.a(SDL_quit.o)
                              /opt/devkitpro/portlibs/wii/lib/libSDL.a(SDL_events.o) (SDL_QuitInit)
/opt/devkitpro/portlibs/wii/lib/libSDL.a(SDL_thread.o)
                              /opt/devkitpro/portlibs/wii/lib/libSDL.a(SDL_error.o) (SDL_GetErrBuf)
/opt/devkitpro/portlibs/wii/lib/libSDL.a(SDL_timer.o)
                              /opt/devkitpro/portlibs/wii/lib/libSDL.a(SDL_events.o) (SDL_timer_running)
/opt/devkitpro/portlibs/wii/lib/libSDL.a(SDL_cursor.o)
                              /opt/devkitpro/portlibs/wii/lib/libSDL.a(SDL_mouse.o) (SDL_MoveCursor)
/opt/devkitpro/portlibs/wii/lib/libSDL.a(SDL_pixels.o)
                              zx81.o (SDL_MapRGB)
/opt/devkitpro/portlibs/wii/lib/libSDL.a(SDL_surface.o)
                              zx81.o (SDL_UpperBlit)
/opt/devkitpro/portlibs/wii/lib/libSDL.a(SDL_video.o)
                              /opt/devkitpro/portlibs/wii/lib/libSDL.a(SDL_events.o) (current_video)
/opt/devkitpro/portlibs/wii/lib/libSDL.a(SDL_joystick.o)
                              /opt/devkitpro/portlibs/wii/lib/libSDL.a(SDL.o) (SDL_JoystickInit)
/opt/devkitpro/portlibs/wii/lib/libSDL.a(SDL_systimer.o)
                              /opt/devkitpro/portlibs/wii/lib/libSDL.a(SDL.o) (SDL_StartTicks)
/opt/devkitpro/portlibs/wii/lib/libSDL.a(SDL_ogcAudio.o)
                              /opt/devkitpro/portlibs/wii/lib/libSDL.a(SDL_audio.o) (OGCAUD_bootstrap)
/opt/devkitpro/portlibs/wii/lib/libSDL.a(SDL_sysjoystick.o)
                              /opt/devkitpro/portlibs/wii/lib/libSDL.a(SDL_joystick.o) (SDL_SYS_JoystickInit)
/opt/devkitpro/portlibs/wii/lib/libSDL.a(SDL_sysmutex.o)
                              /opt/devkitpro/portlibs/wii/lib/libSDL.a(SDL_audio.o) (SDL_CreateMutex)
/opt/devkitpro/portlibs/wii/lib/libSDL.a(SDL_syssem.o)
                              /opt/devkitpro/portlibs/wii/lib/libSDL.a(SDL_thread.o) (SDL_CreateSemaphore)
/opt/devkitpro/portlibs/wii/lib/libSDL.a(SDL_systhread.o)
                              /opt/devkitpro/portlibs/wii/lib/libSDL.a(SDL_thread.o) (SDL_SYS_CreateThread)
/opt/devkitpro/portlibs/wii/lib/libSDL.a(SDL_ogc_video.o)
                              /opt/devkitpro/portlibs/wii/lib/libSDLmain.a(SDL_wii_main.o) (OGC_InitVideoSystem)
/opt/devkitpro/portlibs/wii/lib/libSDL.a(SDL_active.o)
                              /opt/devkitpro/portlibs/wii/lib/libSDL.a(SDL_events.o) (SDL_AppActiveInit)
/opt/devkitpro/portlibs/wii/lib/libSDL.a(SDL_resize.o)
                              /opt/devkitpro/portlibs/wii/lib/libSDL.a(SDL_video.o) (SDL_PrivateResize)
/opt/devkitpro/portlibs/wii/lib/libSDL.a(SDL_string.o)
                              /opt/devkitpro/portlibs/wii/lib/libSDL.a(SDL_pixels.o) (SDL_memcmp)
/opt/devkitpro/portlibs/wii/lib/libSDL.a(SDL_RLEaccel.o)
                              /opt/devkitpro/portlibs/wii/lib/libSDL.a(SDL_pixels.o) (SDL_UnRLESurface)
/opt/devkitpro/portlibs/wii/lib/libSDL.a(SDL_blit.o)
                              /opt/devkitpro/portlibs/wii/lib/libSDL.a(SDL_pixels.o) (SDL_CalculateBlit)
/opt/devkitpro/portlibs/wii/lib/libSDL.a(SDL_blit_0.o)
                              /opt/devkitpro/portlibs/wii/lib/libSDL.a(SDL_blit.o) (SDL_CalculateBlit0)
/opt/devkitpro/portlibs/wii/lib/libSDL.a(SDL_blit_1.o)
                              /opt/devkitpro/portlibs/wii/lib/libSDL.a(SDL_blit.o) (SDL_CalculateBlit1)
/opt/devkitpro/portlibs/wii/lib/libSDL.a(SDL_blit_N.o)
                              /opt/devkitpro/portlibs/wii/lib/libSDL.a(SDL_blit.o) (SDL_CalculateBlitN)
[...]
Memory Configuration

Name             Origin             Length             Attributes
*default*        0x00000000         0xffffffff

Linker script and memory map

                0x00003400                        . = 0x3400

.stub
 *(.stub)
                0x80004000                        . = 0x80004000

.init           0x80004000      0x194
 *crt0.o(*.init)
 .init          0x80004000      0x170 /opt/devkitpro/libogc/lib/wii/libogc.a(ogc_crt0.o)
                0x80004000                _start
                0x80004140                _memset
 *(.init)
 .init          0x80004170        0xc /opt/devkitpro/devkitPPC/bin/../lib/gcc/powerpc-eabi/15.1.0/ecrti.o
                0x80004170                __init
 .init          0x8000417c        0x4 /opt/devkitpro/devkitPPC/bin/../lib/gcc/powerpc-eabi/15.1.0/crtbegin.o
 .init          0x80004180        0x4 /opt/devkitpro/devkitPPC/bin/../lib/gcc/powerpc-eabi/15.1.0/crtend.o
 .init          0x80004184       0x10 /opt/devkitpro/devkitPPC/bin/../lib/gcc/powerpc-eabi/15.1.0/ecrtn.o

.rela.dyn       0x80004194        0x0
 .rela.iplt     0x80004194        0x0 /opt/devkitpro/devkitPPC/bin/../lib/gcc/powerpc-eabi/15.1.0/crtbegin.o

.plt
 *(.plt)

.interp
 *(.interp)

.hash
 *(.hash)

.dynsym
 *(.dynsym)

.dynstr
 *(.dynstr)

.gnu.version
 *(.gnu.version)

.gnu.version_d
 *(.gnu.version_d)

.gnu.version_r
 *(.gnu.version_r)

.rel.init
 *(.rel.init)

.rela.init
 *(.rela.init)

.rel.text
 *(.rel.text .rel.text.* .rel.gnu.linkonce.t.*)

.rela.text      0x80004194        0x0
 *(.rela.text .rela.text.* .rela.gnu.linkonce.t.*)
 .rela.text.__do_global_dtors_aux
                0x80004194        0x0 /opt/devkitpro/devkitPPC/bin/../lib/gcc/powerpc-eabi/15.1.0/crtbegin.o
 .rela.text.frame_dummy
                0x80004194        0x0 /opt/devkitpro/devkitPPC/bin/../lib/gcc/powerpc-eabi/15.1.0/crtbegin.o
 .rela.text.unlikely.abort
                0x80004194        0x0 /opt/devkitpro/devkitPPC/bin/../lib/gcc/powerpc-eabi/15.1.0/crtbegin.o
 .rela.text.__assert_func
                0x80004194        0x0 /opt/devkitpro/devkitPPC/bin/../lib/gcc/powerpc-eabi/15.1.0/crtbegin.o

.rel.fini
 *(.rel.fini)

.rela.fini
 *(.rela.fini)

.rel.rodata
 *(.rel.rodata .rel.rodata.* .rel.gnu.linkonce.r.*)

.rela.rodata
 *(.rela.rodata .rela.rodata.* .rela.gnu.linkonce.r.*)

.rel.data
 *(.rel.data .rel.data.* .rel.gnu.linkonce.d.*)

.rela.data
 *(.rela.data .rela.data.* .rela.gnu.linkonce.d.*)

.rel.tdata
 *(.rel.tdata .rel.tdata.* .rel.gnu.linkonce.td.*)

.rela.tdata
 *(.rela.tdata .rela.tdata.* .rela.gnu.linkonce.td.*)

.rel.tbss
 *(.rel.tbss .rel.tbss.* .rel.gnu.linkonce.tb.*)

.rela.tbss
 *(.rela.tbss .rela.tbss.* .rela.gnu.linkonce.tb.*)

.rel.ctors
 *(.rel.ctors)

.rela.ctors
 *(.rela.ctors)

.rel.dtors
 *(.rel.dtors)

.rela.dtors
 *(.rela.dtors)

.rel.got
 *(.rel.got)

.rela.got
 *(.rela.got)

.rela.got1
 *(.rela.got1)

.rela.got2
 *(.rela.got2)

.rel.sdata
 *(.rel.sdata .rel.sdata.* .rel.gnu.linkonce.s.*)

.rela.sdata
 *(.rela.sdata .rela.sdata.* .rela.gnu.linkonce.s.*)

.rel.sbss
 *(.rel.sbss .rel.sbss.* .rel.gnu.linkonce.sb.*)

.rela.sbss
 *(.rela.sbss .rela.sbss.* .rel.gnu.linkonce.sb.*)

.rel.sdata2
 *(.rel.sdata2 .rel.sdata2.* .rel.gnu.linkonce.s2.*)

.rela.sdata2
 *(.rela.sdata2 .rela.sdata2.* .rela.gnu.linkonce.s2.*)

.rel.sbss2
 *(.rel.sbss2 .rel.sbss2.* .rel.gnu.linkonce.sb2.*)

.rela.sbss2
 *(.rela.sbss2 .rela.sbss2.* .rela.gnu.linkonce.sb2.*)

.rel.bss
 *(.rel.bss .rel.bss.* .rel.gnu.linkonce.b.*)

.rela.bss
 *(.rela.bss .rela.bss.* .rela.gnu.linkonce.b.*)

.rel.plt
 *(.rel.plt)

.rela.plt
 *(.rela.plt)

.text           0x800041a0    0x962e0
 *(.text)
 .text          0x800041a0      0x44c /opt/devkitpro/libogc/lib/wii/libogc.a(lwp_handler.o)
                0x800041a0                _cpu_context_save_fp
                0x800042e0                _cpu_context_restore_fp
                0x80004420                _cpu_context_switch
                0x80004500                _cpu_context_save
                0x80004580                _cpu_context_restore
 .text          0x800045ec      0x4f4 /opt/devkitpro/libogc/lib/wii/libogc.a(cache_asm.o)
                0x800045ec                DCFlashInvalidate
                0x80004600                DCEnable
                0x80004614                DCDisable
                0x80004628                DCFreeze
                0x8000463c                DCUnfreeze
                0x80004650                DCTouchLoad
                0x80004658                DCBlockZero
                0x80004660                DCBlockStore
                0x80004668                DCBlockFlush
                0x80004670                DCBlockInvalidate
                0x80004678                DCInvalidateRange
                0x800046a8                DCFlushRange
                0x800046dc                DCStoreRange
                0x80004710                DCFlushRangeNoSync
                0x80004740                DCStoreRangeNoSync
                0x80004770                DCZeroRange
                0x800047a0                DCTouchRange
                0x800047d0                ICInvalidateRange
                0x80004808                ICFlashInvalidate
                0x8000481c                ICEnable
                0x80004830                ICDisable
                0x80004844                ICFreeze
                0x80004858                ICUnfreeze
                0x8000486c                ICBlockInvalidate
                0x80004874                ICSync
                0x8000487c                L2Init
                0x800048c4                L2Enable
                0x800048e0                L2Disable
                0x800048f8                L2GlobalInvalidate
                0x80004950                __LCEnable
                0x80004a1c                LCDisable
                0x80004a44                LCAllocOneTag
                0x80004a58                LCAllocTags
                0x80004a98                LCLoadBlocks
                0x80004abc                LCStoreBlocks
 .text          0x80004ae0      0x46c /opt/devkitpro/libogc/lib/wii/libogc.a(system_asm.o)
                0x80004ae0                __realmode
                0x80004af8                __configBATS
                0x80004c28                __InitFPRS
                0x80004d54                __InitPS
                0x80004db0                __InitCache
                0x80004e08                __InitSystem
                0x80004e90                __reset
                0x80004f00                __InitBATS
                0x80004f1c                SYS_SwitchFiber
 .text          0x80004f4c      0x8dc /opt/devkitpro/libogc/lib/wii/libogc.a(gu_psasm.o)
                0x80004f4c                ps_guMtxConcat
                0x80005010                ps_guMtxIdentity
                0x8000503c                ps_guMtxCopy
                0x80005070                ps_guMtxTranspose
                0x800050c0                ps_guMtxInverse
                0x800051b8                ps_guMtxInvXpose
                0x80005280                ps_guMtxScale
                0x800052a8                ps_guMtxScaleApply
                0x80005300                ps_guMtxApplyScale
                0x80005364                ps_guMtxTrans
                0x80005398                ps_guMtxTransApply
                0x800053e4                ps_guMtxApplyTrans
                0x80005460                ps_guMtxRotTrig
                0x80005510                __ps_guMtxRotAxisRadInternal
                0x800055d0                ps_guMtxReflect
                0x80005640                ps_guVecAdd
                0x80005664                ps_guVecSub
                0x80005688                ps_guVecScale
                0x800056a4                ps_guVecNormalize
                0x800056e8                ps_guVecCross
                0x80005724                ps_guVecDotProduct
                0x80005744                ps_guVecMultiply
                0x80005798                ps_guVecMultiplySR
                0x80005808                ps_guQuatDotProduct
 .text          0x80005828      0x1ac /opt/devkitpro/libogc/lib/wii/libogc.a(irq_handler.o)
                0x80005828                irq_exceptionhandler
 .text          0x800059d4      0x1ac /opt/devkitpro/libogc/lib/wii/libogc.a(decrementer_handler.o)
                0x800059d4                dec_exceptionhandler
 .text          0x80005b80      0x35c /opt/devkitpro/libogc/lib/wii/libogc.a(exception_handler.o)
                0x80005b80                exceptionhandler_start
                0x80005bfc                exceptionhandler_patch
                0x80005c30                exceptionhandler_end
                0x80005c34                default_exceptionhandler
                0x80005d64                fpu_exceptionhandler
                0x80005eac                systemcallhandler_start
                0x80005ed8                systemcallhandler_end
 .text          0x80005edc       0x48 /opt/devkitpro/devkitPPC/bin/../lib/gcc/powerpc-eabi/15.1.0/libgcc.a(eabi.o)
                0x80005edc                __eabi
 .text          0x80005f24       0x58 /opt/devkitpro/devkitPPC/bin/../lib/gcc/powerpc-eabi/15.1.0/libgcc.a(crtresxgpr.o)
                0x80005f24                _restgpr_14_x
                0x80005f28                _restgpr_15_x
                0x80005f2c                _restgpr_16_x
                0x80005f30                _restgpr_17_x
                0x80005f34                _restgpr_18_x
                0x80005f38                _restgpr_19_x
                0x80005f3c                _restgpr_20_x
                0x80005f40                _restgpr_21_x
                0x80005f44                _restgpr_22_x
                0x80005f48                _restgpr_23_x
                0x80005f4c                _restgpr_24_x
                0x80005f50                _restgpr_25_x
                0x80005f54                _restgpr_26_x
                0x80005f58                _restgpr_27_x
                0x80005f5c                _restgpr_28_x
                0x80005f60                _restgpr_29_x
                0x80005f64                _restgpr_30_x
                0x80005f68                _restgpr_31_x
 *(.text.*)
 .text.__do_global_dtors_aux
                0x80005f7c       0xcc /opt/devkitpro/devkitPPC/bin/../lib/gcc/powerpc-eabi/15.1.0/crtbegin.o
 .text.frame_dummy
                0x80006048       0x24 /opt/devkitpro/devkitPPC/bin/../lib/gcc/powerpc-eabi/15.1.0/crtbegin.o
 .text.__crtmain
                0x8000606c       0x40 /opt/devkitpro/devkitPPC/bin/../lib/gcc/powerpc-eabi/15.1.0/../../../../powerpc-eabi/lib/crtmain.o
                0x80006070                __crtmain
 .text.z80_step
                0x800060ac     0xb0ec simz80.o
                0x800060ac                z80_step
 .text.z80_fetch
                0x80011198       0x40 zx81.o
                0x80011198                z80_fetch
 .text.z80_read
                0x800111d8       0x10 zx81.o
                0x800111d8                z80_read
 .text.z80_write
                0x800111e8       0x18 zx81.o
                0x800111e8                z80_write
 .text.z80_in   0x80011200       0x54 zx81.o
                0x80011200                z80_in
 .text.z80_out  0x80011254        0x4 zx81.o
                0x80011254                z80_out
 .text.SDL_main
                0x80011258      0x530 zx81.o
                0x80011258                SDL_main
 .text.ShutdownCB
                0x80011788       0x18 /opt/devkitpro/portlibs/wii/lib/libSDLmain.a(SDL_wii_main.o)
 .text.ResetCB  0x800117a0       0x18 /opt/devkitpro/portlibs/wii/lib/libSDLmain.a(SDL_wii_main.o)
 .text.RestartHomebrewChannel
                0x800117b8       0x24 /opt/devkitpro/portlibs/wii/lib/libSDLmain.a(SDL_wii_main.o)
                0x800117b8                RestartHomebrewChannel
 .text.Terminate
                0x800117dc       0x6c /opt/devkitpro/portlibs/wii/lib/libSDLmain.a(SDL_wii_main.o)
                0x800117dc                Terminate
 .text.startup.main
                0x80011848       0xcc /opt/devkitpro/portlibs/wii/lib/libSDLmain.a(SDL_wii_main.o)
                0x80011848                main
 .text.SDL_InitSubSystem
                0x80011914      0x1d0 /opt/devkitpro/portlibs/wii/lib/libSDL.a(SDL.o)
                0x80011914                SDL_InitSubSystem
 .text.SDL_Init
                0x80011ae4       0x54 /opt/devkitpro/portlibs/wii/lib/libSDL.a(SDL.o)
                0x80011ae4                SDL_Init
 .text.SDL_QuitSubSystem
                0x80011b38       0xd8 /opt/devkitpro/portlibs/wii/lib/libSDL.a(SDL.o)
                0x80011b38                SDL_QuitSubSystem
 .text.SDL_Quit
                0x80011c10       0x28 /opt/devkitpro/portlibs/wii/lib/libSDL.a(SDL.o)
                0x80011c10                SDL_Quit
 .text.SDL_SetError
                0x80011c38      0x29c /opt/devkitpro/portlibs/wii/lib/libSDL.a(SDL_error.o)
                0x80011c38                SDL_SetError
 .text.SDL_GetErrorMsg
                0x80011ed4      0x254 /opt/devkitpro/portlibs/wii/lib/libSDL.a(SDL_error.o)
                0x80011ed4                SDL_GetErrorMsg
 .text.SDL_GetError
                0x80012128       0x10 /opt/devkitpro/portlibs/wii/lib/libSDL.a(SDL_error.o)
                0x80012128                SDL_GetError
 .text.SDL_ClearError
                0x80012138       0x28 /opt/devkitpro/portlibs/wii/lib/libSDL.a(SDL_error.o)
                0x80012138                SDL_ClearError
 .text.SDL_Error
                0x80012160       0x6c /opt/devkitpro/portlibs/wii/lib/libSDL.a(SDL_error.o)
                0x80012160                SDL_Error
 .text.SDL_InstallParachute
                0x800121cc        0x4 /opt/devkitpro/portlibs/wii/lib/libSDL.a(SDL_fatal.o)
                0x800121cc                SDL_InstallParachute
 .text.SDL_UninstallParachute
                0x800121d0        0x4 /opt/devkitpro/portlibs/wii/lib/libSDL.a(SDL_fatal.o)
                0x800121d0                SDL_UninstallParachute
 .text.SDL_LockAudio_Default
                0x800121d4       0x54 /opt/devkitpro/portlibs/wii/lib/libSDL.a(SDL_audio.o)
 .text.SDL_UnlockAudio_Default
                0x80012228       0x54 /opt/devkitpro/portlibs/wii/lib/libSDL.a(SDL_audio.o)
 .text.SDL_AudioQuit
                0x8001227c       0xdc /opt/devkitpro/portlibs/wii/lib/libSDL.a(SDL_audio.o)
                0x8001227c                SDL_AudioQuit
 .text.SDL_AudioInit
                0x80012358      0x130 /opt/devkitpro/portlibs/wii/lib/libSDL.a(SDL_audio.o)
                0x80012358                SDL_AudioInit
 .text.SDL_CalculateAudioSpec
                0x80012488       0x38 /opt/devkitpro/portlibs/wii/lib/libSDL.a(SDL_audio.o)
                0x80012488                SDL_CalculateAudioSpec
 .text.SDL_ConvertAudio
                0x800124c0       0x7c /opt/devkitpro/portlibs/wii/lib/libSDL.a(SDL_audiocvt.o)
                0x800124c0                SDL_ConvertAudio
 .text.SDL_GobbleEvents
                0x8001253c      0x168 /opt/devkitpro/portlibs/wii/lib/libSDL.a(SDL_events.o)
 .text.SDL_Lock_EventThread
                0x800126a4       0x88 /opt/devkitpro/portlibs/wii/lib/libSDL.a(SDL_events.o)
                0x800126a4                SDL_Lock_EventThread
 .text.SDL_Unlock_EventThread
                0x8001272c       0x58 /opt/devkitpro/portlibs/wii/lib/libSDL.a(SDL_events.o)
                0x8001272c                SDL_Unlock_EventThread
 .text.SDL_StopEventLoop
                0x80012784       0xac /opt/devkitpro/portlibs/wii/lib/libSDL.a(SDL_events.o)
                0x80012784                SDL_StopEventLoop
 .text.SDL_StartEventLoop
                0x80012830      0x154 /opt/devkitpro/portlibs/wii/lib/libSDL.a(SDL_events.o)
                0x80012830                SDL_StartEventLoop
 .text.SDL_PeepEvents
                0x80012984      0x308 /opt/devkitpro/portlibs/wii/lib/libSDL.a(SDL_events.o)
                0x80012984                SDL_PeepEvents
 .text.SDL_PumpEvents
                0x80012c8c       0x7c /opt/devkitpro/portlibs/wii/lib/libSDL.a(SDL_events.o)
                0x80012c8c                SDL_PumpEvents
 .text.SDL_PollEvent
                0x80012d08       0x4c /opt/devkitpro/portlibs/wii/lib/libSDL.a(SDL_events.o)
                0x80012d08                SDL_PollEvent
 .text.SDL_PushEvent
                0x80012d54       0x38 /opt/devkitpro/portlibs/wii/lib/libSDL.a(SDL_events.o)
                0x80012d54                SDL_PushEvent
 .text.SDL_KeyboardInit
                0x80012d8c      0xbd8 /opt/devkitpro/portlibs/wii/lib/libSDL.a(SDL_keyboard.o)
                0x80012d8c                SDL_KeyboardInit
 .text.SDL_KeyboardQuit
                0x80013964        0x4 /opt/devkitpro/portlibs/wii/lib/libSDL.a(SDL_keyboard.o)
                0x80013964                SDL_KeyboardQuit
 .text.SDL_PrivateKeyboard
                0x80013968      0x4e0 /opt/devkitpro/portlibs/wii/lib/libSDL.a(SDL_keyboard.o)
                0x80013968                SDL_PrivateKeyboard
 .text.SDL_ResetKeyboard
                0x80013e48       0x9c /opt/devkitpro/portlibs/wii/lib/libSDL.a(SDL_keyboard.o)
                0x80013e48                SDL_ResetKeyboard
 .text.SDL_CheckKeyRepeat
                0x80013ee4       0xe0 /opt/devkitpro/portlibs/wii/lib/libSDL.a(SDL_keyboard.o)
                0x80013ee4                SDL_CheckKeyRepeat
 .text.SDL_MouseInit
                0x80013fc4       0x44 /opt/devkitpro/portlibs/wii/lib/libSDL.a(SDL_mouse.o)
                0x80013fc4                SDL_MouseInit
 .text.SDL_MouseQuit
                0x80014008        0x4 /opt/devkitpro/portlibs/wii/lib/libSDL.a(SDL_mouse.o)
                0x80014008                SDL_MouseQuit
 .text.SDL_GetMouseState
                0x8001400c       0x34 /opt/devkitpro/portlibs/wii/lib/libSDL.a(SDL_mouse.o)
                0x8001400c                SDL_GetMouseState
 .text.SDL_GetRelativeMouseState
                0x80014040       0x40 /opt/devkitpro/portlibs/wii/lib/libSDL.a(SDL_mouse.o)
                0x80014040                SDL_GetRelativeMouseState
 .text.SDL_SetMouseRange
                0x80014080       0x14 /opt/devkitpro/portlibs/wii/lib/libSDL.a(SDL_mouse.o)
                0x80014080                SDL_SetMouseRange
 .text.SDL_PrivateMouseMotion
                0x80014094      0x368 /opt/devkitpro/portlibs/wii/lib/libSDL.a(SDL_mouse.o)
                0x80014094                SDL_PrivateMouseMotion
 .text.SDL_PrivateMouseButton
                0x800143fc      0x28c /opt/devkitpro/portlibs/wii/lib/libSDL.a(SDL_mouse.o)
                0x800143fc                SDL_PrivateMouseButton
 .text.SDL_ResetMouse
                0x80014688       0x7c /opt/devkitpro/portlibs/wii/lib/libSDL.a(SDL_mouse.o)
                0x80014688                SDL_ResetMouse
 .text.SDL_QuitInit
                0x80014704        0x8 /opt/devkitpro/portlibs/wii/lib/libSDL.a(SDL_quit.o)
                0x80014704                SDL_QuitInit
 .text.SDL_QuitQuit
                0x8001470c        0x4 /opt/devkitpro/portlibs/wii/lib/libSDL.a(SDL_quit.o)
                0x8001470c                SDL_QuitQuit
 .text.SDL_DelThread.part.0
                0x80014710      0x148 /opt/devkitpro/portlibs/wii/lib/libSDL.a(SDL_thread.o)
 .text.SDL_GetErrBuf
                0x80014858      0x104 /opt/devkitpro/portlibs/wii/lib/libSDL.a(SDL_thread.o)
                0x80014858                SDL_GetErrBuf
 .text.SDL_RunThread
                0x8001495c       0x70 /opt/devkitpro/portlibs/wii/lib/libSDL.a(SDL_thread.o)
                0x8001495c                SDL_RunThread
 .text.SDL_CreateThread
                0x800149cc      0x204 /opt/devkitpro/portlibs/wii/lib/libSDL.a(SDL_thread.o)
                0x800149cc                SDL_CreateThread
 .text.SDL_WaitThread
                0x80014bd0       0x78 /opt/devkitpro/portlibs/wii/lib/libSDL.a(SDL_thread.o)
                0x80014bd0                SDL_WaitThread
 .text.callback_wrapper
                0x80014c48        0x8 /opt/devkitpro/portlibs/wii/lib/libSDL.a(SDL_timer.o)
 .text.SDL_AddTimerInternal
                0x80014c50       0xb4 /opt/devkitpro/portlibs/wii/lib/libSDL.a(SDL_timer.o)
 .text.SDL_SetTimerThreaded
                0x80014d04       0x54 /opt/devkitpro/portlibs/wii/lib/libSDL.a(SDL_timer.o)
                0x80014d04                SDL_SetTimerThreaded
 .text.SDL_ThreadedTimerCheck
                0x80014d58      0x18c /opt/devkitpro/portlibs/wii/lib/libSDL.a(SDL_timer.o)
                0x80014d58                SDL_ThreadedTimerCheck
 .text.SDL_SetTimer
                0x80014ee4      0x1cc /opt/devkitpro/portlibs/wii/lib/libSDL.a(SDL_timer.o)
                0x80014ee4                SDL_SetTimer
 .text.SDL_TimerQuit
                0x800150b0       0xa0 /opt/devkitpro/portlibs/wii/lib/libSDL.a(SDL_timer.o)
                0x800150b0                SDL_TimerQuit
 .text.SDL_TimerInit
                0x80015150       0xc4 /opt/devkitpro/portlibs/wii/lib/libSDL.a(SDL_timer.o)
                0x80015150                SDL_TimerInit
 .text.SDL_MouseRect
                0x80015214       0xc4 /opt/devkitpro/portlibs/wii/lib/libSDL.a(SDL_cursor.o)
                0x80015214                SDL_MouseRect
 .text.SDL_DrawCursorNoLock
                0x800152d8      0x814 /opt/devkitpro/portlibs/wii/lib/libSDL.a(SDL_cursor.o)
                0x800152d8                SDL_DrawCursorNoLock
 .text.SDL_DrawCursor
                0x80015aec       0xdc /opt/devkitpro/portlibs/wii/lib/libSDL.a(SDL_cursor.o)
                0x80015aec                SDL_DrawCursor
 .text.SDL_EraseCursorNoLock
                0x80015bc8      0x24c /opt/devkitpro/portlibs/wii/lib/libSDL.a(SDL_cursor.o)
                0x80015bc8                SDL_EraseCursorNoLock
 .text.SDL_EraseCursor
                0x80015e14       0xdc /opt/devkitpro/portlibs/wii/lib/libSDL.a(SDL_cursor.o)
                0x80015e14                SDL_EraseCursor
 .text.SDL_SetCursor
                0x80015ef0      0x210 /opt/devkitpro/portlibs/wii/lib/libSDL.a(SDL_cursor.o)
                0x80015ef0                SDL_SetCursor
 .text.SDL_FreeCursor
                0x80016100       0xd8 /opt/devkitpro/portlibs/wii/lib/libSDL.a(SDL_cursor.o)
                0x80016100                SDL_FreeCursor
 .text.SDL_CursorQuit
                0x800161d8       0xb0 /opt/devkitpro/portlibs/wii/lib/libSDL.a(SDL_cursor.o)
                0x800161d8                SDL_CursorQuit
 .text.SDL_CreateCursor
                0x80016288      0x2a8 /opt/devkitpro/portlibs/wii/lib/libSDL.a(SDL_cursor.o)
                0x80016288                SDL_CreateCursor
 .text.SDL_CursorInit
                0x80016530       0xb4 /opt/devkitpro/portlibs/wii/lib/libSDL.a(SDL_cursor.o)
                0x80016530                SDL_CursorInit
 .text.SDL_MoveCursor
                0x800165e4       0xfc /opt/devkitpro/portlibs/wii/lib/libSDL.a(SDL_cursor.o)
                0x800165e4                SDL_MoveCursor
 .text.SDL_ResetCursor
                0x800166e0       0x34 /opt/devkitpro/portlibs/wii/lib/libSDL.a(SDL_cursor.o)
                0x800166e0                SDL_ResetCursor
 .text.SDL_DitherColors.part.0
                0x80016714       0x58 /opt/devkitpro/portlibs/wii/lib/libSDL.a(SDL_pixels.o)
 .text.SDL_FormatChanged
                0x8001676c       0x90 /opt/devkitpro/portlibs/wii/lib/libSDL.a(SDL_pixels.o)
                0x8001676c                SDL_FormatChanged
 .text.SDL_FreeFormat
                0x800167fc       0x64 /opt/devkitpro/portlibs/wii/lib/libSDL.a(SDL_pixels.o)
                0x800167fc                SDL_FreeFormat
 .text.SDL_AllocFormat
                0x80016860      0x590 /opt/devkitpro/portlibs/wii/lib/libSDL.a(SDL_pixels.o)
                0x80016860                SDL_AllocFormat
 .text.SDL_ReallocFormat
                0x80016df0      0x13c /opt/devkitpro/portlibs/wii/lib/libSDL.a(SDL_pixels.o)
                0x80016df0                SDL_ReallocFormat
 .text.SDL_DitherColors
                0x80016f2c        0xc /opt/devkitpro/portlibs/wii/lib/libSDL.a(SDL_pixels.o)
                0x80016f2c                SDL_DitherColors
 .text.SDL_CalculatePitch
                0x80016f38       0x64 /opt/devkitpro/portlibs/wii/lib/libSDL.a(SDL_pixels.o)
                0x80016f38                SDL_CalculatePitch
 .text.SDL_FindColor
                0x80016f9c       0x7c /opt/devkitpro/portlibs/wii/lib/libSDL.a(SDL_pixels.o)
                0x80016f9c                SDL_FindColor
 .text.Map1to1  0x80017018       0xe8 /opt/devkitpro/portlibs/wii/lib/libSDL.a(SDL_pixels.o)
 .text.MapNto1.isra.0
                0x80017100       0x74 /opt/devkitpro/portlibs/wii/lib/libSDL.a(SDL_pixels.o)
 .text.SDL_MapRGB
                0x80017174       0x7c /opt/devkitpro/portlibs/wii/lib/libSDL.a(SDL_pixels.o)
                0x80017174                SDL_MapRGB
 .text.SDL_GetRGB
                0x800171f0       0xd0 /opt/devkitpro/portlibs/wii/lib/libSDL.a(SDL_pixels.o)
                0x800171f0                SDL_GetRGB
 .text.SDL_AllocBlitMap
                0x800172c0       0x8c /opt/devkitpro/portlibs/wii/lib/libSDL.a(SDL_pixels.o)
                0x800172c0                SDL_AllocBlitMap
 .text.SDL_InvalidateMap
                0x8001734c       0x68 /opt/devkitpro/portlibs/wii/lib/libSDL.a(SDL_pixels.o)
                0x8001734c                SDL_InvalidateMap
 .text.SDL_MapSurface
                0x800173b4      0x488 /opt/devkitpro/portlibs/wii/lib/libSDL.a(SDL_pixels.o)
                0x800173b4                SDL_MapSurface
 .text.SDL_FreeBlitMap
                0x8001783c       0x5c /opt/devkitpro/portlibs/wii/lib/libSDL.a(SDL_pixels.o)
                0x8001783c                SDL_FreeBlitMap
 .text.SDL_SetColorKey
                0x80017898      0x28c /opt/devkitpro/portlibs/wii/lib/libSDL.a(SDL_surface.o)
                0x80017898                SDL_SetColorKey
 .text.SDL_SetAlpha
                0x80017b24      0x214 /opt/devkitpro/portlibs/wii/lib/libSDL.a(SDL_surface.o)
                0x80017b24                SDL_SetAlpha
 .text.SDL_SetClipRect
                0x80017d38      0x164 /opt/devkitpro/portlibs/wii/lib/libSDL.a(SDL_surface.o)
                0x80017d38                SDL_SetClipRect
 .text.SDL_LowerBlit
                0x80017e9c      0x15c /opt/devkitpro/portlibs/wii/lib/libSDL.a(SDL_surface.o)
                0x80017e9c                SDL_LowerBlit
 .text.SDL_UpperBlit
                0x80017ff8      0x22c /opt/devkitpro/portlibs/wii/lib/libSDL.a(SDL_surface.o)
                0x80017ff8                SDL_UpperBlit
 .text.SDL_LockSurface
                0x80018224       0xc8 /opt/devkitpro/portlibs/wii/lib/libSDL.a(SDL_surface.o)
                0x80018224                SDL_LockSurface
 .text.SDL_UnlockSurface
                0x800182ec       0x64 /opt/devkitpro/portlibs/wii/lib/libSDL.a(SDL_surface.o)
                0x800182ec                SDL_UnlockSurface
 .text.SDL_FillRect
                0x80018350      0x750 /opt/devkitpro/portlibs/wii/lib/libSDL.a(SDL_surface.o)
                0x80018350                SDL_FillRect
 .text.SDL_FreeSurface
                0x80018aa0      0x1f0 /opt/devkitpro/portlibs/wii/lib/libSDL.a(SDL_surface.o)
                0x80018aa0                SDL_FreeSurface
 .text.SDL_CreateRGBSurface
                0x80018c90      0x340 /opt/devkitpro/portlibs/wii/lib/libSDL.a(SDL_surface.o)
                0x80018c90                SDL_CreateRGBSurface
 .text.SDL_ConvertSurface
                0x80018fd0      0x3bc /opt/devkitpro/portlibs/wii/lib/libSDL.a(SDL_surface.o)
                0x80018fd0                SDL_ConvertSurface
 .text.SDL_WM_GrabInputRaw
                0x8001938c       0xcc /opt/devkitpro/portlibs/wii/lib/libSDL.a(SDL_video.o)
 .text.SDL_GL_Lock.part.0
                0x80019458      0x290 /opt/devkitpro/portlibs/wii/lib/libSDL.a(SDL_video.o)
 .text.SDL_GetVideoInfo
                0x800196e8       0x18 /opt/devkitpro/portlibs/wii/lib/libSDL.a(SDL_video.o)
                0x800196e8                SDL_GetVideoInfo
 .text.SDL_VideoModeOK
                0x80019700      0x1d8 /opt/devkitpro/portlibs/wii/lib/libSDL.a(SDL_video.o)
                0x80019700                SDL_VideoModeOK
 .text.SDL_DisplayFormat
                0x800198d8       0x70 /opt/devkitpro/portlibs/wii/lib/libSDL.a(SDL_video.o)
                0x800198d8                SDL_DisplayFormat
 .text.SDL_UpdateRects
                0x80019948      0x3e4 /opt/devkitpro/portlibs/wii/lib/libSDL.a(SDL_video.o)
                0x80019948                SDL_UpdateRects
 .text.SDL_UpdateRect
                0x80019d2c       0x80 /opt/devkitpro/portlibs/wii/lib/libSDL.a(SDL_video.o)
                0x80019d2c                SDL_UpdateRect
 .text.SDL_Flip
                0x80019dac      0x1c0 /opt/devkitpro/portlibs/wii/lib/libSDL.a(SDL_video.o)
                0x80019dac                SDL_Flip
 .text.SDL_VideoQuit
                0x80019f6c      0x14c /opt/devkitpro/portlibs/wii/lib/libSDL.a(SDL_video.o)
                0x80019f6c                SDL_VideoQuit
 .text.SDL_VideoInit
                0x8001a0b8      0x250 /opt/devkitpro/portlibs/wii/lib/libSDL.a(SDL_video.o)
                0x8001a0b8                SDL_VideoInit
 .text.SDL_GL_UpdateRects
                0x8001a308      0x358 /opt/devkitpro/portlibs/wii/lib/libSDL.a(SDL_video.o)
                0x8001a308                SDL_GL_UpdateRects
 .text.SDL_GL_Unlock
                0x8001a660       0x80 /opt/devkitpro/portlibs/wii/lib/libSDL.a(SDL_video.o)
                0x8001a660                SDL_GL_Unlock
 .text.SDL_GL_UpdateRectsLock
                0x8001a6e0       0x54 /opt/devkitpro/portlibs/wii/lib/libSDL.a(SDL_video.o)
                0x8001a6e0                SDL_GL_UpdateRectsLock
 .text.SDL_WM_GrabInput
                0x8001a734       0x64 /opt/devkitpro/portlibs/wii/lib/libSDL.a(SDL_video.o)
                0x8001a734                SDL_WM_GrabInput
 .text.SDL_SetVideoMode
                0x8001a798     0x17e0 /opt/devkitpro/portlibs/wii/lib/libSDL.a(SDL_video.o)
                0x8001a798                SDL_SetVideoMode
 .text.SDL_JoystickClose.part.0
                0x8001bf78       0xd4 /opt/devkitpro/portlibs/wii/lib/libSDL.a(SDL_joystick.o)
 .text.SDL_JoystickInit
                0x8001c04c       0xa8 /opt/devkitpro/portlibs/wii/lib/libSDL.a(SDL_joystick.o)
                0x8001c04c                SDL_JoystickInit
 .text.SDL_JoystickOpen
                0x8001c0f4      0x37c /opt/devkitpro/portlibs/wii/lib/libSDL.a(SDL_joystick.o)
                0x8001c0f4                SDL_JoystickOpen
 .text.SDL_JoystickQuit
                0x8001c470       0xd4 /opt/devkitpro/portlibs/wii/lib/libSDL.a(SDL_joystick.o)
                0x8001c470                SDL_JoystickQuit
 .text.SDL_PrivateJoystickAxis
                0x8001c544       0xa0 /opt/devkitpro/portlibs/wii/lib/libSDL.a(SDL_joystick.o)
                0x8001c544                SDL_PrivateJoystickAxis
 .text.SDL_PrivateJoystickHat
                0x8001c5e4       0x9c /opt/devkitpro/portlibs/wii/lib/libSDL.a(SDL_joystick.o)
                0x8001c5e4                SDL_PrivateJoystickHat
 .text.SDL_PrivateJoystickButton
                0x8001c680       0xe8 /opt/devkitpro/portlibs/wii/lib/libSDL.a(SDL_joystick.o)
                0x8001c680                SDL_PrivateJoystickButton
 .text.SDL_JoystickUpdate
                0x8001c768       0x60 /opt/devkitpro/portlibs/wii/lib/libSDL.a(SDL_joystick.o)
                0x8001c768                SDL_JoystickUpdate
 .text.RunTimer
                0x8001c7c8       0xe8 /opt/devkitpro/portlibs/wii/lib/libSDL.a(SDL_systimer.o)
 .text.SDL_StartTicks
                0x8001c8b0       0x30 /opt/devkitpro/portlibs/wii/lib/libSDL.a(SDL_systimer.o)
                0x8001c8b0                SDL_StartTicks
 .text.SDL_GetTicks
                0x8001c8e0       0x4c /opt/devkitpro/portlibs/wii/lib/libSDL.a(SDL_systimer.o)
                0x8001c8e0                SDL_GetTicks
 .text.SDL_Delay
                0x8001c92c       0x6c /opt/devkitpro/portlibs/wii/lib/libSDL.a(SDL_systimer.o)
                0x8001c92c                SDL_Delay
 .text.SDL_SYS_TimerInit
                0x8001c998       0x60 /opt/devkitpro/portlibs/wii/lib/libSDL.a(SDL_systimer.o)
                0x8001c998                SDL_SYS_TimerInit
 .text.SDL_SYS_TimerQuit
                0x8001c9f8       0x54 /opt/devkitpro/portlibs/wii/lib/libSDL.a(SDL_systimer.o)
                0x8001c9f8                SDL_SYS_TimerQuit
 .text.SDL_SYS_StartTimer
                0x8001ca4c       0x30 /opt/devkitpro/portlibs/wii/lib/libSDL.a(SDL_systimer.o)
                0x8001ca4c                SDL_SYS_StartTimer
 .text.SDL_SYS_StopTimer
                0x8001ca7c        0x4 /opt/devkitpro/portlibs/wii/lib/libSDL.a(SDL_systimer.o)
                0x8001ca7c                SDL_SYS_StopTimer
 .text.OGCAUD_Available
                0x8001ca80        0x8 /opt/devkitpro/portlibs/wii/lib/libSDL.a(SDL_ogcAudio.o)
 .text.AudioThread
                0x8001ca88      0x1a0 /opt/devkitpro/portlibs/wii/lib/libSDL.a(SDL_ogcAudio.o)
 .text.OGCAUD_CreateDevice
                0x8001cc28       0xc8 /opt/devkitpro/portlibs/wii/lib/libSDL.a(SDL_ogcAudio.o)
 .text.DMACallback
                0x8001ccf0       0x14 /opt/devkitpro/portlibs/wii/lib/libSDL.a(SDL_ogcAudio.o)
 .text.OGC_AudioStop
                0x8001cd04       0xd0 /opt/devkitpro/portlibs/wii/lib/libSDL.a(SDL_ogcAudio.o)
                0x8001cd04                OGC_AudioStop
 .text.OGCAUD_DeleteDevice
                0x8001cdd4       0x3c /opt/devkitpro/portlibs/wii/lib/libSDL.a(SDL_ogcAudio.o)
 .text.OGCAUD_CloseAudio
                0x8001ce10       0x30 /opt/devkitpro/portlibs/wii/lib/libSDL.a(SDL_ogcAudio.o)
 .text.OGC_AudioStart
                0x8001ce40      0x160 /opt/devkitpro/portlibs/wii/lib/libSDL.a(SDL_ogcAudio.o)
                0x8001ce40                OGC_AudioStart
 .text.OGCAUD_OpenAudio
                0x8001cfa0      0x134 /opt/devkitpro/portlibs/wii/lib/libSDL.a(SDL_ogcAudio.o)
 .text.HandleWiiHats
                0x8001d0d4       0x60 /opt/devkitpro/portlibs/wii/lib/libSDL.a(SDL_sysjoystick.o)
 .text.SDL_SYS_JoystickInit
                0x8001d134       0x90 /opt/devkitpro/portlibs/wii/lib/libSDL.a(SDL_sysjoystick.o)
                0x8001d134                SDL_SYS_JoystickInit
 .text.SDL_SYS_JoystickOpen
                0x8001d1c4      0x11c /opt/devkitpro/portlibs/wii/lib/libSDL.a(SDL_sysjoystick.o)
                0x8001d1c4                SDL_SYS_JoystickOpen
 .text.SDL_SYS_JoystickUpdate
                0x8001d2e0      0xd20 /opt/devkitpro/portlibs/wii/lib/libSDL.a(SDL_sysjoystick.o)
                0x8001d2e0                SDL_SYS_JoystickUpdate
 .text.SDL_SYS_JoystickClose
                0x8001e000       0x44 /opt/devkitpro/portlibs/wii/lib/libSDL.a(SDL_sysjoystick.o)
                0x8001e000                SDL_SYS_JoystickClose
 .text.SDL_SYS_JoystickQuit
                0x8001e044        0x4 /opt/devkitpro/portlibs/wii/lib/libSDL.a(SDL_sysjoystick.o)
                0x8001e044                SDL_SYS_JoystickQuit
 .text.SDL_CreateMutex
                0x8001e048       0x48 /opt/devkitpro/portlibs/wii/lib/libSDL.a(SDL_sysmutex.o)
                0x8001e048                SDL_CreateMutex
 .text.SDL_DestroyMutex
                0x8001e090       0x44 /opt/devkitpro/portlibs/wii/lib/libSDL.a(SDL_sysmutex.o)
                0x8001e090                SDL_DestroyMutex
 .text.SDL_mutexP
                0x8001e0d4       0x40 /opt/devkitpro/portlibs/wii/lib/libSDL.a(SDL_sysmutex.o)
                0x8001e0d4                SDL_mutexP
 .text.SDL_mutexV
                0x8001e114       0x40 /opt/devkitpro/portlibs/wii/lib/libSDL.a(SDL_sysmutex.o)
                0x8001e114                SDL_mutexV
 .text.SDL_DestroySemaphore.part.0.constprop.0
                0x8001e154       0x7c /opt/devkitpro/portlibs/wii/lib/libSDL.a(SDL_syssem.o)
 .text.SDL_CreateSemaphore
                0x8001e1d0       0x98 /opt/devkitpro/portlibs/wii/lib/libSDL.a(SDL_syssem.o)
                0x8001e1d0                SDL_CreateSemaphore
 .text.SDL_DestroySemaphore
                0x8001e268       0x14 /opt/devkitpro/portlibs/wii/lib/libSDL.a(SDL_syssem.o)
                0x8001e268                SDL_DestroySemaphore
 .text.SDL_SemWaitTimeout
                0x8001e27c      0x108 /opt/devkitpro/portlibs/wii/lib/libSDL.a(SDL_syssem.o)
                0x8001e27c                SDL_SemWaitTimeout
 .text.SDL_SemWait
                0x8001e384        0x8 /opt/devkitpro/portlibs/wii/lib/libSDL.a(SDL_syssem.o)
                0x8001e384                SDL_SemWait
 .text.SDL_SemPost
                0x8001e38c       0x7c /opt/devkitpro/portlibs/wii/lib/libSDL.a(SDL_syssem.o)
                0x8001e38c                SDL_SemPost
 .text.run_thread
                0x8001e408       0x24 /opt/devkitpro/portlibs/wii/lib/libSDL.a(SDL_systhread.o)
                0x8001e408                run_thread
 .text.SDL_SYS_CreateThread
                0x8001e42c       0x5c /opt/devkitpro/portlibs/wii/lib/libSDL.a(SDL_systhread.o)
                0x8001e42c                SDL_SYS_CreateThread
 .text.SDL_SYS_SetupThread
                0x8001e488        0x4 /opt/devkitpro/portlibs/wii/lib/libSDL.a(SDL_systhread.o)
                0x8001e488                SDL_SYS_SetupThread
 .text.SDL_ThreadID
                0x8001e48c        0x4 /opt/devkitpro/portlibs/wii/lib/libSDL.a(SDL_systhread.o)
                0x8001e48c                SDL_ThreadID
 .text.SDL_SYS_WaitThread
                0x8001e490       0x28 /opt/devkitpro/portlibs/wii/lib/libSDL.a(SDL_systhread.o)
                0x8001e490                SDL_SYS_WaitThread
 .text.OGC_VideoInit
                0x8001e4b8       0x7c /opt/devkitpro/portlibs/wii/lib/libSDL.a(SDL_ogc_video.o)
 .text.OGC_ListModes
                0x8001e534        0xc /opt/devkitpro/portlibs/wii/lib/libSDL.a(SDL_ogc_video.o)
 .text.OGC_AllocHWSurface
                0x8001e540        0x8 /opt/devkitpro/portlibs/wii/lib/libSDL.a(SDL_ogc_video.o)
 .text.OGC_FreeHWSurface
                0x8001e548        0x4 /opt/devkitpro/portlibs/wii/lib/libSDL.a(SDL_ogc_video.o)
 .text.OGC_LockHWSurface
                0x8001e54c        0x8 /opt/devkitpro/portlibs/wii/lib/libSDL.a(SDL_ogc_video.o)
 .text.OGC_Available
                0x8001e554        0x8 /opt/devkitpro/portlibs/wii/lib/libSDL.a(SDL_ogc_video.o)
 .text.SetupGX  0x8001e55c      0x1e8 /opt/devkitpro/portlibs/wii/lib/libSDL.a(SDL_ogc_video.o)
 .text.SDL_OGC_GL_SwapBuffers
                0x8001e744       0x30 /opt/devkitpro/portlibs/wii/lib/libSDL.a(SDL_ogc_video.o)
                0x8001e744                SDL_OGC_GL_SwapBuffers
 .text.flip_thread
                0x8001e774      0x14c /opt/devkitpro/portlibs/wii/lib/libSDL.a(SDL_ogc_video.o)
 .text.OGC_DeleteDevice
                0x8001e8c0       0x6c /opt/devkitpro/portlibs/wii/lib/libSDL.a(SDL_ogc_video.o)
 .text.OGC_SetColors
                0x8001e92c      0x15c /opt/devkitpro/portlibs/wii/lib/libSDL.a(SDL_ogc_video.o)
 .text.SDL_OGC_GL_LoadLibrary
                0x8001ea88        0x8 /opt/devkitpro/portlibs/wii/lib/libSDL.a(SDL_ogc_video.o)
                0x8001ea88                SDL_OGC_GL_LoadLibrary
 .text.OGC_UnlockHWSurface
                0x8001ea90        0x4 /opt/devkitpro/portlibs/wii/lib/libSDL.a(SDL_ogc_video.o)
 .text.OGC_UpdateRects
                0x8001ea94      0x47c /opt/devkitpro/portlibs/wii/lib/libSDL.a(SDL_ogc_video.o)
 .text.OGC_FlipHWSurface
                0x8001ef10      0x268 /opt/devkitpro/portlibs/wii/lib/libSDL.a(SDL_ogc_video.o)
 .text.OGC_VideoQuit
                0x8001f178       0xd4 /opt/devkitpro/portlibs/wii/lib/libSDL.a(SDL_ogc_video.o)
 .text.OGC_VideoStart
                0x8001f24c      0x45c /opt/devkitpro/portlibs/wii/lib/libSDL.a(SDL_ogc_video.o)
                0x8001f24c                OGC_VideoStart
 .text.OGC_SetVideoMode
                0x8001f6a8      0x384 /opt/devkitpro/portlibs/wii/lib/libSDL.a(SDL_ogc_video.o)
 .text.ogx_initialize
                0x8001fa2c        0x4 /opt/devkitpro/portlibs/wii/lib/libSDL.a(SDL_ogc_video.o)
                0x8001fa2c                ogx_initialize
 .text.SDL_OGC_GL_MakeCurrent
                0x8001fa30       0x24 /opt/devkitpro/portlibs/wii/lib/libSDL.a(SDL_ogc_video.o)
                0x8001fa30                SDL_OGC_GL_MakeCurrent
 .text.ogx_get_proc_address
                0x8001fa54        0x8 /opt/devkitpro/portlibs/wii/lib/libSDL.a(SDL_ogc_video.o)
                0x8001fa54                ogx_get_proc_address
 .text.SDL_OGC_GL_GetProcAddress
                0x8001fa5c       0x7c /opt/devkitpro/portlibs/wii/lib/libSDL.a(SDL_ogc_video.o)
                0x8001fa5c                SDL_OGC_GL_GetProcAddress
 .text.OGC_InitVideoSystem
                0x8001fad8       0xf4 /opt/devkitpro/portlibs/wii/lib/libSDL.a(SDL_ogc_video.o)
                0x8001fad8                OGC_InitVideoSystem
 .text.OGC_CreateDevice
                0x8001fbcc      0x17c /opt/devkitpro/portlibs/wii/lib/libSDL.a(SDL_ogc_video.o)
 .text.SDL_AppActiveInit
                0x8001fd48       0x14 /opt/devkitpro/portlibs/wii/lib/libSDL.a(SDL_active.o)
                0x8001fd48                SDL_AppActiveInit
 .text.SDL_AppActiveQuit
                0x8001fd5c        0x4 /opt/devkitpro/portlibs/wii/lib/libSDL.a(SDL_active.o)
                0x8001fd5c                SDL_AppActiveQuit
 .text.SDL_PrivateResize
                0x8001fd60      0x11c /opt/devkitpro/portlibs/wii/lib/libSDL.a(SDL_resize.o)
                0x8001fd60                SDL_PrivateResize
 .text.SDL_revcpy
                0x8001fe7c       0x60 /opt/devkitpro/portlibs/wii/lib/libSDL.a(SDL_string.o)
                0x8001fe7c                SDL_revcpy
 .text.SDL_memcmp
                0x8001fedc       0x94 /opt/devkitpro/portlibs/wii/lib/libSDL.a(SDL_string.o)
                0x8001fedc                SDL_memcmp
 .text.copy_opaque_16
                0x8001ff70      0x100 /opt/devkitpro/portlibs/wii/lib/libSDL.a(SDL_RLEaccel.o)
 .text.uncopy_opaque_16
                0x80020070      0x12c /opt/devkitpro/portlibs/wii/lib/libSDL.a(SDL_RLEaccel.o)
 .text.copy_transl_565
                0x8002019c       0xf4 /opt/devkitpro/portlibs/wii/lib/libSDL.a(SDL_RLEaccel.o)
 .text.copy_transl_555
                0x80020290       0xf4 /opt/devkitpro/portlibs/wii/lib/libSDL.a(SDL_RLEaccel.o)
 .text.uncopy_transl_16
                0x80020384      0x134 /opt/devkitpro/portlibs/wii/lib/libSDL.a(SDL_RLEaccel.o)
 .text.copy_32  0x800204b8       0xf0 /opt/devkitpro/portlibs/wii/lib/libSDL.a(SDL_RLEaccel.o)
 .text.uncopy_32
                0x800205a8      0x128 /opt/devkitpro/portlibs/wii/lib/libSDL.a(SDL_RLEaccel.o)
 .text.getpix_8
                0x800206d0        0x8 /opt/devkitpro/portlibs/wii/lib/libSDL.a(SDL_RLEaccel.o)
 .text.getpix_16
                0x800206d8        0x8 /opt/devkitpro/portlibs/wii/lib/libSDL.a(SDL_RLEaccel.o)
 .text.getpix_24
                0x800206e0       0x20 /opt/devkitpro/portlibs/wii/lib/libSDL.a(SDL_RLEaccel.o)
 .text.getpix_32
                0x80020700        0x8 /opt/devkitpro/portlibs/wii/lib/libSDL.a(SDL_RLEaccel.o)
 .text.SDL_RLEBlit
                0x80020708     0x23a4 /opt/devkitpro/portlibs/wii/lib/libSDL.a(SDL_RLEaccel.o)
                0x80020708                SDL_RLEBlit
 .text.SDL_RLEAlphaBlit
                0x80022aac      0xaa4 /opt/devkitpro/portlibs/wii/lib/libSDL.a(SDL_RLEaccel.o)
                0x80022aac                SDL_RLEAlphaBlit
 .text.SDL_UnRLESurface
                0x80023550      0x340 /opt/devkitpro/portlibs/wii/lib/libSDL.a(SDL_RLEaccel.o)
                0x80023550                SDL_UnRLESurface
 .text.SDL_RLESurface
                0x80023890     0x11f8 /opt/devkitpro/portlibs/wii/lib/libSDL.a(SDL_RLEaccel.o)
                0x80023890                SDL_RLESurface
 .text.SDL_SoftBlit
                0x80024a88      0x2c0 /opt/devkitpro/portlibs/wii/lib/libSDL.a(SDL_blit.o)
 .text.SDL_BlitCopyOverlap
                0x80024d48      0x1a8 /opt/devkitpro/portlibs/wii/lib/libSDL.a(SDL_blit.o)
 .text.SDL_BlitCopy
                0x80024ef0       0xe8 /opt/devkitpro/portlibs/wii/lib/libSDL.a(SDL_blit.o)
 .text.SDL_CalculateBlit
                0x80024fd8      0x3a8 /opt/devkitpro/portlibs/wii/lib/libSDL.a(SDL_blit.o)
                0x80024fd8                SDL_CalculateBlit
 .text.BlitBto1
                0x80025380      0x240 /opt/devkitpro/portlibs/wii/lib/libSDL.a(SDL_blit_0.o)
 .text.BlitBto2
                0x800255c0      0x164 /opt/devkitpro/portlibs/wii/lib/libSDL.a(SDL_blit_0.o)
 .text.BlitBto3
                0x80025724      0x170 /opt/devkitpro/portlibs/wii/lib/libSDL.a(SDL_blit_0.o)
 .text.BlitBto4
                0x80025894      0x164 /opt/devkitpro/portlibs/wii/lib/libSDL.a(SDL_blit_0.o)
 .text.BlitBto1Key
                0x800259f8      0x258 /opt/devkitpro/portlibs/wii/lib/libSDL.a(SDL_blit_0.o)
 .text.BlitBto2Key
                0x80025c50      0x180 /opt/devkitpro/portlibs/wii/lib/libSDL.a(SDL_blit_0.o)
 .text.BlitBto4Key
                0x80025dd0      0x180 /opt/devkitpro/portlibs/wii/lib/libSDL.a(SDL_blit_0.o)
 .text.BlitBtoNAlpha
                0x80025f50      0x36c /opt/devkitpro/portlibs/wii/lib/libSDL.a(SDL_blit_0.o)
 .text.BlitBtoNAlphaKey
                0x800262bc      0x388 /opt/devkitpro/portlibs/wii/lib/libSDL.a(SDL_blit_0.o)
 .text.BlitBto3Key
                0x80026644      0x184 /opt/devkitpro/portlibs/wii/lib/libSDL.a(SDL_blit_0.o)
 .text.SDL_CalculateBlit0
                0x800267c8       0xa4 /opt/devkitpro/portlibs/wii/lib/libSDL.a(SDL_blit_0.o)
                0x800267c8                SDL_CalculateBlit0
 .text.Blit1to1
                0x8002686c      0x15c /opt/devkitpro/portlibs/wii/lib/libSDL.a(SDL_blit_1.o)
 .text.Blit1to2
                0x800269c8      0x188 /opt/devkitpro/portlibs/wii/lib/libSDL.a(SDL_blit_1.o)
 .text.Blit1to3
                0x80026b50      0x21c /opt/devkitpro/portlibs/wii/lib/libSDL.a(SDL_blit_1.o)
 .text.Blit1to4
                0x80026d6c      0x1a0 /opt/devkitpro/portlibs/wii/lib/libSDL.a(SDL_blit_1.o)
 .text.Blit1to1Key
                0x80026f0c      0x334 /opt/devkitpro/portlibs/wii/lib/libSDL.a(SDL_blit_1.o)
 .text.Blit1to2Key
                0x80027240      0x1e0 /opt/devkitpro/portlibs/wii/lib/libSDL.a(SDL_blit_1.o)
 .text.Blit1to3Key
                0x80027420      0x278 /opt/devkitpro/portlibs/wii/lib/libSDL.a(SDL_blit_1.o)
 .text.Blit1to4Key
                0x80027698      0x1e0 /opt/devkitpro/portlibs/wii/lib/libSDL.a(SDL_blit_1.o)
 .text.Blit1toNAlpha
                0x80027878      0x8c4 /opt/devkitpro/portlibs/wii/lib/libSDL.a(SDL_blit_1.o)
 .text.Blit1toNAlphaKey
                0x8002813c      0xde8 /opt/devkitpro/portlibs/wii/lib/libSDL.a(SDL_blit_1.o)
 .text.SDL_CalculateBlit1
                0x80028f24       0x94 /opt/devkitpro/portlibs/wii/lib/libSDL.a(SDL_blit_1.o)
                0x80028f24                SDL_CalculateBlit1
 .text.Blit_RGB888_index8
                0x80028fb8      0x434 /opt/devkitpro/portlibs/wii/lib/libSDL.a(SDL_blit_N.o)
 .text.Blit_RGB888_RGB555
                0x800293ec      0x1e8 /opt/devkitpro/portlibs/wii/lib/libSDL.a(SDL_blit_N.o)
 .text.Blit_RGB888_RGB565
                0x800295d4      0x1e8 /opt/devkitpro/portlibs/wii/lib/libSDL.a(SDL_blit_N.o)
 .text.Blit_RGB565_32
                0x800297bc      0x244 /opt/devkitpro/portlibs/wii/lib/libSDL.a(SDL_blit_N.o)
 .text.Blit_RGB565_ARGB8888
                0x80029a00        0xc /opt/devkitpro/portlibs/wii/lib/libSDL.a(SDL_blit_N.o)
 .text.Blit_RGB565_ABGR8888
                0x80029a0c        0xc /opt/devkitpro/portlibs/wii/lib/libSDL.a(SDL_blit_N.o)
 .text.Blit_RGB565_RGBA8888
                0x80029a18        0xc /opt/devkitpro/portlibs/wii/lib/libSDL.a(SDL_blit_N.o)
 .text.Blit_RGB565_BGRA8888
                0x80029a24        0xc /opt/devkitpro/portlibs/wii/lib/libSDL.a(SDL_blit_N.o)
 .text.Blit_RGB888_index8_map
                0x80029a30      0x254 /opt/devkitpro/portlibs/wii/lib/libSDL.a(SDL_blit_N.o)
 .text.BlitNto1
                0x80029c84      0xcb8 /opt/devkitpro/portlibs/wii/lib/libSDL.a(SDL_blit_N.o)
 .text.Blit4to4MaskAlpha
                0x8002a93c      0x2dc /opt/devkitpro/portlibs/wii/lib/libSDL.a(SDL_blit_N.o)
 .text.BlitNtoN
                0x8002ac18      0xe34 /opt/devkitpro/portlibs/wii/lib/libSDL.a(SDL_blit_N.o)
 .text.BlitNtoNCopyAlpha
                0x8002ba4c      0x354 /opt/devkitpro/portlibs/wii/lib/libSDL.a(SDL_blit_N.o)
 .text.BlitNto1Key
                0x8002bda0     0x1264 /opt/devkitpro/portlibs/wii/lib/libSDL.a(SDL_blit_N.o)
 .text.Blit2to2Key
                0x8002d004      0x1f8 /opt/devkitpro/portlibs/wii/lib/libSDL.a(SDL_blit_N.o)
 .text.BlitNtoNKey
                0x8002d1fc     0x100c /opt/devkitpro/portlibs/wii/lib/libSDL.a(SDL_blit_N.o)
 .text.BlitNtoNKeyCopyAlpha
                0x8002e208     0x1284 /opt/devkitpro/portlibs/wii/lib/libSDL.a(SDL_blit_N.o)
 .text.SDL_CalculateBlitN
                0x8002f48c      0x368 /opt/devkitpro/portlibs/wii/lib/libSDL.a(SDL_blit_N.o)
                0x8002f48c                SDL_CalculateBlitN
 .text.SDL_CreateCond
                0x8002f7f4       0x90 /opt/devkitpro/portlibs/wii/lib/libSDL.a(SDL_syscond.o)
                0x8002f7f4                SDL_CreateCond
 .text.SDL_DestroyCond
                0x8002f884       0x44 /opt/devkitpro/portlibs/wii/lib/libSDL.a(SDL_syscond.o)
                0x8002f884                SDL_DestroyCond
 .text.SDL_CondSignal
                0x8002f8c8       0x4c /opt/devkitpro/portlibs/wii/lib/libSDL.a(SDL_syscond.o)
                0x8002f8c8                SDL_CondSignal
 .text.SDL_CondWaitTimeout
                0x8002f914       0x84 /opt/devkitpro/portlibs/wii/lib/libSDL.a(SDL_syscond.o)
                0x8002f914                SDL_CondWaitTimeout
 .text.SDL_CondWait
                0x8002f998        0xc /opt/devkitpro/portlibs/wii/lib/libSDL.a(SDL_syscond.o)
                0x8002f998                SDL_CondWait
 .text.PumpEvents
                0x8002f9a4      0x540 /opt/devkitpro/portlibs/wii/lib/libSDL.a(SDL_wiievents.o)
                0x8002f9a4                PumpEvents
 .text.WII_PumpEvents
                0x8002fee4       0x54 /opt/devkitpro/portlibs/wii/lib/libSDL.a(SDL_wiievents.o)
                0x8002fee4                WII_PumpEvents
 .text.WII_InitOSKeymap
                0x8002ff38      0x368 /opt/devkitpro/portlibs/wii/lib/libSDL.a(SDL_wiievents.o)
                0x8002ff38                WII_InitOSKeymap
 .text.SDL_HasMMX
                0x800302a0       0x48 /opt/devkitpro/portlibs/wii/lib/libSDL.a(SDL_cpuinfo.o)
                0x800302a0                SDL_HasMMX
 .text.BlitNto1SurfaceAlpha
                0x800302e8      0x5a8 /opt/devkitpro/portlibs/wii/lib/libSDL.a(SDL_blit_A.o)
 .text.BlitNto1PixelAlpha
                0x80030890      0x608 /opt/devkitpro/portlibs/wii/lib/libSDL.a(SDL_blit_A.o)
 .text.BlitNto1SurfaceAlphaKey
                0x80030e98      0xd24 /opt/devkitpro/portlibs/wii/lib/libSDL.a(SDL_blit_A.o)
 .text.BlitRGBtoRGBSurfaceAlpha
                0x80031bbc      0x428 /opt/devkitpro/portlibs/wii/lib/libSDL.a(SDL_blit_A.o)
 .text.BlitRGBtoRGBPixelAlpha
                0x80031fe4      0x2d0 /opt/devkitpro/portlibs/wii/lib/libSDL.a(SDL_blit_A.o)
 .text.Blit16to16SurfaceAlpha128
                0x800322b4      0x2b0 /opt/devkitpro/portlibs/wii/lib/libSDL.a(SDL_blit_A.o)
 .text.Blit565to565SurfaceAlpha
                0x80032564      0x228 /opt/devkitpro/portlibs/wii/lib/libSDL.a(SDL_blit_A.o)
 .text.Blit555to555SurfaceAlpha
                0x8003278c      0x228 /opt/devkitpro/portlibs/wii/lib/libSDL.a(SDL_blit_A.o)
 .text.BlitARGBto565PixelAlpha
                0x800329b4      0x2f4 /opt/devkitpro/portlibs/wii/lib/libSDL.a(SDL_blit_A.o)
 .text.BlitARGBto555PixelAlpha
                0x80032ca8      0x2f4 /opt/devkitpro/portlibs/wii/lib/libSDL.a(SDL_blit_A.o)
 .text.BlitNtoNSurfaceAlpha
                0x80032f9c      0xb68 /opt/devkitpro/portlibs/wii/lib/libSDL.a(SDL_blit_A.o)
 .text.BlitNtoNSurfaceAlphaKey
                0x80033b04      0xed0 /opt/devkitpro/portlibs/wii/lib/libSDL.a(SDL_blit_A.o)
 .text.BlitNtoNPixelAlpha
                0x800349d4      0xd90 /opt/devkitpro/portlibs/wii/lib/libSDL.a(SDL_blit_A.o)
 .text.SDL_CalculateAlphaBlit
                0x80035764      0x228 /opt/devkitpro/portlibs/wii/lib/libSDL.a(SDL_blit_A.o)
                0x80035764                SDL_CalculateAlphaBlit
 .text.__dsp_resumecallback
                0x8003598c        0x4 /opt/devkitpro/libogc/lib/wii/libaesnd.a(aesndlib.o)
 .text.__dsp_donecallback
                0x80035990       0x14 /opt/devkitpro/libogc/lib/wii/libaesnd.a(aesndlib.o)
 .text.__dsp_initcallback
                0x800359a4       0x5c /opt/devkitpro/libogc/lib/wii/libaesnd.a(aesndlib.o)
 .text.__aesndfillbuffer.constprop.0
                0x80035a00       0xbc /opt/devkitpro/libogc/lib/wii/libaesnd.a(aesndlib.o)
 .text.__dsp_requestcallback
                0x80035abc      0x4e4 /opt/devkitpro/libogc/lib/wii/libaesnd.a(aesndlib.o)
 .text.__audio_dma_callback
                0x80035fa0      0x298 /opt/devkitpro/libogc/lib/wii/libaesnd.a(aesndlib.o)
 .text.AESND_Init
                0x80036238      0x200 /opt/devkitpro/libogc/lib/wii/libaesnd.a(aesndlib.o)
                0x80036238                AESND_Init
 .text.AESND_Pause
                0x80036438       0x38 /opt/devkitpro/libogc/lib/wii/libaesnd.a(aesndlib.o)
                0x80036438                AESND_Pause
 .text.AESND_AllocateVoiceWithArg
                0x80036470       0xcc /opt/devkitpro/libogc/lib/wii/libaesnd.a(aesndlib.o)
                0x80036470                AESND_AllocateVoiceWithArg
 .text.AESND_FreeVoice
                0x8003653c       0x6c /opt/devkitpro/libogc/lib/wii/libaesnd.a(aesndlib.o)
                0x8003653c                AESND_FreeVoice
 .text.AESND_SetVoiceBuffer
                0x800365a8       0x44 /opt/devkitpro/libogc/lib/wii/libaesnd.a(aesndlib.o)
                0x800365a8                AESND_SetVoiceBuffer
 .text.AESND_SetVoiceFormat
                0x800365ec       0x9c /opt/devkitpro/libogc/lib/wii/libaesnd.a(aesndlib.o)
                0x800365ec                AESND_SetVoiceFormat
 .text.AESND_SetVoiceFrequency
                0x80036688       0xc0 /opt/devkitpro/libogc/lib/wii/libaesnd.a(aesndlib.o)
                0x80036688                AESND_SetVoiceFrequency
 .text.AESND_SetVoiceStream
                0x80036748       0x4c /opt/devkitpro/libogc/lib/wii/libaesnd.a(aesndlib.o)
                0x80036748                AESND_SetVoiceStream
 .text.AESND_SetVoiceStop
                0x80036794       0x4c /opt/devkitpro/libogc/lib/wii/libaesnd.a(aesndlib.o)
                0x80036794                AESND_SetVoiceStop
 .text.__wpad_setevtfilter_finished
                0x800367e0       0x74 /opt/devkitpro/libogc/lib/wii/libwiiuse.a(wpad.o)
 .text.__wpad_disconnectCB
                0x80036854      0x1bc /opt/devkitpro/libogc/lib/wii/libwiiuse.a(wpad.o)
                0x80036854                __wpad_disconnectCB
 .text.__wpad_hostsyncbuttonCB
                0x80036a10       0x90 /opt/devkitpro/libogc/lib/wii/libwiiuse.a(wpad.o)
 .text.__wpad_assign_slot
                0x80036aa0      0x188 /opt/devkitpro/libogc/lib/wii/libwiiuse.a(wpad.o)
                0x80036aa0                __wpad_assign_slot
 .text.__wpad_register_new
                0x80036c28      0x46c /opt/devkitpro/libogc/lib/wii/libwiiuse.a(wpad.o)
                0x80036c28                __wpad_register_new
 .text.__wpad_def_powcb
                0x80037094        0x4 /opt/devkitpro/libogc/lib/wii/libwiiuse.a(wpad.o)
 .text.__wpad_read_remote_name_finished
                0x80037098      0x274 /opt/devkitpro/libogc/lib/wii/libwiiuse.a(wpad.o)
                0x80037098                __wpad_read_remote_name_finished
 .text.__wpad_inquiry_finished
                0x8003730c      0x124 /opt/devkitpro/libogc/lib/wii/libwiiuse.a(wpad.o)
                0x8003730c                __wpad_inquiry_finished
 .text.__wpad_confsave_thread_func
                0x80037430       0x58 /opt/devkitpro/libogc/lib/wii/libwiiuse.a(wpad.o)
 .text.__initcore_finished
                0x80037488       0xa4 /opt/devkitpro/libogc/lib/wii/libwiiuse.a(wpad.o)
 .text.__readlinkkey_finished
                0x8003752c      0x138 /opt/devkitpro/libogc/lib/wii/libwiiuse.a(wpad.o)
 .text.__wpad_patch_finished
                0x80037664       0x90 /opt/devkitpro/libogc/lib/wii/libwiiuse.a(wpad.o)
 .text.__wpad_init_finished
                0x800376f4       0x9c /opt/devkitpro/libogc/lib/wii/libwiiuse.a(wpad.o)
 .text.__wpad_linkkeynotCB
                0x80037790      0x320 /opt/devkitpro/libogc/lib/wii/libwiiuse.a(wpad.o)
 .text.__wpad_linkkeyreqCB
                0x80037ab0      0x16c /opt/devkitpro/libogc/lib/wii/libwiiuse.a(wpad.o)
 .text.__wpad_connreqCB
                0x80037c1c      0x370 /opt/devkitpro/libogc/lib/wii/libwiiuse.a(wpad.o)
 .text.__wpad_setfmt
                0x80037f8c      0x14c /opt/devkitpro/libogc/lib/wii/libwiiuse.a(wpad.o)
 .text.__wpad_eventCB
                0x800380d8      0xbf4 /opt/devkitpro/libogc/lib/wii/libwiiuse.a(wpad.o)
 .text.__wpad_timeouthandler
                0x80038ccc       0xfc /opt/devkitpro/libogc/lib/wii/libwiiuse.a(wpad.o)
 .text.WPAD_WipeSavedControllers
                0x80038dc8      0x140 /opt/devkitpro/libogc/lib/wii/libwiiuse.a(wpad.o)
                0x80038dc8                WPAD_WipeSavedControllers
 .text.__wpad_def_hostsynccb
                0x80038f08       0x78 /opt/devkitpro/libogc/lib/wii/libwiiuse.a(wpad.o)
 .text.WPAD_ReadEvent
                0x80038f80      0x6a8 /opt/devkitpro/libogc/lib/wii/libwiiuse.a(wpad.o)
                0x80038f80                WPAD_ReadEvent
 .text.WPAD_ReadPending
                0x80039628      0x1b4 /opt/devkitpro/libogc/lib/wii/libwiiuse.a(wpad.o)
                0x80039628                WPAD_ReadPending
 .text.WPAD_SetDataFormat
                0x800397dc      0x178 /opt/devkitpro/libogc/lib/wii/libwiiuse.a(wpad.o)
                0x800397dc                WPAD_SetDataFormat
 .text.WPAD_SetVRes
                0x80039954      0x158 /opt/devkitpro/libogc/lib/wii/libwiiuse.a(wpad.o)
                0x80039954                WPAD_SetVRes
 .text.WPAD_SetPowerButtonCallback
                0x80039aac       0x68 /opt/devkitpro/libogc/lib/wii/libwiiuse.a(wpad.o)
                0x80039aac                WPAD_SetPowerButtonCallback
 .text.WPAD_Shutdown
                0x80039b14      0x134 /opt/devkitpro/libogc/lib/wii/libwiiuse.a(wpad.o)
                0x80039b14                WPAD_Shutdown
 .text.WPAD_Init
                0x80039c48      0x360 /opt/devkitpro/libogc/lib/wii/libwiiuse.a(wpad.o)
                0x80039c48                WPAD_Init
 .text.__wpad_onreset
                0x80039fa8       0x34 /opt/devkitpro/libogc/lib/wii/libwiiuse.a(wpad.o)
 .text.WPAD_Data
                0x80039fdc       0x24 /opt/devkitpro/libogc/lib/wii/libwiiuse.a(wpad.o)
                0x80039fdc                WPAD_Data
 .text.motion_plus_disconnected
                0x8003a000       0x10 /opt/devkitpro/libogc/lib/wii/libwiiuse.a(motion_plus.o)
                0x8003a000                motion_plus_disconnected
 .text.motion_plus_event
                0x8003a010       0x64 /opt/devkitpro/libogc/lib/wii/libwiiuse.a(motion_plus.o)
                0x8003a010                motion_plus_event
 .text.calculate_gforce
                0x8003a074      0x114 /opt/devkitpro/libogc/lib/wii/libwiiuse.a(dynamics.o)
                0x8003a074                calculate_gforce
 .text.calc_joystick_state
                0x8003a188      0x208 /opt/devkitpro/libogc/lib/wii/libwiiuse.a(dynamics.o)
                0x8003a188                calc_joystick_state
 .text.apply_smoothing
                0x8003a390      0x110 /opt/devkitpro/libogc/lib/wii/libwiiuse.a(dynamics.o)
                0x8003a390                apply_smoothing
 .text.calculate_orientation
                0x8003a4a0      0x360 /opt/devkitpro/libogc/lib/wii/libwiiuse.a(dynamics.o)
                0x8003a4a0                calculate_orientation
 .text.calc_balanceboard_state
                0x8003a800      0x3a4 /opt/devkitpro/libogc/lib/wii/libwiiuse.a(dynamics.o)
                0x8003a800                calc_balanceboard_state
 .text.wiiuse_handshake
                0x8003aba4      0x24c /opt/devkitpro/libogc/lib/wii/libwiiuse.a(io.o)
                0x8003aba4                wiiuse_handshake
 .text.wiiuse_handshake_expansion
                0x8003adf0      0x214 /opt/devkitpro/libogc/lib/wii/libwiiuse.a(io.o)
                0x8003adf0                wiiuse_handshake_expansion
 .text.wiiuse_handshake_expansion_start
                0x8003b004       0x5c /opt/devkitpro/libogc/lib/wii/libwiiuse.a(io.o)
                0x8003b004                wiiuse_handshake_expansion_start
 .text.wiiuse_disable_expansion
                0x8003b060      0x1b0 /opt/devkitpro/libogc/lib/wii/libwiiuse.a(io.o)
                0x8003b060                wiiuse_disable_expansion
 .text.__wiiuse_accept_step2
                0x8003b210       0x5c /opt/devkitpro/libogc/lib/wii/libwiiuse.a(io_wii.o)
 .text.__wiiuse_connected
                0x8003b26c       0xac /opt/devkitpro/libogc/lib/wii/libwiiuse.a(io_wii.o)
 .text.__wiiuse_disconnected
                0x8003b318       0xc8 /opt/devkitpro/libogc/lib/wii/libwiiuse.a(io_wii.o)
 .text.__wiiuse_receive
                0x8003b3e0       0xc4 /opt/devkitpro/libogc/lib/wii/libwiiuse.a(io_wii.o)
 .text.__wiiuse_connect_step2
                0x8003b4a4       0x5c /opt/devkitpro/libogc/lib/wii/libwiiuse.a(io_wii.o)
 .text.__wiiuse_sensorbar_enable
                0x8003b500       0x74 /opt/devkitpro/libogc/lib/wii/libwiiuse.a(io_wii.o)
                0x8003b500                __wiiuse_sensorbar_enable
 .text.wiiuse_accept
                0x8003b574      0x15c /opt/devkitpro/libogc/lib/wii/libwiiuse.a(io_wii.o)
                0x8003b574                wiiuse_accept
 .text.wiiuse_connect
                0x8003b6d0      0x15c /opt/devkitpro/libogc/lib/wii/libwiiuse.a(io_wii.o)
                0x8003b6d0                wiiuse_connect
 .text.wiiuse_disconnect
                0x8003b82c       0x50 /opt/devkitpro/libogc/lib/wii/libwiiuse.a(io_wii.o)
                0x8003b82c                wiiuse_disconnect
 .text.wiiuse_init_cmd_queue
                0x8003b87c       0xa4 /opt/devkitpro/libogc/lib/wii/libwiiuse.a(io_wii.o)
                0x8003b87c                wiiuse_init_cmd_queue
 .text.wiiuse_io_write
                0x8003b920       0x1c /opt/devkitpro/libogc/lib/wii/libwiiuse.a(io_wii.o)
                0x8003b920                wiiuse_io_write
 .text.rotate_dots
                0x8003b93c      0x134 /opt/devkitpro/libogc/lib/wii/libwiiuse.a(ir.o)
 .text.wiiuse_set_ir_mode
                0x8003ba70       0x5c /opt/devkitpro/libogc/lib/wii/libwiiuse.a(ir.o)
                0x8003ba70                wiiuse_set_ir_mode
 .text.wiiuse_set_ir
                0x8003bacc      0x26c /opt/devkitpro/libogc/lib/wii/libwiiuse.a(ir.o)
                0x8003bacc                wiiuse_set_ir
 .text.wiiuse_set_ir_vres
                0x8003bd38       0x1c /opt/devkitpro/libogc/lib/wii/libwiiuse.a(ir.o)
                0x8003bd38                wiiuse_set_ir_vres
 .text.wiiuse_set_ir_position
                0x8003bd54       0x80 /opt/devkitpro/libogc/lib/wii/libwiiuse.a(ir.o)
                0x8003bd54                wiiuse_set_ir_position
 .text.wiiuse_set_aspect_ratio
                0x8003bdd4       0xac /opt/devkitpro/libogc/lib/wii/libwiiuse.a(ir.o)
                0x8003bdd4                wiiuse_set_aspect_ratio
 .text.wiiuse_set_ir_sensitivity
                0x8003be80      0x190 /opt/devkitpro/libogc/lib/wii/libwiiuse.a(ir.o)
                0x8003be80                wiiuse_set_ir_sensitivity
 .text.calculate_basic_ir
                0x8003c010       0xe8 /opt/devkitpro/libogc/lib/wii/libwiiuse.a(ir.o)
                0x8003c010                calculate_basic_ir
 .text.calculate_extended_ir
                0x8003c0f8       0x64 /opt/devkitpro/libogc/lib/wii/libwiiuse.a(ir.o)
                0x8003c0f8                calculate_extended_ir
 .text.find_sensorbar
                0x8003c15c      0xb00 /opt/devkitpro/libogc/lib/wii/libwiiuse.a(ir.o)
                0x8003c15c                find_sensorbar
 .text.apply_ir_smoothing
                0x8003cc5c      0x120 /opt/devkitpro/libogc/lib/wii/libwiiuse.a(ir.o)
                0x8003cc5c                apply_ir_smoothing
 .text.interpret_ir_data
                0x8003cd7c      0x3d0 /opt/devkitpro/libogc/lib/wii/libwiiuse.a(ir.o)
                0x8003cd7c                interpret_ir_data
 .text.nunchuk_handshake
                0x8003d14c      0x360 /opt/devkitpro/libogc/lib/wii/libwiiuse.a(nunchuk.o)
                0x8003d14c                nunchuk_handshake
 .text.nunchuk_disconnected
                0x8003d4ac        0xc /opt/devkitpro/libogc/lib/wii/libwiiuse.a(nunchuk.o)
                0x8003d4ac                nunchuk_disconnected
 .text.nunchuk_event
                0x8003d4b8       0xe8 /opt/devkitpro/libogc/lib/wii/libwiiuse.a(nunchuk.o)
                0x8003d4b8                nunchuk_event
 .text.wii_board_handshake
                0x8003d5a0      0x28c /opt/devkitpro/libogc/lib/wii/libwiiuse.a(wiiboard.o)
                0x8003d5a0                wii_board_handshake
 .text.wii_board_disconnected
                0x8003d82c        0xc /opt/devkitpro/libogc/lib/wii/libwiiuse.a(wiiboard.o)
                0x8003d82c                wii_board_disconnected
 .text.wii_board_event
                0x8003d838       0x24 /opt/devkitpro/libogc/lib/wii/libwiiuse.a(wiiboard.o)
                0x8003d838                wii_board_event
 .text.wiiuse_send_next_command
                0x8003d85c       0x58 /opt/devkitpro/libogc/lib/wii/libwiiuse.a(wiiuse.o)
                0x8003d85c                wiiuse_send_next_command
 .text.wiiuse_init
                0x8003d8b4      0x1fc /opt/devkitpro/libogc/lib/wii/libwiiuse.a(wiiuse.o)
                0x8003d8b4                wiiuse_init
 .text.wiiuse_set_flags
                0x8003dab0       0x28 /opt/devkitpro/libogc/lib/wii/libwiiuse.a(wiiuse.o)
                0x8003dab0                wiiuse_set_flags
 .text.wiiuse_read_data
                0x8003dad8      0x12c /opt/devkitpro/libogc/lib/wii/libwiiuse.a(wiiuse.o)
                0x8003dad8                wiiuse_read_data
 .text.wiiuse_write_data
                0x8003dc04      0x160 /opt/devkitpro/libogc/lib/wii/libwiiuse.a(wiiuse.o)
                0x8003dc04                wiiuse_write_data
 .text.wiiuse_sendcmd
                0x8003dd64      0x14c /opt/devkitpro/libogc/lib/wii/libwiiuse.a(wiiuse.o)
                0x8003dd64                wiiuse_sendcmd
 .text.wiiuse_set_leds
                0x8003deb0       0x50 /opt/devkitpro/libogc/lib/wii/libwiiuse.a(wiiuse.o)
                0x8003deb0                wiiuse_set_leds
 .text.wiiuse_set_report_type
                0x8003df00       0xb4 /opt/devkitpro/libogc/lib/wii/libwiiuse.a(wiiuse.o)
                0x8003df00                wiiuse_set_report_type
 .text.wiiuse_status
                0x8003dfb4       0x4c /opt/devkitpro/libogc/lib/wii/libwiiuse.a(wiiuse.o)
                0x8003dfb4                wiiuse_status
 .text.wiiuse_motion_sensing
                0x8003e000       0x84 /opt/devkitpro/libogc/lib/wii/libwiiuse.a(wiiuse.o)
                0x8003e000                wiiuse_motion_sensing
 .text.wiiuse_set_speaker
                0x8003e084      0x258 /opt/devkitpro/libogc/lib/wii/libwiiuse.a(speaker.o)
                0x8003e084                wiiuse_set_speaker
 .text.classic_ctrl_pressed_buttons
                0x8003e2dc       0x4c /opt/devkitpro/libogc/lib/wii/libwiiuse.a(classic.o)
 .text.classic_ctrl_handshake
                0x8003e328      0x460 /opt/devkitpro/libogc/lib/wii/libwiiuse.a(classic.o)
                0x8003e328                classic_ctrl_handshake
 .text.classic_ctrl_disconnected
                0x8003e788        0xc /opt/devkitpro/libogc/lib/wii/libwiiuse.a(classic.o)
                0x8003e788                classic_ctrl_disconnected
 .text.classic_ctrl_event
                0x8003e794      0x19c /opt/devkitpro/libogc/lib/wii/libwiiuse.a(classic.o)
                0x8003e794                classic_ctrl_event
 .text.handle_expansion
                0x8003e930       0x54 /opt/devkitpro/libogc/lib/wii/libwiiuse.a(events.o)
 .text.parse_event
                0x8003e984      0x704 /opt/devkitpro/libogc/lib/wii/libwiiuse.a(events.o)
                0x8003e984                parse_event
 .text.guitar_hero_3_handshake
                0x8003f088       0x5c /opt/devkitpro/libogc/lib/wii/libwiiuse.a(guitar_hero_3.o)
                0x8003f088                guitar_hero_3_handshake
 .text.guitar_hero_3_disconnected
                0x8003f0e4        0xc /opt/devkitpro/libogc/lib/wii/libwiiuse.a(guitar_hero_3.o)
                0x8003f0e4                guitar_hero_3_disconnected
 .text.guitar_hero_3_event
                0x8003f0f0       0x60 /opt/devkitpro/libogc/lib/wii/libwiiuse.a(guitar_hero_3.o)
                0x8003f0f0                guitar_hero_3_event
 .text.acl_wlp_completed
                0x8003f150        0x8 /opt/devkitpro/libogc/lib/wii/libbte.a(bte.o)
                0x8003f150                acl_wlp_completed
 .text.bt_alarmhandler
                0x8003f158       0x58 /opt/devkitpro/libogc/lib/wii/libbte.a(bte.o)
 .text.__bte_send_pending_request
                0x8003f1b0      0x108 /opt/devkitpro/libogc/lib/wii/libbte.a(bte.o)
 .text.acl_conn_complete
                0x8003f2b8       0x28 /opt/devkitpro/libogc/lib/wii/libbte.a(bte.o)
                0x8003f2b8                acl_conn_complete
 .text.acl_auth_complete
                0x8003f2e0       0x2c /opt/devkitpro/libogc/lib/wii/libbte.a(bte.o)
                0x8003f2e0                acl_auth_complete
 .text.pin_req  0x8003f30c       0x8c /opt/devkitpro/libogc/lib/wii/libbte.a(bte.o)
                0x8003f30c                pin_req
 .text.l2cap_connected
                0x8003f398       0xf0 /opt/devkitpro/libogc/lib/wii/libbte.a(bte.o)
                0x8003f398                l2cap_connected
 .text.l2cap_accepted
                0x8003f488       0xe8 /opt/devkitpro/libogc/lib/wii/libbte.a(bte.o)
                0x8003f488                l2cap_accepted
 .text.bte_inquiry_complete
                0x8003f570      0x240 /opt/devkitpro/libogc/lib/wii/libbte.a(bte.o)
                0x8003f570                bte_inquiry_complete
 .text.l2cap_disconnect_cfm
                0x8003f7b0      0x180 /opt/devkitpro/libogc/lib/wii/libbte.a(bte.o)
                0x8003f7b0                l2cap_disconnect_cfm
 .text.bte_process_input
                0x8003f930      0x120 /opt/devkitpro/libogc/lib/wii/libbte.a(bte.o)
 .text.l2cap_disconnected_ind
                0x8003fa50      0x18c /opt/devkitpro/libogc/lib/wii/libbte.a(bte.o)
                0x8003fa50                l2cap_disconnected_ind
 .text.__bte_shutdown_finished
                0x8003fbdc       0xe8 /opt/devkitpro/libogc/lib/wii/libbte.a(bte.o)
 .text.bte_hci_apply_patch_complete
                0x8003fcc4      0x170 /opt/devkitpro/libogc/lib/wii/libbte.a(bte.o)
                0x8003fcc4                bte_hci_apply_patch_complete
 .text.bte_hci_patch_complete
                0x8003fe34      0x37c /opt/devkitpro/libogc/lib/wii/libbte.a(bte.o)
                0x8003fe34                bte_hci_patch_complete
 .text.bte_read_remote_name_complete
                0x800401b0      0x190 /opt/devkitpro/libogc/lib/wii/libbte.a(bte.o)
                0x800401b0                bte_read_remote_name_complete
 .text.bte_hci_initcore_complete
                0x80040340      0x260 /opt/devkitpro/libogc/lib/wii/libbte.a(bte.o)
                0x80040340                bte_hci_initcore_complete
 .text.bte_read_stored_link_key_complete
                0x800405a0      0x288 /opt/devkitpro/libogc/lib/wii/libbte.a(bte.o)
                0x800405a0                bte_read_stored_link_key_complete
 .text.bte_set_evt_filter_complete
                0x80040828      0x1dc /opt/devkitpro/libogc/lib/wii/libbte.a(bte.o)
                0x80040828                bte_set_evt_filter_complete
 .text.bte_hci_initcore_complete2
                0x80040a04      0x230 /opt/devkitpro/libogc/lib/wii/libbte.a(bte.o)
 .text.bte_hci_initsub_complete
                0x80040c34      0x280 /opt/devkitpro/libogc/lib/wii/libbte.a(bte.o)
                0x80040c34                bte_hci_initsub_complete
 .text.BTE_Init
                0x80040eb4      0x154 /opt/devkitpro/libogc/lib/wii/libbte.a(bte.o)
                0x80040eb4                BTE_Init
 .text.BTE_Close
                0x80041008       0x64 /opt/devkitpro/libogc/lib/wii/libbte.a(bte.o)
                0x80041008                BTE_Close
 .text.BTE_Shutdown
                0x8004106c      0x10c /opt/devkitpro/libogc/lib/wii/libbte.a(bte.o)
                0x8004106c                BTE_Shutdown
 .text.BTE_InitCore
                0x80041178       0x8c /opt/devkitpro/libogc/lib/wii/libbte.a(bte.o)
                0x80041178                BTE_InitCore
 .text.BTE_ApplyPatch
                0x80041204       0xa4 /opt/devkitpro/libogc/lib/wii/libbte.a(bte.o)
                0x80041204                BTE_ApplyPatch
 .text.BTE_InitSub
                0x800412a8       0x90 /opt/devkitpro/libogc/lib/wii/libbte.a(bte.o)
                0x800412a8                BTE_InitSub
 .text.BTE_ReadStoredLinkKey
                0x80041338       0x90 /opt/devkitpro/libogc/lib/wii/libbte.a(bte.o)
                0x80041338                BTE_ReadStoredLinkKey
 .text.BTE_SetEvtFilter
                0x800413c8       0xb8 /opt/devkitpro/libogc/lib/wii/libbte.a(bte.o)
                0x800413c8                BTE_SetEvtFilter
 .text.BTE_ReadRemoteName
                0x80041480       0x8c /opt/devkitpro/libogc/lib/wii/libbte.a(bte.o)
                0x80041480                BTE_ReadRemoteName
 .text.BTE_LinkKeyRequestReply
                0x8004150c       0x9c /opt/devkitpro/libogc/lib/wii/libbte.a(bte.o)
                0x8004150c                BTE_LinkKeyRequestReply
 .text.BTE_LinkKeyRequestNegativeReply
                0x800415a8       0x8c /opt/devkitpro/libogc/lib/wii/libbte.a(bte.o)
                0x800415a8                BTE_LinkKeyRequestNegativeReply
 .text.BTE_GetPairMode
                0x80041634        0xc /opt/devkitpro/libogc/lib/wii/libbte.a(bte.o)
                0x80041634                BTE_GetPairMode
 .text.BTE_SetDisconnectCallback
                0x80041640        0x4 /opt/devkitpro/libogc/lib/wii/libbte.a(bte.o)
                0x80041640                BTE_SetDisconnectCallback
 .text.BTE_SetHostSyncButtonCallback
                0x80041644       0x60 /opt/devkitpro/libogc/lib/wii/libbte.a(bte.o)
                0x80041644                BTE_SetHostSyncButtonCallback
 .text.BTE_SetConnectionRequestCallback
                0x800416a4       0x60 /opt/devkitpro/libogc/lib/wii/libbte.a(bte.o)
                0x800416a4                BTE_SetConnectionRequestCallback
 .text.BTE_SetLinkKeyRequestCallback
                0x80041704       0x60 /opt/devkitpro/libogc/lib/wii/libbte.a(bte.o)
                0x80041704                BTE_SetLinkKeyRequestCallback
 .text.BTE_SetLinkKeyNotificationCallback
                0x80041764       0x60 /opt/devkitpro/libogc/lib/wii/libbte.a(bte.o)
                0x80041764                BTE_SetLinkKeyNotificationCallback
 .text.BTE_WriteStoredLinkKey
                0x800417c4       0x9c /opt/devkitpro/libogc/lib/wii/libbte.a(bte.o)
                0x800417c4                BTE_WriteStoredLinkKey
 .text.BTE_ClearStoredLinkKeys
                0x80041860       0x80 /opt/devkitpro/libogc/lib/wii/libbte.a(bte.o)
                0x80041860                BTE_ClearStoredLinkKeys
 .text.bte_new  0x800418e0       0x54 /opt/devkitpro/libogc/lib/wii/libbte.a(bte.o)
                0x800418e0                bte_new
 .text.bte_free
                0x80041934       0x38 /opt/devkitpro/libogc/lib/wii/libbte.a(bte.o)
                0x80041934                bte_free
 .text.BTE_Inquiry
                0x8004196c       0xd0 /opt/devkitpro/libogc/lib/wii/libbte.a(bte.o)
                0x8004196c                BTE_Inquiry
 .text.bte_disconnect
                0x80041a3c       0xcc /opt/devkitpro/libogc/lib/wii/libbte.a(bte.o)
                0x80041a3c                bte_disconnect
 .text.bte_connectasync
                0x80041b08      0x128 /opt/devkitpro/libogc/lib/wii/libbte.a(bte.o)
                0x80041b08                bte_connectasync
 .text.bte_connectasync_step2
                0x80041c30       0xe0 /opt/devkitpro/libogc/lib/wii/libbte.a(bte.o)
                0x80041c30                bte_connectasync_step2
 .text.bte_listenasync
                0x80041d10      0x114 /opt/devkitpro/libogc/lib/wii/libbte.a(bte.o)
                0x80041d10                bte_listenasync
 .text.bte_listenasync_step2
                0x80041e24       0xdc /opt/devkitpro/libogc/lib/wii/libbte.a(bte.o)
                0x80041e24                bte_listenasync_step2
 .text.bte_senddata
                0x80041f00      0x104 /opt/devkitpro/libogc/lib/wii/libbte.a(bte.o)
                0x80041f00                bte_senddata
 .text.bte_arg  0x80042004       0x38 /opt/devkitpro/libogc/lib/wii/libbte.a(bte.o)
                0x80042004                bte_arg
 .text.bte_received
                0x8004203c       0x38 /opt/devkitpro/libogc/lib/wii/libbte.a(bte.o)
                0x8004203c                bte_received
 .text.bte_disconnected
                0x80042074       0x38 /opt/devkitpro/libogc/lib/wii/libbte.a(bte.o)
                0x80042074                bte_disconnected
 .text.hci_get_link
                0x800420ac       0x84 /opt/devkitpro/libogc/lib/wii/libbte.a(hci.o)
 .text.hci_init
                0x80042130       0x7c /opt/devkitpro/libogc/lib/wii/libbte.a(hci.o)
                0x80042130                hci_init
 .text.hci_close
                0x800421ac      0x134 /opt/devkitpro/libogc/lib/wii/libbte.a(hci.o)
                0x800421ac                hci_close
 .text.hci_reset_all
                0x800422e0       0xa8 /opt/devkitpro/libogc/lib/wii/libbte.a(hci.o)
                0x800422e0                hci_reset_all
 .text.hci_arg  0x80042388        0xc /opt/devkitpro/libogc/lib/wii/libbte.a(hci.o)
                0x80042388                hci_arg
 .text.hci_cmd_complete
                0x80042394        0xc /opt/devkitpro/libogc/lib/wii/libbte.a(hci.o)
                0x80042394                hci_cmd_complete
 .text.hci_pin_req
                0x800423a0        0xc /opt/devkitpro/libogc/lib/wii/libbte.a(hci.o)
                0x800423a0                hci_pin_req
 .text.hci_sync_btn
                0x800423ac        0xc /opt/devkitpro/libogc/lib/wii/libbte.a(hci.o)
                0x800423ac                hci_sync_btn
 .text.hci_remote_name_req_complete
                0x800423b8        0xc /opt/devkitpro/libogc/lib/wii/libbte.a(hci.o)
                0x800423b8                hci_remote_name_req_complete
 .text.hci_link_key_req
                0x800423c4        0xc /opt/devkitpro/libogc/lib/wii/libbte.a(hci.o)
                0x800423c4                hci_link_key_req
 .text.hci_link_key_not
                0x800423d0        0xc /opt/devkitpro/libogc/lib/wii/libbte.a(hci.o)
                0x800423d0                hci_link_key_not
 .text.hci_connection_complete
                0x800423dc        0xc /opt/devkitpro/libogc/lib/wii/libbte.a(hci.o)
                0x800423dc                hci_connection_complete
 .text.hci_auth_complete
                0x800423e8        0xc /opt/devkitpro/libogc/lib/wii/libbte.a(hci.o)
                0x800423e8                hci_auth_complete
 .text.hci_wlp_complete
                0x800423f4        0xc /opt/devkitpro/libogc/lib/wii/libbte.a(hci.o)
                0x800423f4                hci_wlp_complete
 .text.hci_conn_req
                0x80042400        0xc /opt/devkitpro/libogc/lib/wii/libbte.a(hci.o)
                0x80042400                hci_conn_req
 .text.hci_reset
                0x8004240c       0xa8 /opt/devkitpro/libogc/lib/wii/libbte.a(hci.o)
                0x8004240c                hci_reset
 .text.hci_read_buffer_size
                0x800424b4       0xa8 /opt/devkitpro/libogc/lib/wii/libbte.a(hci.o)
                0x800424b4                hci_read_buffer_size
 .text.hci_read_bd_addr
                0x8004255c       0xa8 /opt/devkitpro/libogc/lib/wii/libbte.a(hci.o)
                0x8004255c                hci_read_bd_addr
 .text.hci_read_local_version
                0x80042604       0xa4 /opt/devkitpro/libogc/lib/wii/libbte.a(hci.o)
                0x80042604                hci_read_local_version
 .text.hci_read_local_features
                0x800426a8       0xa8 /opt/devkitpro/libogc/lib/wii/libbte.a(hci.o)
                0x800426a8                hci_read_local_features
 .text.hci_read_stored_link_key
                0x80042750      0x10c /opt/devkitpro/libogc/lib/wii/libbte.a(hci.o)
                0x80042750                hci_read_stored_link_key
 .text.hci_set_event_filter
                0x8004285c      0x180 /opt/devkitpro/libogc/lib/wii/libbte.a(hci.o)
                0x8004285c                hci_set_event_filter
 .text.hci_write_page_timeout
                0x800429dc       0xd4 /opt/devkitpro/libogc/lib/wii/libbte.a(hci.o)
                0x800429dc                hci_write_page_timeout
 .text.hci_write_scan_enable
                0x80042ab0       0xc0 /opt/devkitpro/libogc/lib/wii/libbte.a(hci.o)
                0x80042ab0                hci_write_scan_enable
 .text.hci_inquiry
                0x80042b70      0x144 /opt/devkitpro/libogc/lib/wii/libbte.a(hci.o)
                0x80042b70                hci_inquiry
 .text.hci_accept_conn_request
                0x80042cb4       0xf0 /opt/devkitpro/libogc/lib/wii/libbte.a(hci.o)
                0x80042cb4                hci_accept_conn_request
 .text.hci_write_local_name
                0x80042da4       0xec /opt/devkitpro/libogc/lib/wii/libbte.a(hci.o)
                0x80042da4                hci_write_local_name
 .text.hci_write_pin_type
                0x80042e90       0xc0 /opt/devkitpro/libogc/lib/wii/libbte.a(hci.o)
                0x80042e90                hci_write_pin_type
 .text.hci_read_remote_name
                0x80042f50      0x1b4 /opt/devkitpro/libogc/lib/wii/libbte.a(hci.o)
                0x80042f50                hci_read_remote_name
 .text.hci_write_inquiry_mode
                0x80043104       0xc0 /opt/devkitpro/libogc/lib/wii/libbte.a(hci.o)
                0x80043104                hci_write_inquiry_mode
 .text.hci_write_page_scan_type
                0x800431c4       0xc0 /opt/devkitpro/libogc/lib/wii/libbte.a(hci.o)
                0x800431c4                hci_write_page_scan_type
 .text.hci_write_inquiry_scan_type
                0x80043284       0xc0 /opt/devkitpro/libogc/lib/wii/libbte.a(hci.o)
                0x80043284                hci_write_inquiry_scan_type
 .text.hci_vendor_specific_command
                0x80043344      0x104 /opt/devkitpro/libogc/lib/wii/libbte.a(hci.o)
                0x80043344                hci_vendor_specific_command
 .text.hci_auth_req
                0x80043448       0xe8 /opt/devkitpro/libogc/lib/wii/libbte.a(hci.o)
                0x80043448                hci_auth_req
 .text.hci_write_link_policy_settings
                0x80043530      0x104 /opt/devkitpro/libogc/lib/wii/libbte.a(hci.o)
                0x80043530                hci_write_link_policy_settings
 .text.hci_pin_code_request_reply
                0x80043634      0x150 /opt/devkitpro/libogc/lib/wii/libbte.a(hci.o)
                0x80043634                hci_pin_code_request_reply
 .text.hci_link_key_req_reply
                0x80043784      0x114 /opt/devkitpro/libogc/lib/wii/libbte.a(hci.o)
                0x80043784                hci_link_key_req_reply
 .text.hci_pin_code_request_neg_reply
                0x80043898       0xd4 /opt/devkitpro/libogc/lib/wii/libbte.a(hci.o)
                0x80043898                hci_pin_code_request_neg_reply
 .text.hci_link_key_req_neg_reply
                0x8004396c       0xd4 /opt/devkitpro/libogc/lib/wii/libbte.a(hci.o)
                0x8004396c                hci_link_key_req_neg_reply
 .text.hci_disconnect
                0x80043a40      0x104 /opt/devkitpro/libogc/lib/wii/libbte.a(hci.o)
                0x80043a40                hci_disconnect
 .text.hci_reject_connection_request
                0x80043b44       0xf0 /opt/devkitpro/libogc/lib/wii/libbte.a(hci.o)
                0x80043b44                hci_reject_connection_request
 .text.hci_write_stored_link_key
                0x80043c34      0x128 /opt/devkitpro/libogc/lib/wii/libbte.a(hci.o)
                0x80043c34                hci_write_stored_link_key
 .text.hci_delete_stored_link_key
                0x80043d5c      0x10c /opt/devkitpro/libogc/lib/wii/libbte.a(hci.o)
                0x80043d5c                hci_delete_stored_link_key
 .text.hci_write_cod
                0x80043e68       0xd8 /opt/devkitpro/libogc/lib/wii/libbte.a(hci.o)
                0x80043e68                hci_write_cod
 .text.hci_host_buffer_size
                0x80043f40      0x11c /opt/devkitpro/libogc/lib/wii/libbte.a(hci.o)
                0x80043f40                hci_host_buffer_size
 .text.hci_host_num_comp_packets
                0x8004405c      0x110 /opt/devkitpro/libogc/lib/wii/libbte.a(hci.o)
                0x8004405c                hci_host_num_comp_packets
 .text.lp_pdu_maxsize
                0x8004416c        0xc /opt/devkitpro/libogc/lib/wii/libbte.a(hci.o)
                0x8004416c                lp_pdu_maxsize
 .text.hci_get_bd_addr
                0x80044178       0x50 /opt/devkitpro/libogc/lib/wii/libbte.a(hci.o)
                0x80044178                hci_get_bd_addr
 .text.lp_is_connected
                0x800441c8       0x28 /opt/devkitpro/libogc/lib/wii/libbte.a(hci.o)
                0x800441c8                lp_is_connected
 .text.lp_acl_write
                0x800441f0      0x154 /opt/devkitpro/libogc/lib/wii/libbte.a(hci.o)
                0x800441f0                lp_acl_write
 .text.lp_write_flush_timeout
                0x80044344      0x104 /opt/devkitpro/libogc/lib/wii/libbte.a(hci.o)
                0x80044344                lp_write_flush_timeout
 .text.lp_connect_req
                0x80044448      0x294 /opt/devkitpro/libogc/lib/wii/libbte.a(hci.o)
                0x80044448                lp_connect_req
 .text.hci_event_handler
                0x800446dc      0xf00 /opt/devkitpro/libogc/lib/wii/libbte.a(hci.o)
                0x800446dc                hci_event_handler
 .text.hci_acldata_handler
                0x800455dc      0x110 /opt/devkitpro/libogc/lib/wii/libbte.a(hci.o)
                0x800455dc                hci_acldata_handler
 .text.l2cap_init
                0x800456ec       0x60 /opt/devkitpro/libogc/lib/wii/libbte.a(l2cap.o)
                0x800456ec                l2cap_init
 .text.l2cap_write
                0x8004574c      0x1a0 /opt/devkitpro/libogc/lib/wii/libbte.a(l2cap.o)
                0x8004574c                l2cap_write
 .text.l2cap_new
                0x800458ec       0x60 /opt/devkitpro/libogc/lib/wii/libbte.a(l2cap.o)
                0x800458ec                l2cap_new
 .text.l2cap_close
                0x8004594c      0x1c0 /opt/devkitpro/libogc/lib/wii/libbte.a(l2cap.o)
                0x8004594c                l2cap_close
 .text.l2cap_reset_all
                0x80045b0c      0x148 /opt/devkitpro/libogc/lib/wii/libbte.a(l2cap.o)
                0x80045b0c                l2cap_reset_all
 .text.l2cap_signal
                0x80045c54      0x204 /opt/devkitpro/libogc/lib/wii/libbte.a(l2cap.o)
                0x80045c54                l2cap_signal
 .text.l2ca_connect_req
                0x80045e58      0x1e0 /opt/devkitpro/libogc/lib/wii/libbte.a(l2cap.o)
                0x80045e58                l2ca_connect_req
 .text.l2ca_config_req
                0x80046038      0x13c /opt/devkitpro/libogc/lib/wii/libbte.a(l2cap.o)
                0x80046038                l2ca_config_req
 .text.l2ca_disconnect_req
                0x80046174       0xcc /opt/devkitpro/libogc/lib/wii/libbte.a(l2cap.o)
                0x80046174                l2ca_disconnect_req
 .text.l2cap_tmr
                0x80046240      0x260 /opt/devkitpro/libogc/lib/wii/libbte.a(l2cap.o)
                0x80046240                l2cap_tmr
 .text.l2cap_process_sig
                0x800464a0     0x1320 /opt/devkitpro/libogc/lib/wii/libbte.a(l2cap.o)
                0x800464a0                l2cap_process_sig
 .text.l2cap_input
                0x800477c0      0x5b8 /opt/devkitpro/libogc/lib/wii/libbte.a(l2cap.o)
                0x800477c0                l2cap_input
 .text.l2ca_datawrite
                0x80047d78      0x128 /opt/devkitpro/libogc/lib/wii/libbte.a(l2cap.o)
                0x80047d78                l2ca_datawrite
 .text.lp_connect_cfm
                0x80047ea0      0x17c /opt/devkitpro/libogc/lib/wii/libbte.a(l2cap.o)
                0x80047ea0                lp_connect_cfm
 .text.lp_connect_ind
                0x8004801c        0x4 /opt/devkitpro/libogc/lib/wii/libbte.a(l2cap.o)
                0x8004801c                lp_connect_ind
 .text.lp_disconnect_ind
                0x80048020      0x1b0 /opt/devkitpro/libogc/lib/wii/libbte.a(l2cap.o)
                0x80048020                lp_disconnect_ind
 .text.l2cap_disconnect_bb
                0x800481d0       0x10 /opt/devkitpro/libogc/lib/wii/libbte.a(l2cap.o)
                0x800481d0                l2cap_disconnect_bb
 .text.l2cap_arg
                0x800481e0        0x8 /opt/devkitpro/libogc/lib/wii/libbte.a(l2cap.o)
                0x800481e0                l2cap_arg
 .text.l2cap_connect_ind
                0x800481e8      0x100 /opt/devkitpro/libogc/lib/wii/libbte.a(l2cap.o)
                0x800481e8                l2cap_connect_ind
 .text.l2cap_disconnect_ind
                0x800482e8        0x8 /opt/devkitpro/libogc/lib/wii/libbte.a(l2cap.o)
                0x800482e8                l2cap_disconnect_ind
 .text.l2cap_recv
                0x800482f0        0x8 /opt/devkitpro/libogc/lib/wii/libbte.a(l2cap.o)
                0x800482f0                l2cap_recv
 .text.btmemb_init
                0x800482f8       0x24 /opt/devkitpro/libogc/lib/wii/libbte.a(btmemb.o)
                0x800482f8                btmemb_init
 .text.btmemb_alloc
                0x8004831c       0x98 /opt/devkitpro/libogc/lib/wii/libbte.a(btmemb.o)
                0x8004831c                btmemb_alloc
 .text.btmemb_free
                0x800483b4       0xe0 /opt/devkitpro/libogc/lib/wii/libbte.a(btmemb.o)
                0x800483b4                btmemb_free
 .text.plug_holes
                0x80048494       0xac /opt/devkitpro/libogc/lib/wii/libbte.a(btmemr.o)
 .text.btmemr_init
                0x80048540       0xa4 /opt/devkitpro/libogc/lib/wii/libbte.a(btmemr.o)
                0x80048540                btmemr_init
 .text.btmemr_malloc
                0x800485e4      0x180 /opt/devkitpro/libogc/lib/wii/libbte.a(btmemr.o)
                0x800485e4                btmemr_malloc
 .text.btmemr_free
                0x80048764       0x98 /opt/devkitpro/libogc/lib/wii/libbte.a(btmemr.o)
                0x80048764                btmemr_free
 .text.btmemr_realloc
                0x800487fc      0x120 /opt/devkitpro/libogc/lib/wii/libbte.a(btmemr.o)
                0x800487fc                btmemr_realloc
 .text.btpbuf_init
                0x8004891c       0x28 /opt/devkitpro/libogc/lib/wii/libbte.a(btpbuf.o)
                0x8004891c                btpbuf_init
 .text.btpbuf_free
                0x80048944      0x104 /opt/devkitpro/libogc/lib/wii/libbte.a(btpbuf.o)
                0x80048944                btpbuf_free
 .text.btpbuf_alloc
                0x80048a48      0x270 /opt/devkitpro/libogc/lib/wii/libbte.a(btpbuf.o)
                0x80048a48                btpbuf_alloc
 .text.btpbuf_realloc
                0x80048cb8      0x120 /opt/devkitpro/libogc/lib/wii/libbte.a(btpbuf.o)
                0x80048cb8                btpbuf_realloc
 .text.btpbuf_header
                0x80048dd8       0x84 /opt/devkitpro/libogc/lib/wii/libbte.a(btpbuf.o)
                0x80048dd8                btpbuf_header
 .text.btpbuf_ref
                0x80048e5c       0x48 /opt/devkitpro/libogc/lib/wii/libbte.a(btpbuf.o)
                0x80048e5c                btpbuf_ref
 .text.btpbuf_chain
                0x80048ea4       0x9c /opt/devkitpro/libogc/lib/wii/libbte.a(btpbuf.o)
                0x80048ea4                btpbuf_chain
 .text.btpbuf_dechain
                0x80048f40       0x7c /opt/devkitpro/libogc/lib/wii/libbte.a(btpbuf.o)
                0x80048f40                btpbuf_dechain
 .text.btpbuf_take
                0x80048fbc      0x13c /opt/devkitpro/libogc/lib/wii/libbte.a(btpbuf.o)
                0x80048fbc                btpbuf_take
 .text.__writebulkmsgCB
                0x800490f8       0x3c /opt/devkitpro/libogc/lib/wii/libbte.a(physbusif.o)
 .text.__writectrlmsgCB
                0x80049134       0x3c /opt/devkitpro/libogc/lib/wii/libbte.a(physbusif.o)
 .text.__issue_intrread.part.0
                0x80049170       0x80 /opt/devkitpro/libogc/lib/wii/libbte.a(physbusif.o)
 .text.__readintrdataCB
                0x800491f0      0x150 /opt/devkitpro/libogc/lib/wii/libbte.a(physbusif.o)
 .text.__issue_bulkread.part.0
                0x80049340       0x80 /opt/devkitpro/libogc/lib/wii/libbte.a(physbusif.o)
 .text.__readbulkdataCB
                0x800493c0      0x150 /opt/devkitpro/libogc/lib/wii/libbte.a(physbusif.o)
 .text.physbusif_init
                0x80049510      0x1ec /opt/devkitpro/libogc/lib/wii/libbte.a(physbusif.o)
                0x80049510                physbusif_init
 .text.physbusif_close
                0x800496fc       0x20 /opt/devkitpro/libogc/lib/wii/libbte.a(physbusif.o)
                0x800496fc                physbusif_close
 .text.physbusif_shutdown
                0x8004971c       0x18 /opt/devkitpro/libogc/lib/wii/libbte.a(physbusif.o)
                0x8004971c                physbusif_shutdown
 .text.physbusif_reset_all
                0x80049734        0x4 /opt/devkitpro/libogc/lib/wii/libbte.a(physbusif.o)
                0x80049734                physbusif_reset_all
 .text.physbusif_output