Archive member included to satisfy reference by file (symbol)

/opt/devkitpro/portlibs/wii/lib/libSDLmain.a(SDL_wii_main.o)
                              /opt/devkitpro/devkitPPC/bin/../lib/gcc/powerpc-eabi/13.1.0/../../../../powerpc-eabi/lib/crtmain.o (main)
/opt/devkitpro/portlibs/wii/lib/libSDL.a(SDL.o)
                              si.o (SDL_Init)
/opt/devkitpro/portlibs/wii/lib/libSDL.a(SDL_error.o)
                              /opt/devkitpro/portlibs/wii/lib/libSDL.a(SDL.o) (SDL_SetError)
/opt/devkitpro/portlibs/wii/lib/libSDL.a(SDL_fatal.o)
                              /opt/devkitpro/portlibs/wii/lib/libSDL.a(SDL.o) (SDL_InstallParachute)
/opt/devkitpro/portlibs/wii/lib/libSDL.a(SDL_audio.o)
                              /opt/devkitpro/portlibs/wii/lib/libSDL.a(SDL.o) (SDL_AudioQuit)
/opt/devkitpro/portlibs/wii/lib/libSDL.a(SDL_audiocvt.o)
                              /opt/devkitpro/portlibs/wii/lib/libSDL.a(SDL_audio.o) (SDL_ConvertAudio)
/opt/devkitpro/portlibs/wii/lib/libSDL.a(SDL_events.o)
                              si.o (SDL_PollEvent)
/opt/devkitpro/portlibs/wii/lib/libSDL.a(SDL_keyboard.o)
                              /opt/devkitpro/portlibs/wii/lib/libSDL.a(SDL_events.o) (SDL_KeyboardInit)
/opt/devkitpro/portlibs/wii/lib/libSDL.a(SDL_mouse.o)
                              /opt/devkitpro/portlibs/wii/lib/libSDL.a(SDL_events.o) (SDL_MouseInit)
/opt/devkitpro/portlibs/wii/lib/libSDL.a(SDL_quit.o)
                              /opt/devkitpro/portlibs/wii/lib/libSDL.a(SDL_events.o) (SDL_QuitInit)
/opt/devkitpro/portlibs/wii/lib/libSDL.a(SDL_rwops.o)
                              si.o (SDL_RWFromFile)
/opt/devkitpro/portlibs/wii/lib/libSDL.a(SDL_thread.o)
                              /opt/devkitpro/portlibs/wii/lib/libSDL.a(SDL_error.o) (SDL_GetErrBuf)
/opt/devkitpro/portlibs/wii/lib/libSDL.a(SDL_timer.o)
                              /opt/devkitpro/portlibs/wii/lib/libSDL.a(SDL_events.o) (SDL_timer_running)
/opt/devkitpro/portlibs/wii/lib/libSDL.a(SDL_bmp.o)
                              si.o (SDL_LoadBMP_RW)
/opt/devkitpro/portlibs/wii/lib/libSDL.a(SDL_cursor.o)
                              /opt/devkitpro/portlibs/wii/lib/libSDL.a(SDL_mouse.o) (SDL_MoveCursor)
/opt/devkitpro/portlibs/wii/lib/libSDL.a(SDL_pixels.o)
                              si.o (SDL_MapRGB)
/opt/devkitpro/portlibs/wii/lib/libSDL.a(SDL_surface.o)
                              si.o (SDL_SetColorKey)
/opt/devkitpro/portlibs/wii/lib/libSDL.a(SDL_video.o)
                              /opt/devkitpro/portlibs/wii/lib/libSDL.a(SDL_events.o) (current_video)
/opt/devkitpro/portlibs/wii/lib/libSDL.a(SDL_joystick.o)
                              /opt/devkitpro/portlibs/wii/lib/libSDL.a(SDL.o) (SDL_JoystickInit)
/opt/devkitpro/portlibs/wii/lib/libSDL.a(SDL_systimer.o)
                              /opt/devkitpro/portlibs/wii/lib/libSDL.a(SDL.o) (SDL_StartTicks)
/opt/devkitpro/portlibs/wii/lib/libSDL.a(SDL_ogcAudio.o)
                              /opt/devkitpro/portlibs/wii/lib/libSDL.a(SDL_audio.o) (OGCAUD_bootstrap)
/opt/devkitpro/portlibs/wii/lib/libSDL.a(SDL_sysjoystick.o)
                              /opt/devkitpro/portlibs/wii/lib/libSDL.a(SDL_joystick.o) (SDL_SYS_JoystickInit)
/opt/devkitpro/portlibs/wii/lib/libSDL.a(SDL_sysmutex.o)
                              /opt/devkitpro/portlibs/wii/lib/libSDL.a(SDL_audio.o) (SDL_CreateMutex)
/opt/devkitpro/portlibs/wii/lib/libSDL.a(SDL_syssem.o)
                              /opt/devkitpro/portlibs/wii/lib/libSDL.a(SDL_thread.o) (SDL_CreateSemaphore)
/opt/devkitpro/portlibs/wii/lib/libSDL.a(SDL_systhread.o)
                              /opt/devkitpro/portlibs/wii/lib/libSDL.a(SDL_thread.o) (SDL_SYS_CreateThread)
/opt/devkitpro/portlibs/wii/lib/libSDL.a(SDL_ogc_video.o)
                              /opt/devkitpro/portlibs/wii/lib/libSDLmain.a(SDL_wii_main.o) (OGC_InitVideoSystem)
/opt/devkitpro/portlibs/wii/lib/libSDL.a(SDL_active.o)
                              /opt/devkitpro/portlibs/wii/lib/libSDL.a(SDL_events.o) (SDL_AppActiveInit)
/opt/devkitpro/portlibs/wii/lib/libSDL.a(SDL_resize.o)
                              /opt/devkitpro/portlibs/wii/lib/libSDL.a(SDL_video.o) (SDL_PrivateResize)
/opt/devkitpro/portlibs/wii/lib/libSDL.a(SDL_string.o)
                              /opt/devkitpro/portlibs/wii/lib/libSDL.a(SDL_pixels.o) (SDL_memcmp)
/opt/devkitpro/portlibs/wii/lib/libSDL.a(SDL_RLEaccel.o)
                              /opt/devkitpro/portlibs/wii/lib/libSDL.a(SDL_pixels.o) (SDL_UnRLESurface)
/opt/devkitpro/portlibs/wii/lib/libSDL.a(SDL_blit.o)
                              /opt/devkitpro/portlibs/wii/lib/libSDL.a(SDL_pixels.o) (SDL_CalculateBlit)
/opt/devkitpro/portlibs/wii/lib/libSDL.a(SDL_blit_0.o)
                              /opt/devkitpro/portlibs/wii/lib/libSDL.a(SDL_blit.o) (SDL_CalculateBlit0)
/opt/devkitpro/portlibs/wii/lib/libSDL.a(SDL_blit_1.o)
                              /opt/devkitpro/portlibs/wii/lib/libSDL.a(SDL_blit.o) (SDL_CalculateBlit1)
[...]
Memory Configuration

Name             Origin             Length             Attributes
*default*        0x00000000         0xffffffff

Linker script and memory map

                0x00003400                        . = 0x3400

.stub
 *(.stub)
                0x80004000                        . = 0x80004000

.init           0x80004000      0x194
 *crt0.o(*.init)
 .init          0x80004000      0x170 /opt/devkitpro/libogc/lib/wii/libogc.a(ogc_crt0.o)
                0x80004000                _start
                0x80004140                _memset
 *(.init)
 .init          0x80004170        0xc /opt/devkitpro/devkitPPC/bin/../lib/gcc/powerpc-eabi/13.1.0/ecrti.o
                0x80004170                __init
 .init          0x8000417c        0x4 /opt/devkitpro/devkitPPC/bin/../lib/gcc/powerpc-eabi/13.1.0/crtbegin.o
 .init          0x80004180        0x4 /opt/devkitpro/devkitPPC/bin/../lib/gcc/powerpc-eabi/13.1.0/crtend.o
 .init          0x80004184       0x10 /opt/devkitpro/devkitPPC/bin/../lib/gcc/powerpc-eabi/13.1.0/ecrtn.o

.rela.dyn       0x80004194        0x0
 .rela.iplt     0x80004194        0x0 /opt/devkitpro/devkitPPC/bin/../lib/gcc/powerpc-eabi/13.1.0/crtbegin.o

.plt
 *(.plt)

.interp
 *(.interp)

.hash
 *(.hash)

.dynsym
 *(.dynsym)

.dynstr
 *(.dynstr)

.gnu.version
 *(.gnu.version)

.gnu.version_d
 *(.gnu.version_d)

.gnu.version_r
 *(.gnu.version_r)

.rel.init
 *(.rel.init)

.rela.init
 *(.rela.init)

.rel.text
 *(.rel.text .rel.text.* .rel.gnu.linkonce.t.*)

.rela.text      0x80004194        0x0
 *(.rela.text .rela.text.* .rela.gnu.linkonce.t.*)
 .rela.text.__do_global_dtors_aux
                0x80004194        0x0 /opt/devkitpro/devkitPPC/bin/../lib/gcc/powerpc-eabi/13.1.0/crtbegin.o
 .rela.text.frame_dummy
                0x80004194        0x0 /opt/devkitpro/devkitPPC/bin/../lib/gcc/powerpc-eabi/13.1.0/crtbegin.o
 .rela.text.unlikely.abort
                0x80004194        0x0 /opt/devkitpro/devkitPPC/bin/../lib/gcc/powerpc-eabi/13.1.0/crtbegin.o
 .rela.text.__assert_func
                0x80004194        0x0 /opt/devkitpro/devkitPPC/bin/../lib/gcc/powerpc-eabi/13.1.0/crtbegin.o

.rel.fini
 *(.rel.fini)

.rela.fini
 *(.rela.fini)

.rel.rodata
 *(.rel.rodata .rel.rodata.* .rel.gnu.linkonce.r.*)

.rela.rodata
 *(.rela.rodata .rela.rodata.* .rela.gnu.linkonce.r.*)

.rel.data
 *(.rel.data .rel.data.* .rel.gnu.linkonce.d.*)

.rela.data
 *(.rela.data .rela.data.* .rela.gnu.linkonce.d.*)

.rel.tdata
 *(.rel.tdata .rel.tdata.* .rel.gnu.linkonce.td.*)

.rela.tdata
 *(.rela.tdata .rela.tdata.* .rela.gnu.linkonce.td.*)

.rel.tbss
 *(.rel.tbss .rel.tbss.* .rel.gnu.linkonce.tb.*)

.rela.tbss
 *(.rela.tbss .rela.tbss.* .rela.gnu.linkonce.tb.*)

.rel.ctors
 *(.rel.ctors)

.rela.ctors
 *(.rela.ctors)

.rel.dtors
 *(.rel.dtors)

.rela.dtors
 *(.rela.dtors)

.rel.got
 *(.rel.got)

.rela.got
 *(.rela.got)

.rela.got1
 *(.rela.got1)

.rela.got2
 *(.rela.got2)

.rel.sdata
 *(.rel.sdata .rel.sdata.* .rel.gnu.linkonce.s.*)

.rela.sdata
 *(.rela.sdata .rela.sdata.* .rela.gnu.linkonce.s.*)

.rel.sbss
 *(.rel.sbss .rel.sbss.* .rel.gnu.linkonce.sb.*)

.rela.sbss
 *(.rela.sbss .rela.sbss.* .rel.gnu.linkonce.sb.*)

.rel.sdata2
 *(.rel.sdata2 .rel.sdata2.* .rel.gnu.linkonce.s2.*)

.rela.sdata2
 *(.rela.sdata2 .rela.sdata2.* .rela.gnu.linkonce.s2.*)

.rel.sbss2
 *(.rel.sbss2 .rel.sbss2.* .rel.gnu.linkonce.sb2.*)

.rela.sbss2
 *(.rela.sbss2 .rela.sbss2.* .rela.gnu.linkonce.sb2.*)

.rel.bss
 *(.rel.bss .rel.bss.* .rel.gnu.linkonce.b.*)

.rela.bss
 *(.rela.bss .rela.bss.* .rela.gnu.linkonce.b.*)

.rel.plt
 *(.rel.plt)

.rela.plt
 *(.rela.plt)

.text           0x800041a0    0x91660
 *(.text)
 .text          0x800041a0      0x44c /opt/devkitpro/libogc/lib/wii/libogc.a(lwp_handler.o)
                0x800041a0                _cpu_context_save_fp
                0x800042e0                _cpu_context_restore_fp
                0x80004420                _cpu_context_switch
                0x80004500                _cpu_context_save
                0x80004580                _cpu_context_restore
 .text          0x800045ec      0x4f4 /opt/devkitpro/libogc/lib/wii/libogc.a(cache_asm.o)
                0x800045ec                DCFlashInvalidate
                0x80004600                DCEnable
                0x80004614                DCDisable
                0x80004628                DCFreeze
                0x8000463c                DCUnfreeze
                0x80004650                DCTouchLoad
                0x80004658                DCBlockZero
                0x80004660                DCBlockStore
                0x80004668                DCBlockFlush
                0x80004670                DCBlockInvalidate
                0x80004678                DCInvalidateRange
                0x800046a8                DCFlushRange
                0x800046dc                DCStoreRange
                0x80004710                DCFlushRangeNoSync
                0x80004740                DCStoreRangeNoSync
                0x80004770                DCZeroRange
                0x800047a0                DCTouchRange
                0x800047d0                ICInvalidateRange
                0x80004808                ICFlashInvalidate
                0x8000481c                ICEnable
                0x80004830                ICDisable
                0x80004844                ICFreeze
                0x80004858                ICUnfreeze
                0x8000486c                ICBlockInvalidate
                0x80004874                ICSync
                0x8000487c                L2Init
                0x800048c4                L2Enable
                0x800048e0                L2Disable
                0x800048f8                L2GlobalInvalidate
                0x80004950                __LCEnable
                0x80004a1c                LCDisable
                0x80004a44                LCAllocOneTag
                0x80004a58                LCAllocTags
                0x80004a98                LCLoadBlocks
                0x80004abc                LCStoreBlocks
 .text          0x80004ae0      0x4a0 /opt/devkitpro/libogc/lib/wii/libogc.a(system_asm.o)
                0x80004ae0                __realmode
                0x80004af8                __configBATS
                0x80004c28                __InitFPRS
                0x80004d54                __InitPS
                0x80004db0                __InitCache
                0x80004e08                __InitSystem
                0x80004e90                __flush_cache
                0x80004ec4                __reset
                0x80004f34                __InitBATS
                0x80004f50                SYS_SwitchFiber
 .text          0x80004f80      0x8dc /opt/devkitpro/libogc/lib/wii/libogc.a(gu_psasm.o)
                0x80004f80                ps_guMtxConcat
                0x80005044                ps_guMtxIdentity
                0x80005070                ps_guMtxCopy
                0x800050a4                ps_guMtxTranspose
                0x800050f4                ps_guMtxInverse
                0x800051ec                ps_guMtxInvXpose
                0x800052b4                ps_guMtxScale
                0x800052dc                ps_guMtxScaleApply
                0x80005334                ps_guMtxApplyScale
                0x80005398                ps_guMtxTrans
                0x800053cc                ps_guMtxTransApply
                0x80005418                ps_guMtxApplyTrans
                0x80005494                ps_guMtxRotTrig
                0x80005544                __ps_guMtxRotAxisRadInternal
                0x80005604                ps_guMtxReflect
                0x80005674                ps_guVecAdd
                0x80005698                ps_guVecSub
                0x800056bc                ps_guVecScale
                0x800056d8                ps_guVecNormalize
                0x8000571c                ps_guVecCross
                0x80005758                ps_guVecDotProduct
                0x80005778                ps_guVecMultiply
                0x800057cc                ps_guVecMultiplySR
                0x8000583c                ps_guQuatDotProduct
 .text          0x8000585c      0x1ac /opt/devkitpro/libogc/lib/wii/libogc.a(irq_handler.o)
                0x8000585c                irq_exceptionhandler
 .text          0x80005a08      0x118 /opt/devkitpro/libogc/lib/wii/libogc.a(video_asm.o)
                0x80005a08                __VIClearFramebuffer
 .text          0x80005b20      0x1ac /opt/devkitpro/libogc/lib/wii/libogc.a(decrementer_handler.o)
                0x80005b20                dec_exceptionhandler
 .text          0x80005ccc      0x35c /opt/devkitpro/libogc/lib/wii/libogc.a(exception_handler.o)
                0x80005ccc                exceptionhandler_start
                0x80005d48                exceptionhandler_patch
                0x80005d7c                exceptionhandler_end
                0x80005d80                default_exceptionhandler
                0x80005eb0                fpu_exceptionhandler
                0x80005ff8                systemcallhandler_start
                0x80006024                systemcallhandler_end
 .text          0x80006028       0xe4 /opt/devkitpro/libogc/lib/wii/libogc.a(gu_ps_concat44.o)
                0x80006028                ps_guMtx44Concat
 .text          0x8000610c       0x48 /opt/devkitpro/devkitPPC/bin/../lib/gcc/powerpc-eabi/13.1.0/libgcc.a(eabi.o)
                0x8000610c                __eabi
 .text          0x80006154       0x58 /opt/devkitpro/devkitPPC/bin/../lib/gcc/powerpc-eabi/13.1.0/libgcc.a(crtresxgpr.o)
                0x80006154                _restgpr_14_x
                0x80006158                _restgpr_15_x
                0x8000615c                _restgpr_16_x
                0x80006160                _restgpr_17_x
                0x80006164                _restgpr_18_x
                0x80006168                _restgpr_19_x
                0x8000616c                _restgpr_20_x
                0x80006170                _restgpr_21_x
                0x80006174                _restgpr_22_x
                0x80006178                _restgpr_23_x
                0x8000617c                _restgpr_24_x
                0x80006180                _restgpr_25_x
                0x80006184                _restgpr_26_x
                0x80006188                _restgpr_27_x
                0x8000618c                _restgpr_28_x
                0x80006190                _restgpr_29_x
                0x80006194                _restgpr_30_x
                0x80006198                _restgpr_31_x
 .text          0x800061ac       0x58 /opt/devkitpro/devkitPPC/bin/../lib/gcc/powerpc-eabi/13.1.0/libgcc.a(crtresxfpr.o)
                0x800061ac                _restfpr_14_x
                0x800061b0                _restfpr_15_x
                0x800061b4                _restfpr_16_x
                0x800061b8                _restfpr_17_x
                0x800061bc                _restfpr_18_x
                0x800061c0                _restfpr_19_x
                0x800061c4                _restfpr_20_x
                0x800061c8                _restfpr_21_x
                0x800061cc                _restfpr_22_x
                0x800061d0                _restfpr_23_x
                0x800061d4                _restfpr_24_x
                0x800061d8                _restfpr_25_x
                0x800061dc                _restfpr_26_x
                0x800061e0                _restfpr_27_x
                0x800061e4                _restfpr_28_x
                0x800061e8                _restfpr_29_x
                0x800061ec                _restfpr_30_x
                0x800061f0                _restfpr_31_x
 *(.text.*)
 .text.__do_global_dtors_aux
                0x80006204       0xcc /opt/devkitpro/devkitPPC/bin/../lib/gcc/powerpc-eabi/13.1.0/crtbegin.o
 .text.frame_dummy
                0x800062d0       0x24 /opt/devkitpro/devkitPPC/bin/../lib/gcc/powerpc-eabi/13.1.0/crtbegin.o
 .text.__crtmain
                0x800062f4       0x44 /opt/devkitpro/devkitPPC/bin/../lib/gcc/powerpc-eabi/13.1.0/../../../../powerpc-eabi/lib/crtmain.o
                0x800062f8                __crtmain
 .text.saucer_hit_collision.part.0
                0x80006338      0x1c0 si.o
 .text.init_invaders
                0x800064f8      0x130 si.o
                0x800064f8                init_invaders
 .text.draw_title_screen
                0x80006628       0x6c si.o
                0x80006628                draw_title_screen
 .text.draw_invaders
                0x80006694      0x16c si.o
                0x80006694                draw_invaders
 .text.draw_char
                0x80006800      0x134 si.o
                0x80006800                draw_char
 .text.draw_hud
                0x80006934      0x39c si.o
                0x80006934                draw_hud
 .text.draw_game_over
                0x80006cd0       0x78 si.o
                0x80006cd0                draw_game_over
 .text.move_invaders
                0x80006d48      0x2f0 si.o
                0x80006d48                move_invaders
 .text.move_saucer
                0x80007038       0x90 si.o
                0x80007038                move_saucer
 .text.bullet_base_damage
                0x800070c8      0x1ec si.o
                0x800070c8                bullet_base_damage
 .text.enemy_base_damage
                0x800072b4      0x120 si.o
                0x800072b4                enemy_base_damage
 .text.enemy_base_collision
                0x800073d4      0x10c si.o
                0x800073d4                enemy_base_collision
 .text.enemy_hit_collision
                0x800074e0      0x15c si.o
                0x800074e0                enemy_hit_collision
 .text.player_hit_collision
                0x8000763c       0xec si.o
                0x8000763c                player_hit_collision
 .text.bullet_base_collision
                0x80007728      0x10c si.o
                0x80007728                bullet_base_collision
 .text.player_shoot
                0x80007834       0x58 si.o
                0x80007834                player_shoot
 .text.enemy_ai
                0x8000788c      0x1f0 si.o
                0x8000788c                enemy_ai
 .text.load_image
                0x80007a7c      0x154 si.o
                0x80007a7c                load_image
 .text.init_bases
                0x80007bd0       0xb4 si.o
                0x80007bd0                init_bases
 .text.enemy_player_collision
                0x80007c84       0xf8 si.o
                0x80007c84                enemy_player_collision
 .text.calculate_level
                0x80007d7c       0xb4 si.o
                0x80007d7c                calculate_level
 .text.SDL_main
                0x80007e30      0xaf4 si.o
                0x80007e30                SDL_main
 .text.ShutdownCB
                0x80008924       0x18 /opt/devkitpro/portlibs/wii/lib/libSDLmain.a(SDL_wii_main.o)
 .text.ResetCB  0x8000893c       0x18 /opt/devkitpro/portlibs/wii/lib/libSDLmain.a(SDL_wii_main.o)
 .text.RestartHomebrewChannel
                0x80008954       0x24 /opt/devkitpro/portlibs/wii/lib/libSDLmain.a(SDL_wii_main.o)
                0x80008954                RestartHomebrewChannel
 .text.Terminate
                0x80008978       0x6c /opt/devkitpro/portlibs/wii/lib/libSDLmain.a(SDL_wii_main.o)
                0x80008978                Terminate
 .text.startup.main
                0x800089e4       0xcc /opt/devkitpro/portlibs/wii/lib/libSDLmain.a(SDL_wii_main.o)
                0x800089e4                main
 .text.SDL_InitSubSystem
                0x80008ab0      0x1d0 /opt/devkitpro/portlibs/wii/lib/libSDL.a(SDL.o)
                0x80008ab0                SDL_InitSubSystem
 .text.SDL_Init
                0x80008c80       0x58 /opt/devkitpro/portlibs/wii/lib/libSDL.a(SDL.o)
                0x80008c80                SDL_Init
 .text.SDL_QuitSubSystem
                0x80008cd8       0xd8 /opt/devkitpro/portlibs/wii/lib/libSDL.a(SDL.o)
                0x80008cd8                SDL_QuitSubSystem
 .text.SDL_Quit
                0x80008db0       0x28 /opt/devkitpro/portlibs/wii/lib/libSDL.a(SDL.o)
                0x80008db0                SDL_Quit
 .text.SDL_SetError
                0x80008dd8      0x29c /opt/devkitpro/portlibs/wii/lib/libSDL.a(SDL_error.o)
                0x80008dd8                SDL_SetError
 .text.SDL_GetErrorMsg
                0x80009074      0x258 /opt/devkitpro/portlibs/wii/lib/libSDL.a(SDL_error.o)
                0x80009074                SDL_GetErrorMsg
 .text.SDL_GetError
                0x800092cc       0x10 /opt/devkitpro/portlibs/wii/lib/libSDL.a(SDL_error.o)
                0x800092cc                SDL_GetError
 .text.SDL_ClearError
                0x800092dc       0x28 /opt/devkitpro/portlibs/wii/lib/libSDL.a(SDL_error.o)
                0x800092dc                SDL_ClearError
 .text.SDL_Error
                0x80009304       0x6c /opt/devkitpro/portlibs/wii/lib/libSDL.a(SDL_error.o)
                0x80009304                SDL_Error
 .text.SDL_InstallParachute
                0x80009370        0x4 /opt/devkitpro/portlibs/wii/lib/libSDL.a(SDL_fatal.o)
                0x80009370                SDL_InstallParachute
 .text.SDL_UninstallParachute
                0x80009374        0x4 /opt/devkitpro/portlibs/wii/lib/libSDL.a(SDL_fatal.o)
                0x80009374                SDL_UninstallParachute
 .text.SDL_LockAudio_Default
                0x80009378       0x54 /opt/devkitpro/portlibs/wii/lib/libSDL.a(SDL_audio.o)
 .text.SDL_UnlockAudio_Default
                0x800093cc       0x54 /opt/devkitpro/portlibs/wii/lib/libSDL.a(SDL_audio.o)
 .text.SDL_AudioQuit
                0x80009420       0xdc /opt/devkitpro/portlibs/wii/lib/libSDL.a(SDL_audio.o)
                0x80009420                SDL_AudioQuit
 .text.SDL_AudioInit
                0x800094fc      0x130 /opt/devkitpro/portlibs/wii/lib/libSDL.a(SDL_audio.o)
                0x800094fc                SDL_AudioInit
 .text.SDL_CalculateAudioSpec
                0x8000962c       0x38 /opt/devkitpro/portlibs/wii/lib/libSDL.a(SDL_audio.o)
                0x8000962c                SDL_CalculateAudioSpec
 .text.SDL_Audio_SetCaption
                0x80009664       0x2c /opt/devkitpro/portlibs/wii/lib/libSDL.a(SDL_audio.o)
                0x80009664                SDL_Audio_SetCaption
 .text.SDL_ConvertAudio
                0x80009690       0x7c /opt/devkitpro/portlibs/wii/lib/libSDL.a(SDL_audiocvt.o)
                0x80009690                SDL_ConvertAudio
 .text.SDL_GobbleEvents
                0x8000970c      0x16c /opt/devkitpro/portlibs/wii/lib/libSDL.a(SDL_events.o)
 .text.SDL_Lock_EventThread
                0x80009878       0x88 /opt/devkitpro/portlibs/wii/lib/libSDL.a(SDL_events.o)
                0x80009878                SDL_Lock_EventThread
 .text.SDL_Unlock_EventThread
                0x80009900       0x58 /opt/devkitpro/portlibs/wii/lib/libSDL.a(SDL_events.o)
                0x80009900                SDL_Unlock_EventThread
 .text.SDL_StopEventLoop
                0x80009958       0xac /opt/devkitpro/portlibs/wii/lib/libSDL.a(SDL_events.o)
                0x80009958                SDL_StopEventLoop
 .text.SDL_StartEventLoop
                0x80009a04      0x154 /opt/devkitpro/portlibs/wii/lib/libSDL.a(SDL_events.o)
                0x80009a04                SDL_StartEventLoop
 .text.SDL_PeepEvents
                0x80009b58      0x30c /opt/devkitpro/portlibs/wii/lib/libSDL.a(SDL_events.o)
                0x80009b58                SDL_PeepEvents
 .text.SDL_PumpEvents
                0x80009e64       0x7c /opt/devkitpro/portlibs/wii/lib/libSDL.a(SDL_events.o)
                0x80009e64                SDL_PumpEvents
 .text.SDL_PollEvent
                0x80009ee0       0x4c /opt/devkitpro/portlibs/wii/lib/libSDL.a(SDL_events.o)
                0x80009ee0                SDL_PollEvent
 .text.SDL_PushEvent
                0x80009f2c       0x38 /opt/devkitpro/portlibs/wii/lib/libSDL.a(SDL_events.o)
                0x80009f2c                SDL_PushEvent
 .text.SDL_KeyboardInit
                0x80009f64      0xbd8 /opt/devkitpro/portlibs/wii/lib/libSDL.a(SDL_keyboard.o)
                0x80009f64                SDL_KeyboardInit
 .text.SDL_KeyboardQuit
                0x8000ab3c        0x4 /opt/devkitpro/portlibs/wii/lib/libSDL.a(SDL_keyboard.o)
                0x8000ab3c                SDL_KeyboardQuit
 .text.SDL_GetKeyState
                0x8000ab40       0x1c /opt/devkitpro/portlibs/wii/lib/libSDL.a(SDL_keyboard.o)
                0x8000ab40                SDL_GetKeyState
 .text.SDL_PrivateKeyboard
                0x8000ab5c      0x320 /opt/devkitpro/portlibs/wii/lib/libSDL.a(SDL_keyboard.o)
                0x8000ab5c                SDL_PrivateKeyboard
 .text.SDL_ResetKeyboard
                0x8000ae7c       0x9c /opt/devkitpro/portlibs/wii/lib/libSDL.a(SDL_keyboard.o)
                0x8000ae7c                SDL_ResetKeyboard
 .text.SDL_CheckKeyRepeat
                0x8000af18       0xe0 /opt/devkitpro/portlibs/wii/lib/libSDL.a(SDL_keyboard.o)
                0x8000af18                SDL_CheckKeyRepeat
 .text.ClipOffset
                0x8000aff8       0x60 /opt/devkitpro/portlibs/wii/lib/libSDL.a(SDL_mouse.o)
 .text.SDL_MouseInit
                0x8000b058       0x44 /opt/devkitpro/portlibs/wii/lib/libSDL.a(SDL_mouse.o)
                0x8000b058                SDL_MouseInit
 .text.SDL_MouseQuit
                0x8000b09c        0x4 /opt/devkitpro/portlibs/wii/lib/libSDL.a(SDL_mouse.o)
                0x8000b09c                SDL_MouseQuit
 .text.SDL_GetMouseState
                0x8000b0a0       0x34 /opt/devkitpro/portlibs/wii/lib/libSDL.a(SDL_mouse.o)
                0x8000b0a0                SDL_GetMouseState
 .text.SDL_GetRelativeMouseState
                0x8000b0d4       0x40 /opt/devkitpro/portlibs/wii/lib/libSDL.a(SDL_mouse.o)
                0x8000b0d4                SDL_GetRelativeMouseState
 .text.SDL_SetMouseRange
                0x8000b114       0x14 /opt/devkitpro/portlibs/wii/lib/libSDL.a(SDL_mouse.o)
                0x8000b114                SDL_SetMouseRange
 .text.SDL_PrivateMouseMotion
                0x8000b128      0x21c /opt/devkitpro/portlibs/wii/lib/libSDL.a(SDL_mouse.o)
                0x8000b128                SDL_PrivateMouseMotion
 .text.SDL_PrivateMouseButton
                0x8000b344      0x27c /opt/devkitpro/portlibs/wii/lib/libSDL.a(SDL_mouse.o)
                0x8000b344                SDL_PrivateMouseButton
 .text.SDL_ResetMouse
                0x8000b5c0       0x7c /opt/devkitpro/portlibs/wii/lib/libSDL.a(SDL_mouse.o)
                0x8000b5c0                SDL_ResetMouse
 .text.SDL_QuitInit
                0x8000b63c        0x8 /opt/devkitpro/portlibs/wii/lib/libSDL.a(SDL_quit.o)
                0x8000b63c                SDL_QuitInit
 .text.SDL_QuitQuit
                0x8000b644        0x4 /opt/devkitpro/portlibs/wii/lib/libSDL.a(SDL_quit.o)
                0x8000b644                SDL_QuitQuit
 .text.stdio_write
                0x8000b648       0x88 /opt/devkitpro/portlibs/wii/lib/libSDL.a(SDL_rwops.o)
 .text.stdio_read
                0x8000b6d0       0x88 /opt/devkitpro/portlibs/wii/lib/libSDL.a(SDL_rwops.o)
 .text.stdio_seek
                0x8000b758       0x5c /opt/devkitpro/portlibs/wii/lib/libSDL.a(SDL_rwops.o)
 .text.stdio_close
                0x8000b7b4       0x50 /opt/devkitpro/portlibs/wii/lib/libSDL.a(SDL_rwops.o)
 .text.SDL_RWFromFile
                0x8000b804       0xf8 /opt/devkitpro/portlibs/wii/lib/libSDL.a(SDL_rwops.o)
                0x8000b804                SDL_RWFromFile
 .text.SDL_ReadLE16
                0x8000b8fc       0x3c /opt/devkitpro/portlibs/wii/lib/libSDL.a(SDL_rwops.o)
                0x8000b8fc                SDL_ReadLE16
 .text.SDL_ReadLE32
                0x8000b938       0x3c /opt/devkitpro/portlibs/wii/lib/libSDL.a(SDL_rwops.o)
                0x8000b938                SDL_ReadLE32
 .text.SDL_DelThread.part.0
                0x8000b974      0x148 /opt/devkitpro/portlibs/wii/lib/libSDL.a(SDL_thread.o)
 .text.SDL_GetErrBuf
                0x8000babc      0x104 /opt/devkitpro/portlibs/wii/lib/libSDL.a(SDL_thread.o)
                0x8000babc                SDL_GetErrBuf
 .text.SDL_RunThread
                0x8000bbc0       0x70 /opt/devkitpro/portlibs/wii/lib/libSDL.a(SDL_thread.o)
                0x8000bbc0                SDL_RunThread
 .text.SDL_CreateThread
                0x8000bc30      0x200 /opt/devkitpro/portlibs/wii/lib/libSDL.a(SDL_thread.o)
                0x8000bc30                SDL_CreateThread
 .text.SDL_WaitThread
                0x8000be30       0x78 /opt/devkitpro/portlibs/wii/lib/libSDL.a(SDL_thread.o)
                0x8000be30                SDL_WaitThread
 .text.callback_wrapper
                0x8000bea8        0x8 /opt/devkitpro/portlibs/wii/lib/libSDL.a(SDL_timer.o)
 .text.SDL_AddTimerInternal
                0x8000beb0       0xb4 /opt/devkitpro/portlibs/wii/lib/libSDL.a(SDL_timer.o)
 .text.SDL_SetTimerThreaded
                0x8000bf64       0x54 /opt/devkitpro/portlibs/wii/lib/libSDL.a(SDL_timer.o)
                0x8000bf64                SDL_SetTimerThreaded
 .text.SDL_ThreadedTimerCheck
                0x8000bfb8      0x18c /opt/devkitpro/portlibs/wii/lib/libSDL.a(SDL_timer.o)
                0x8000bfb8                SDL_ThreadedTimerCheck
 .text.SDL_SetTimer
                0x8000c144      0x1a4 /opt/devkitpro/portlibs/wii/lib/libSDL.a(SDL_timer.o)
                0x8000c144                SDL_SetTimer
 .text.SDL_TimerQuit
                0x8000c2e8       0xa0 /opt/devkitpro/portlibs/wii/lib/libSDL.a(SDL_timer.o)
                0x8000c2e8                SDL_TimerQuit
 .text.SDL_TimerInit
                0x8000c388       0xc4 /opt/devkitpro/portlibs/wii/lib/libSDL.a(SDL_timer.o)
                0x8000c388                SDL_TimerInit
 .text.SDL_LoadBMP_RW
                0x8000c44c      0xa68 /opt/devkitpro/portlibs/wii/lib/libSDL.a(SDL_bmp.o)
                0x8000c44c                SDL_LoadBMP_RW
 .text.SDL_MouseRect
                0x8000ceb4       0xc4 /opt/devkitpro/portlibs/wii/lib/libSDL.a(SDL_cursor.o)
                0x8000ceb4                SDL_MouseRect
 .text.SDL_DrawCursorNoLock
                0x8000cf78      0x7b8 /opt/devkitpro/portlibs/wii/lib/libSDL.a(SDL_cursor.o)
                0x8000cf78                SDL_DrawCursorNoLock
 .text.SDL_DrawCursor
                0x8000d730       0xdc /opt/devkitpro/portlibs/wii/lib/libSDL.a(SDL_cursor.o)
                0x8000d730                SDL_DrawCursor
 .text.SDL_EraseCursorNoLock
                0x8000d80c      0x244 /opt/devkitpro/portlibs/wii/lib/libSDL.a(SDL_cursor.o)
                0x8000d80c                SDL_EraseCursorNoLock
 .text.SDL_EraseCursor
                0x8000da50       0xdc /opt/devkitpro/portlibs/wii/lib/libSDL.a(SDL_cursor.o)
                0x8000da50                SDL_EraseCursor
 .text.SDL_SetCursor
                0x8000db2c      0x210 /opt/devkitpro/portlibs/wii/lib/libSDL.a(SDL_cursor.o)
                0x8000db2c                SDL_SetCursor
 .text.SDL_FreeCursor
                0x8000dd3c       0xd8 /opt/devkitpro/portlibs/wii/lib/libSDL.a(SDL_cursor.o)
                0x8000dd3c                SDL_FreeCursor
 .text.SDL_CursorQuit
                0x8000de14       0xb0 /opt/devkitpro/portlibs/wii/lib/libSDL.a(SDL_cursor.o)
                0x8000de14                SDL_CursorQuit
 .text.SDL_CreateCursor
                0x8000dec4      0x2c8 /opt/devkitpro/portlibs/wii/lib/libSDL.a(SDL_cursor.o)
                0x8000dec4                SDL_CreateCursor
 .text.SDL_CursorInit
                0x8000e18c       0xb4 /opt/devkitpro/portlibs/wii/lib/libSDL.a(SDL_cursor.o)
                0x8000e18c                SDL_CursorInit
 .text.SDL_MoveCursor
                0x8000e240       0xfc /opt/devkitpro/portlibs/wii/lib/libSDL.a(SDL_cursor.o)
                0x8000e240                SDL_MoveCursor
 .text.SDL_ResetCursor
                0x8000e33c       0x34 /opt/devkitpro/portlibs/wii/lib/libSDL.a(SDL_cursor.o)
                0x8000e33c                SDL_ResetCursor
 .text.SDL_DitherColors.part.0
                0x8000e370       0x58 /opt/devkitpro/portlibs/wii/lib/libSDL.a(SDL_pixels.o)
 .text.SDL_FormatChanged
                0x8000e3c8       0x90 /opt/devkitpro/portlibs/wii/lib/libSDL.a(SDL_pixels.o)
                0x8000e3c8                SDL_FormatChanged
 .text.SDL_FreeFormat
                0x8000e458       0x64 /opt/devkitpro/portlibs/wii/lib/libSDL.a(SDL_pixels.o)
                0x8000e458                SDL_FreeFormat
 .text.SDL_AllocFormat
                0x8000e4bc      0x590 /opt/devkitpro/portlibs/wii/lib/libSDL.a(SDL_pixels.o)
                0x8000e4bc                SDL_AllocFormat
 .text.SDL_ReallocFormat
                0x8000ea4c      0x13c /opt/devkitpro/portlibs/wii/lib/libSDL.a(SDL_pixels.o)
                0x8000ea4c                SDL_ReallocFormat
 .text.SDL_DitherColors
                0x8000eb88        0xc /opt/devkitpro/portlibs/wii/lib/libSDL.a(SDL_pixels.o)
                0x8000eb88                SDL_DitherColors
 .text.SDL_CalculatePitch
                0x8000eb94       0x64 /opt/devkitpro/portlibs/wii/lib/libSDL.a(SDL_pixels.o)
                0x8000eb94                SDL_CalculatePitch
 .text.SDL_FindColor
                0x8000ebf8       0x80 /opt/devkitpro/portlibs/wii/lib/libSDL.a(SDL_pixels.o)
                0x8000ebf8                SDL_FindColor
 .text.Map1to1  0x8000ec78       0xe8 /opt/devkitpro/portlibs/wii/lib/libSDL.a(SDL_pixels.o)
 .text.MapNto1.isra.0
                0x8000ed60       0x74 /opt/devkitpro/portlibs/wii/lib/libSDL.a(SDL_pixels.o)
 .text.SDL_MapRGB
                0x8000edd4       0x7c /opt/devkitpro/portlibs/wii/lib/libSDL.a(SDL_pixels.o)
                0x8000edd4                SDL_MapRGB
 .text.SDL_GetRGB
                0x8000ee50       0xd0 /opt/devkitpro/portlibs/wii/lib/libSDL.a(SDL_pixels.o)
                0x8000ee50                SDL_GetRGB
 .text.SDL_AllocBlitMap
                0x8000ef20       0x8c /opt/devkitpro/portlibs/wii/lib/libSDL.a(SDL_pixels.o)
                0x8000ef20                SDL_AllocBlitMap
 .text.SDL_InvalidateMap
                0x8000efac       0x68 /opt/devkitpro/portlibs/wii/lib/libSDL.a(SDL_pixels.o)
                0x8000efac                SDL_InvalidateMap
 .text.SDL_MapSurface
                0x8000f014      0x460 /opt/devkitpro/portlibs/wii/lib/libSDL.a(SDL_pixels.o)
                0x8000f014                SDL_MapSurface
 .text.SDL_FreeBlitMap
                0x8000f474       0x5c /opt/devkitpro/portlibs/wii/lib/libSDL.a(SDL_pixels.o)
                0x8000f474                SDL_FreeBlitMap
 .text.SDL_SetColorKey
                0x8000f4d0      0x1f4 /opt/devkitpro/portlibs/wii/lib/libSDL.a(SDL_surface.o)
                0x8000f4d0                SDL_SetColorKey
 .text.SDL_SetAlpha
                0x8000f6c4      0x1ec /opt/devkitpro/portlibs/wii/lib/libSDL.a(SDL_surface.o)
                0x8000f6c4                SDL_SetAlpha
 .text.SDL_SetClipRect
                0x8000f8b0      0x164 /opt/devkitpro/portlibs/wii/lib/libSDL.a(SDL_surface.o)
                0x8000f8b0                SDL_SetClipRect
 .text.SDL_LowerBlit
                0x8000fa14      0x15c /opt/devkitpro/portlibs/wii/lib/libSDL.a(SDL_surface.o)
                0x8000fa14                SDL_LowerBlit
 .text.SDL_UpperBlit
                0x8000fb70      0x22c /opt/devkitpro/portlibs/wii/lib/libSDL.a(SDL_surface.o)
                0x8000fb70                SDL_UpperBlit
 .text.SDL_LockSurface
                0x8000fd9c       0xc8 /opt/devkitpro/portlibs/wii/lib/libSDL.a(SDL_surface.o)
                0x8000fd9c                SDL_LockSurface
 .text.SDL_UnlockSurface
                0x8000fe64       0x64 /opt/devkitpro/portlibs/wii/lib/libSDL.a(SDL_surface.o)
                0x8000fe64                SDL_UnlockSurface
 .text.SDL_FillRect
                0x8000fec8      0x6b0 /opt/devkitpro/portlibs/wii/lib/libSDL.a(SDL_surface.o)
                0x8000fec8                SDL_FillRect
 .text.SDL_FreeSurface
                0x80010578      0x1f0 /opt/devkitpro/portlibs/wii/lib/libSDL.a(SDL_surface.o)
                0x80010578                SDL_FreeSurface
 .text.SDL_CreateRGBSurface
                0x80010768      0x31c /opt/devkitpro/portlibs/wii/lib/libSDL.a(SDL_surface.o)
                0x80010768                SDL_CreateRGBSurface
 .text.SDL_ConvertSurface
                0x80010a84      0x3c4 /opt/devkitpro/portlibs/wii/lib/libSDL.a(SDL_surface.o)
                0x80010a84                SDL_ConvertSurface
 .text.SDL_WM_GrabInputRaw
                0x80010e48       0xdc /opt/devkitpro/portlibs/wii/lib/libSDL.a(SDL_video.o)
 .text.SDL_GL_Lock.part.0
                0x80010f24      0x290 /opt/devkitpro/portlibs/wii/lib/libSDL.a(SDL_video.o)
 .text.SDL_GetVideoInfo
                0x800111b4       0x18 /opt/devkitpro/portlibs/wii/lib/libSDL.a(SDL_video.o)
                0x800111b4                SDL_GetVideoInfo
 .text.SDL_VideoModeOK
                0x800111cc      0x1d8 /opt/devkitpro/portlibs/wii/lib/libSDL.a(SDL_video.o)
                0x800111cc                SDL_VideoModeOK
 .text.SDL_DisplayFormat
                0x800113a4       0x70 /opt/devkitpro/portlibs/wii/lib/libSDL.a(SDL_video.o)
                0x800113a4                SDL_DisplayFormat
 .text.SDL_UpdateRects
                0x80011414      0x3e4 /opt/devkitpro/portlibs/wii/lib/libSDL.a(SDL_video.o)
                0x80011414                SDL_UpdateRects
 .text.SDL_Flip
                0x800117f8      0x1c0 /opt/devkitpro/portlibs/wii/lib/libSDL.a(SDL_video.o)
                0x800117f8                SDL_Flip
 .text.SDL_VideoQuit
                0x800119b8      0x14c /opt/devkitpro/portlibs/wii/lib/libSDL.a(SDL_video.o)
                0x800119b8                SDL_VideoQuit
 .text.SDL_VideoInit
                0x80011b04      0x250 /opt/devkitpro/portlibs/wii/lib/libSDL.a(SDL_video.o)
                0x80011b04                SDL_VideoInit
 .text.SDL_GL_UpdateRects
                0x80011d54      0x360 /opt/devkitpro/portlibs/wii/lib/libSDL.a(SDL_video.o)
                0x80011d54                SDL_GL_UpdateRects
 .text.SDL_GL_Unlock
                0x800120b4       0x80 /opt/devkitpro/portlibs/wii/lib/libSDL.a(SDL_video.o)
                0x800120b4                SDL_GL_Unlock
 .text.SDL_GL_UpdateRectsLock
                0x80012134       0x5c /opt/devkitpro/portlibs/wii/lib/libSDL.a(SDL_video.o)
                0x80012134                SDL_GL_UpdateRectsLock
 .text.SDL_WM_SetCaption
                0x80012190       0xe0 /opt/devkitpro/portlibs/wii/lib/libSDL.a(SDL_video.o)
                0x80012190                SDL_WM_SetCaption
 .text.SDL_WM_GrabInput
                0x80012270       0x64 /opt/devkitpro/portlibs/wii/lib/libSDL.a(SDL_video.o)
                0x80012270                SDL_WM_GrabInput
 .text.SDL_SetVideoMode
                0x800122d4     0x17ec /opt/devkitpro/portlibs/wii/lib/libSDL.a(SDL_video.o)
                0x800122d4                SDL_SetVideoMode
 .text.SDL_JoystickClose.part.0
                0x80013ac0       0xd4 /opt/devkitpro/portlibs/wii/lib/libSDL.a(SDL_joystick.o)
 .text.SDL_JoystickInit
                0x80013b94       0x90 /opt/devkitpro/portlibs/wii/lib/libSDL.a(SDL_joystick.o)
                0x80013b94                SDL_JoystickInit
 .text.SDL_JoystickOpen
                0x80013c24      0x374 /opt/devkitpro/portlibs/wii/lib/libSDL.a(SDL_joystick.o)
                0x80013c24                SDL_JoystickOpen
 .text.SDL_JoystickQuit
                0x80013f98       0xd4 /opt/devkitpro/portlibs/wii/lib/libSDL.a(SDL_joystick.o)
                0x80013f98                SDL_JoystickQuit
 .text.SDL_PrivateJoystickAxis
                0x8001406c       0xa0 /opt/devkitpro/portlibs/wii/lib/libSDL.a(SDL_joystick.o)
                0x8001406c                SDL_PrivateJoystickAxis
 .text.SDL_PrivateJoystickHat
                0x8001410c       0x9c /opt/devkitpro/portlibs/wii/lib/libSDL.a(SDL_joystick.o)
                0x8001410c                SDL_PrivateJoystickHat
 .text.SDL_PrivateJoystickButton
                0x800141a8       0xe8 /opt/devkitpro/portlibs/wii/lib/libSDL.a(SDL_joystick.o)
                0x800141a8                SDL_PrivateJoystickButton
 .text.SDL_JoystickUpdate
                0x80014290       0x60 /opt/devkitpro/portlibs/wii/lib/libSDL.a(SDL_joystick.o)
                0x80014290                SDL_JoystickUpdate
 .text.RunTimer
                0x800142f0       0xe8 /opt/devkitpro/portlibs/wii/lib/libSDL.a(SDL_systimer.o)
 .text.SDL_StartTicks
                0x800143d8       0x30 /opt/devkitpro/portlibs/wii/lib/libSDL.a(SDL_systimer.o)
                0x800143d8                SDL_StartTicks
 .text.SDL_GetTicks
                0x80014408       0x4c /opt/devkitpro/portlibs/wii/lib/libSDL.a(SDL_systimer.o)
                0x80014408                SDL_GetTicks
 .text.SDL_Delay
                0x80014454       0x6c /opt/devkitpro/portlibs/wii/lib/libSDL.a(SDL_systimer.o)
                0x80014454                SDL_Delay
 .text.SDL_SYS_TimerInit
                0x800144c0       0x60 /opt/devkitpro/portlibs/wii/lib/libSDL.a(SDL_systimer.o)
                0x800144c0                SDL_SYS_TimerInit
 .text.SDL_SYS_TimerQuit
                0x80014520       0x54 /opt/devkitpro/portlibs/wii/lib/libSDL.a(SDL_systimer.o)
                0x80014520                SDL_SYS_TimerQuit
 .text.SDL_SYS_StartTimer
                0x80014574       0x30 /opt/devkitpro/portlibs/wii/lib/libSDL.a(SDL_systimer.o)
                0x80014574                SDL_SYS_StartTimer
 .text.SDL_SYS_StopTimer
                0x800145a4        0x4 /opt/devkitpro/portlibs/wii/lib/libSDL.a(SDL_systimer.o)
                0x800145a4                SDL_SYS_StopTimer
 .text.OGCAUD_Available
                0x800145a8        0x8 /opt/devkitpro/portlibs/wii/lib/libSDL.a(SDL_ogcAudio.o)
 .text.AudioThread
                0x800145b0      0x1a4 /opt/devkitpro/portlibs/wii/lib/libSDL.a(SDL_ogcAudio.o)
 .text.OGCAUD_CreateDevice
                0x80014754       0xc8 /opt/devkitpro/portlibs/wii/lib/libSDL.a(SDL_ogcAudio.o)
 .text.DMACallback
                0x8001481c       0x14 /opt/devkitpro/portlibs/wii/lib/libSDL.a(SDL_ogcAudio.o)
 .text.OGC_AudioStop
                0x80014830       0xd0 /opt/devkitpro/portlibs/wii/lib/libSDL.a(SDL_ogcAudio.o)
                0x80014830                OGC_AudioStop
 .text.OGCAUD_DeleteDevice
                0x80014900       0x3c /opt/devkitpro/portlibs/wii/lib/libSDL.a(SDL_ogcAudio.o)
 .text.OGCAUD_CloseAudio
                0x8001493c       0x30 /opt/devkitpro/portlibs/wii/lib/libSDL.a(SDL_ogcAudio.o)
 .text.OGC_AudioStart
                0x8001496c      0x164 /opt/devkitpro/portlibs/wii/lib/libSDL.a(SDL_ogcAudio.o)
                0x8001496c                OGC_AudioStart
 .text.OGCAUD_OpenAudio
                0x80014ad0      0x134 /opt/devkitpro/portlibs/wii/lib/libSDL.a(SDL_ogcAudio.o)
 .text.HandleWiiHats
                0x80014c04       0x60 /opt/devkitpro/portlibs/wii/lib/libSDL.a(SDL_sysjoystick.o)
 .text.SDL_SYS_JoystickInit
                0x80014c64       0x90 /opt/devkitpro/portlibs/wii/lib/libSDL.a(SDL_sysjoystick.o)
                0x80014c64                SDL_SYS_JoystickInit
 .text.SDL_SYS_JoystickOpen
                0x80014cf4      0x11c /opt/devkitpro/portlibs/wii/lib/libSDL.a(SDL_sysjoystick.o)
                0x80014cf4                SDL_SYS_JoystickOpen
 .text.SDL_SYS_JoystickUpdate
                0x80014e10      0xd34 /opt/devkitpro/portlibs/wii/lib/libSDL.a(SDL_sysjoystick.o)
                0x80014e10                SDL_SYS_JoystickUpdate
 .text.SDL_SYS_JoystickClose
                0x80015b44       0x44 /opt/devkitpro/portlibs/wii/lib/libSDL.a(SDL_sysjoystick.o)
                0x80015b44                SDL_SYS_JoystickClose
 .text.SDL_SYS_JoystickQuit
                0x80015b88        0x4 /opt/devkitpro/portlibs/wii/lib/libSDL.a(SDL_sysjoystick.o)
                0x80015b88                SDL_SYS_JoystickQuit
 .text.SDL_CreateMutex
                0x80015b8c       0x48 /opt/devkitpro/portlibs/wii/lib/libSDL.a(SDL_sysmutex.o)
                0x80015b8c                SDL_CreateMutex
 .text.SDL_DestroyMutex
                0x80015bd4       0x44 /opt/devkitpro/portlibs/wii/lib/libSDL.a(SDL_sysmutex.o)
                0x80015bd4                SDL_DestroyMutex
 .text.SDL_mutexP
                0x80015c18       0x40 /opt/devkitpro/portlibs/wii/lib/libSDL.a(SDL_sysmutex.o)
                0x80015c18                SDL_mutexP
 .text.SDL_mutexV
                0x80015c58       0x40 /opt/devkitpro/portlibs/wii/lib/libSDL.a(SDL_sysmutex.o)
                0x80015c58                SDL_mutexV
 .text.SDL_DestroySemaphore.part.0.constprop.0
                0x80015c98       0x7c /opt/devkitpro/portlibs/wii/lib/libSDL.a(SDL_syssem.o)
 .text.SDL_CreateSemaphore
                0x80015d14       0xb0 /opt/devkitpro/portlibs/wii/lib/libSDL.a(SDL_syssem.o)
                0x80015d14                SDL_CreateSemaphore
 .text.SDL_DestroySemaphore
                0x80015dc4       0x14 /opt/devkitpro/portlibs/wii/lib/libSDL.a(SDL_syssem.o)
                0x80015dc4                SDL_DestroySemaphore
 .text.SDL_SemWaitTimeout
                0x80015dd8      0x10c /opt/devkitpro/portlibs/wii/lib/libSDL.a(SDL_syssem.o)
                0x80015dd8                SDL_SemWaitTimeout
 .text.SDL_SemWait
                0x80015ee4        0x8 /opt/devkitpro/portlibs/wii/lib/libSDL.a(SDL_syssem.o)
                0x80015ee4                SDL_SemWait
 .text.SDL_SemPost
                0x80015eec       0x7c /opt/devkitpro/portlibs/wii/lib/libSDL.a(SDL_syssem.o)
                0x80015eec                SDL_SemPost
 .text.run_thread
                0x80015f68       0x24 /opt/devkitpro/portlibs/wii/lib/libSDL.a(SDL_systhread.o)
                0x80015f68                run_thread
 .text.SDL_SYS_CreateThread
                0x80015f8c       0x5c /opt/devkitpro/portlibs/wii/lib/libSDL.a(SDL_systhread.o)
                0x80015f8c                SDL_SYS_CreateThread
 .text.SDL_SYS_SetupThread
                0x80015fe8        0x4 /opt/devkitpro/portlibs/wii/lib/libSDL.a(SDL_systhread.o)
                0x80015fe8                SDL_SYS_SetupThread
 .text.SDL_ThreadID
                0x80015fec        0x4 /opt/devkitpro/portlibs/wii/lib/libSDL.a(SDL_systhread.o)
                0x80015fec                SDL_ThreadID
 .text.SDL_SYS_WaitThread
                0x80015ff0       0x28 /opt/devkitpro/portlibs/wii/lib/libSDL.a(SDL_systhread.o)
                0x80015ff0                SDL_SYS_WaitThread
 .text.OGC_VideoInit
                0x80016018       0x7c /opt/devkitpro/portlibs/wii/lib/libSDL.a(SDL_ogc_video.o)
 .text.OGC_ListModes
                0x80016094        0xc /opt/devkitpro/portlibs/wii/lib/libSDL.a(SDL_ogc_video.o)
 .text.OGC_AllocHWSurface
                0x800160a0        0x8 /opt/devkitpro/portlibs/wii/lib/libSDL.a(SDL_ogc_video.o)
 .text.OGC_FreeHWSurface
                0x800160a8        0x4 /opt/devkitpro/portlibs/wii/lib/libSDL.a(SDL_ogc_video.o)
 .text.OGC_LockHWSurface
                0x800160ac        0x8 /opt/devkitpro/portlibs/wii/lib/libSDL.a(SDL_ogc_video.o)
 .text.OGC_Available
                0x800160b4        0x8 /opt/devkitpro/portlibs/wii/lib/libSDL.a(SDL_ogc_video.o)
 .text.SetupGX  0x800160bc      0x1e8 /opt/devkitpro/portlibs/wii/lib/libSDL.a(SDL_ogc_video.o)
 .text.SDL_OGC_GL_SwapBuffers
                0x800162a4       0x30 /opt/devkitpro/portlibs/wii/lib/libSDL.a(SDL_ogc_video.o)
                0x800162a4                SDL_OGC_GL_SwapBuffers
 .text.flip_thread
                0x800162d4      0x14c /opt/devkitpro/portlibs/wii/lib/libSDL.a(SDL_ogc_video.o)
 .text.SDL_OGC_GL_MakeCurrent
                0x80016420       0x24 /opt/devkitpro/portlibs/wii/lib/libSDL.a(SDL_ogc_video.o)
                0x80016420                SDL_OGC_GL_MakeCurrent
 .text.OGC_DeleteDevice
                0x80016444       0x6c /opt/devkitpro/portlibs/wii/lib/libSDL.a(SDL_ogc_video.o)
 .text.OGC_SetColors
                0x800164b0      0x15c /opt/devkitpro/portlibs/wii/lib/libSDL.a(SDL_ogc_video.o)
 .text.SDL_OGC_GL_GetProcAddress
                0x8001660c       0x7c /opt/devkitpro/portlibs/wii/lib/libSDL.a(SDL_ogc_video.o)
                0x8001660c                SDL_OGC_GL_GetProcAddress
 .text.SDL_OGC_GL_LoadLibrary
                0x80016688        0x8 /opt/devkitpro/portlibs/wii/lib/libSDL.a(SDL_ogc_video.o)
                0x80016688                SDL_OGC_GL_LoadLibrary
 .text.OGC_UnlockHWSurface
                0x80016690        0x4 /opt/devkitpro/portlibs/wii/lib/libSDL.a(SDL_ogc_video.o)
 .text.OGC_UpdateRects
                0x80016694      0x47c /opt/devkitpro/portlibs/wii/lib/libSDL.a(SDL_ogc_video.o)
 .text.OGC_FlipHWSurface
                0x80016b10      0x210 /opt/devkitpro/portlibs/wii/lib/libSDL.a(SDL_ogc_video.o)
 .text.OGC_VideoQuit
                0x80016d20       0xd4 /opt/devkitpro/portlibs/wii/lib/libSDL.a(SDL_ogc_video.o)
 .text.OGC_VideoStart
                0x80016df4      0x454 /opt/devkitpro/portlibs/wii/lib/libSDL.a(SDL_ogc_video.o)
                0x80016df4                OGC_VideoStart
 .text.OGC_SetVideoMode
                0x80017248      0x36c /opt/devkitpro/portlibs/wii/lib/libSDL.a(SDL_ogc_video.o)
 .text.OGC_InitVideoSystem
                0x800175b4       0xf4 /opt/devkitpro/portlibs/wii/lib/libSDL.a(SDL_ogc_video.o)
                0x800175b4                OGC_InitVideoSystem
 .text.OGC_CreateDevice
                0x800176a8      0x190 /opt/devkitpro/portlibs/wii/lib/libSDL.a(SDL_ogc_video.o)
 .text.SDL_AppActiveInit
                0x80017838       0x14 /opt/devkitpro/portlibs/wii/lib/libSDL.a(SDL_active.o)
                0x80017838                SDL_AppActiveInit
 .text.SDL_AppActiveQuit
                0x8001784c        0x4 /opt/devkitpro/portlibs/wii/lib/libSDL.a(SDL_active.o)
                0x8001784c                SDL_AppActiveQuit
 .text.SDL_PrivateResize
                0x80017850      0x11c /opt/devkitpro/portlibs/wii/lib/libSDL.a(SDL_resize.o)
                0x80017850                SDL_PrivateResize
 .text.SDL_revcpy
                0x8001796c       0x60 /opt/devkitpro/portlibs/wii/lib/libSDL.a(SDL_string.o)
                0x8001796c                SDL_revcpy
 .text.SDL_memcmp
                0x800179cc       0x94 /opt/devkitpro/portlibs/wii/lib/libSDL.a(SDL_string.o)
                0x800179cc                SDL_memcmp
 .text.copy_opaque_16
                0x80017a60      0x100 /opt/devkitpro/portlibs/wii/lib/libSDL.a(SDL_RLEaccel.o)
 .text.uncopy_opaque_16
                0x80017b60      0x12c /opt/devkitpro/portlibs/wii/lib/libSDL.a(SDL_RLEaccel.o)
 .text.copy_transl_565
                0x80017c8c       0xf4 /opt/devkitpro/portlibs/wii/lib/libSDL.a(SDL_RLEaccel.o)
 .text.copy_transl_555
                0x80017d80       0xf4 /opt/devkitpro/portlibs/wii/lib/libSDL.a(SDL_RLEaccel.o)
 .text.uncopy_transl_16
                0x80017e74      0x134 /opt/devkitpro/portlibs/wii/lib/libSDL.a(SDL_RLEaccel.o)
 .text.copy_32  0x80017fa8       0xf0 /opt/devkitpro/portlibs/wii/lib/libSDL.a(SDL_RLEaccel.o)
 .text.uncopy_32
                0x80018098      0x128 /opt/devkitpro/portlibs/wii/lib/libSDL.a(SDL_RLEaccel.o)
 .text.getpix_8
                0x800181c0        0x8 /opt/devkitpro/portlibs/wii/lib/libSDL.a(SDL_RLEaccel.o)
 .text.getpix_16
                0x800181c8        0x8 /opt/devkitpro/portlibs/wii/lib/libSDL.a(SDL_RLEaccel.o)
 .text.getpix_24
                0x800181d0       0x20 /opt/devkitpro/portlibs/wii/lib/libSDL.a(SDL_RLEaccel.o)
 .text.getpix_32
                0x800181f0        0x8 /opt/devkitpro/portlibs/wii/lib/libSDL.a(SDL_RLEaccel.o)
 .text.SDL_RLEBlit
                0x800181f8     0x232c /opt/devkitpro/portlibs/wii/lib/libSDL.a(SDL_RLEaccel.o)
                0x800181f8                SDL_RLEBlit
 .text.SDL_RLEAlphaBlit
                0x8001a524      0xab4 /opt/devkitpro/portlibs/wii/lib/libSDL.a(SDL_RLEaccel.o)
                0x8001a524                SDL_RLEAlphaBlit
 .text.SDL_UnRLESurface
                0x8001afd8      0x300 /opt/devkitpro/portlibs/wii/lib/libSDL.a(SDL_RLEaccel.o)
                0x8001afd8                SDL_UnRLESurface
 .text.SDL_RLESurface
                0x8001b2d8     0x1204 /opt/devkitpro/portlibs/wii/lib/libSDL.a(SDL_RLEaccel.o)
                0x8001b2d8                SDL_RLESurface
 .text.SDL_SoftBlit
                0x8001c4dc      0x28c /opt/devkitpro/portlibs/wii/lib/libSDL.a(SDL_blit.o)
 .text.SDL_BlitCopyOverlap
                0x8001c768      0x1a8 /opt/devkitpro/portlibs/wii/lib/libSDL.a(SDL_blit.o)
 .text.SDL_BlitCopy
                0x8001c910       0xe8 /opt/devkitpro/portlibs/wii/lib/libSDL.a(SDL_blit.o)
 .text.SDL_CalculateBlit
                0x8001c9f8      0x398 /opt/devkitpro/portlibs/wii/lib/libSDL.a(SDL_blit.o)
                0x8001c9f8                SDL_CalculateBlit
 .text.BlitBto1
                0x8001cd90       0xf8 /opt/devkitpro/portlibs/wii/lib/libSDL.a(SDL_blit_0.o)
 .text.BlitBto2
                0x8001ce88       0xb8 /opt/devkitpro/portlibs/wii/lib/libSDL.a(SDL_blit_0.o)
 .text.BlitBto3
                0x8001cf40       0xcc /opt/devkitpro/portlibs/wii/lib/libSDL.a(SDL_blit_0.o)
 .text.BlitBto4
                0x8001d00c       0xb8 /opt/devkitpro/portlibs/wii/lib/libSDL.a(SDL_blit_0.o)
 .text.BlitBto1Key
                0x8001d0c4      0x110 /opt/devkitpro/portlibs/wii/lib/libSDL.a(SDL_blit_0.o)
 .text.BlitBto2Key
                0x8001d1d4       0xd4 /opt/devkitpro/portlibs/wii/lib/libSDL.a(SDL_blit_0.o)
 .text.BlitBto4Key
                0x8001d2a8       0xd4 /opt/devkitpro/portlibs/wii/lib/libSDL.a(SDL_blit_0.o)
 .text.BlitBtoNAlpha
                0x8001d37c      0x2a8 /opt/devkitpro/portlibs/wii/lib/libSDL.a(SDL_blit_0.o)
 .text.BlitBtoNAlphaKey
                0x8001d624      0x2bc /opt/devkitpro/portlibs/wii/lib/libSDL.a(SDL_blit_0.o)
 .text.BlitBto3Key
                0x8001d8e0       0xe0 /opt/devkitpro/portlibs/wii/lib/libSDL.a(SDL_blit_0.o)
 .text.SDL_CalculateBlit0
                0x8001d9c0       0xa4 /opt/devkitpro/portlibs/wii/lib/libSDL.a(SDL_blit_0.o)
                0x8001d9c0                SDL_CalculateBlit0
 .text.Blit1to1
                0x8001da64      0x15c /opt/devkitpro/portlibs/wii/lib/libSDL.a(SDL_blit_1.o)
 .text.Blit1to2
                0x8001dbc0      0x188 /opt/devkitpro/portlibs/wii/lib/libSDL.a(SDL_blit_1.o)
 .text.Blit1to3
                0x8001dd48      0x21c /opt/devkitpro/portlibs/wii/lib/libSDL.a(SDL_blit_1.o)
 .text.Blit1to4
                0x8001df64      0x1a0 /opt/devkitpro/portlibs/wii/lib/libSDL.a(SDL_blit_1.o)
 .text.Blit1to1Key
                0x8001e104      0x334 /opt/devkitpro/portlibs/wii/lib/libSDL.a(SDL_blit_1.o)
 .text.Blit1to2Key
                0x8001e438      0x1e0 /opt/devkitpro/portlibs/wii/lib/libSDL.a(SDL_blit_1.o)
 .text.Blit1to3Key
                0x8001e618      0x278 /opt/devkitpro/portlibs/wii/lib/libSDL.a(SDL_blit_1.o)
 .text.Blit1to4Key
                0x8001e890      0x1e0 /opt/devkitpro/portlibs/wii/lib/libSDL.a(SDL_blit_1.o)
 .text.Blit1toNAlpha
                0x8001ea70      0x8ac /opt/devkitpro/portlibs/wii/lib/libSDL.a(SDL_blit_1.o)
 .text.Blit1toNAlphaKey
                0x8001f31c      0xde8 /opt/devkitpro/portlibs/wii/lib/libSDL.a(SDL_blit_1.o)
 .text.SDL_CalculateBlit1
                0x80020104       0x94 /opt/devkitpro/portlibs/wii/lib/libSDL.a(SDL_blit_1.o)
                0x80020104                SDL_CalculateBlit1
 .text.Blit_RGB888_index8
                0x80020198      0x434 /opt/devkitpro/portlibs/wii/lib/libSDL.a(SDL_blit_N.o)
 .text.Blit_RGB888_RGB555
                0x800205cc      0x1e8 /opt/devkitpro/portlibs/wii/lib/libSDL.a(SDL_blit_N.o)
 .text.Blit_RGB888_RGB565
                0x800207b4      0x1e8 /opt/devkitpro/portlibs/wii/lib/libSDL.a(SDL_blit_N.o)
 .text.Blit_RGB565_32
                0x8002099c      0x244 /opt/devkitpro/portlibs/wii/lib/libSDL.a(SDL_blit_N.o)
 .text.Blit_RGB565_ARGB8888
                0x80020be0        0xc /opt/devkitpro/portlibs/wii/lib/libSDL.a(SDL_blit_N.o)
 .text.Blit_RGB565_ABGR8888
                0x80020bec        0xc /opt/devkitpro/portlibs/wii/lib/libSDL.a(SDL_blit_N.o)
 .text.Blit_RGB565_RGBA8888
                0x80020bf8        0xc /opt/devkitpro/portlibs/wii/lib/libSDL.a(SDL_blit_N.o)
 .text.Blit_RGB565_BGRA8888
                0x80020c04        0xc /opt/devkitpro/portlibs/wii/lib/libSDL.a(SDL_blit_N.o)
 .text.Blit_RGB888_index8_map
                0x80020c10      0x254 /opt/devkitpro/portlibs/wii/lib/libSDL.a(SDL_blit_N.o)
 .text.BlitNto1
                0x80020e64      0xcb8 /opt/devkitpro/portlibs/wii/lib/libSDL.a(SDL_blit_N.o)
 .text.Blit4to4MaskAlpha
                0x80021b1c      0x2dc /opt/devkitpro/portlibs/wii/lib/libSDL.a(SDL_blit_N.o)
 .text.BlitNtoN
                0x80021df8      0xe34 /opt/devkitpro/portlibs/wii/lib/libSDL.a(SDL_blit_N.o)
 .text.BlitNtoNCopyAlpha
                0x80022c2c      0x28c /opt/devkitpro/portlibs/wii/lib/libSDL.a(SDL_blit_N.o)
 .text.BlitNto1Key
                0x80022eb8      0xf6c /opt/devkitpro/portlibs/wii/lib/libSDL.a(SDL_blit_N.o)
 .text.Blit2to2Key
                0x80023e24      0x1f8 /opt/devkitpro/portlibs/wii/lib/libSDL.a(SDL_blit_N.o)
 .text.BlitNtoNKey
                0x8002401c      0xe6c /opt/devkitpro/portlibs/wii/lib/libSDL.a(SDL_blit_N.o)
 .text.BlitNtoNKeyCopyAlpha
                0x80024e88     0x1284 /opt/devkitpro/portlibs/wii/lib/libSDL.a(SDL_blit_N.o)
 .text.SDL_CalculateBlitN
                0x8002610c      0x350 /opt/devkitpro/portlibs/wii/lib/libSDL.a(SDL_blit_N.o)
                0x8002610c                SDL_CalculateBlitN
 .text.SDL_CreateCond
                0x8002645c       0x7c /opt/devkitpro/portlibs/wii/lib/libSDL.a(SDL_syscond.o)
                0x8002645c                SDL_CreateCond
 .text.SDL_DestroyCond
                0x800264d8       0x44 /opt/devkitpro/portlibs/wii/lib/libSDL.a(SDL_syscond.o)
                0x800264d8                SDL_DestroyCond
 .text.SDL_CondSignal
                0x8002651c       0x4c /opt/devkitpro/portlibs/wii/lib/libSDL.a(SDL_syscond.o)
                0x8002651c                SDL_CondSignal
 .text.SDL_CondWaitTimeout
                0x80026568       0x84 /opt/devkitpro/portlibs/wii/lib/libSDL.a(SDL_syscond.o)
                0x80026568                SDL_CondWaitTimeout
 .text.SDL_CondWait
                0x800265ec        0xc /opt/devkitpro/portlibs/wii/lib/libSDL.a(SDL_syscond.o)
                0x800265ec                SDL_CondWait
 .text.PumpEvents
                0x800265f8      0x53c /opt/devkitpro/portlibs/wii/lib/libSDL.a(SDL_wiievents.o)
                0x800265f8                PumpEvents
 .text.WII_PumpEvents
                0x80026b34       0x54 /opt/devkitpro/portlibs/wii/lib/libSDL.a(SDL_wiievents.o)
                0x80026b34                WII_PumpEvents
 .text.WII_InitOSKeymap
                0x80026b88      0x368 /opt/devkitpro/portlibs/wii/lib/libSDL.a(SDL_wiievents.o)
                0x80026b88                WII_InitOSKeymap
 .text.SDL_HasMMX
                0x80026ef0       0x48 /opt/devkitpro/portlibs/wii/lib/libSDL.a(SDL_cpuinfo.o)
                0x80026ef0                SDL_HasMMX
 .text.BlitNto1SurfaceAlpha
                0x80026f38      0x5a8 /opt/devkitpro/portlibs/wii/lib/libSDL.a(SDL_blit_A.o)
 .text.BlitNto1PixelAlpha
                0x800274e0      0x608 /opt/devkitpro/portlibs/wii/lib/libSDL.a(SDL_blit_A.o)
 .text.BlitNto1SurfaceAlphaKey
                0x80027ae8      0xbf4 /opt/devkitpro/portlibs/wii/lib/libSDL.a(SDL_blit_A.o)
 .text.BlitRGBtoRGBSurfaceAlpha
                0x800286dc      0x424 /opt/devkitpro/portlibs/wii/lib/libSDL.a(SDL_blit_A.o)
 .text.BlitRGBtoRGBPixelAlpha
                0x80028b00      0x2d0 /opt/devkitpro/portlibs/wii/lib/libSDL.a(SDL_blit_A.o)
 .text.Blit16to16SurfaceAlpha128
                0x80028dd0      0x2a8 /opt/devkitpro/portlibs/wii/lib/libSDL.a(SDL_blit_A.o)
 .text.Blit565to565SurfaceAlpha
                0x80029078      0x228 /opt/devkitpro/portlibs/wii/lib/libSDL.a(SDL_blit_A.o)
 .text.Blit555to555SurfaceAlpha
                0x800292a0      0x228 /opt/devkitpro/portlibs/wii/lib/libSDL.a(SDL_blit_A.o)
 .text.BlitARGBto565PixelAlpha
                0x800294c8      0x2f4 /opt/devkitpro/portlibs/wii/lib/libSDL.a(SDL_blit_A.o)
 .text.BlitARGBto555PixelAlpha
                0x800297bc      0x2f4 /opt/devkitpro/portlibs/wii/lib/libSDL.a(SDL_blit_A.o)
 .text.BlitNtoNSurfaceAlpha
                0x80029ab0      0xb68 /opt/devkitpro/portlibs/wii/lib/libSDL.a(SDL_blit_A.o)
 .text.BlitNtoNSurfaceAlphaKey
                0x8002a618      0xac8 /opt/devkitpro/portlibs/wii/lib/libSDL.a(SDL_blit_A.o)
 .text.BlitNtoNPixelAlpha
                0x8002b0e0      0xca4 /opt/devkitpro/portlibs/wii/lib/libSDL.a(SDL_blit_A.o)
 .text.SDL_CalculateAlphaBlit
                0x8002bd84      0x228 /opt/devkitpro/portlibs/wii/lib/libSDL.a(SDL_blit_A.o)
                0x8002bd84                SDL_CalculateAlphaBlit
 .text.__dsp_resumecallback
                0x8002bfac        0x4 /opt/devkitpro/libogc/lib/wii/libaesnd.a(aesndlib.o)
 .text.__dsp_donecallback
                0x8002bfb0       0x14 /opt/devkitpro/libogc/lib/wii/libaesnd.a(aesndlib.o)
 .text.__dsp_initcallback
                0x8002bfc4       0x5c /opt/devkitpro/libogc/lib/wii/libaesnd.a(aesndlib.o)
 .text.__aesndfillbuffer.constprop.0
                0x8002c020       0xbc /opt/devkitpro/libogc/lib/wii/libaesnd.a(aesndlib.o)
 .text.__dsp_requestcallback
                0x8002c0dc      0x4cc /opt/devkitpro/libogc/lib/wii/libaesnd.a(aesndlib.o)
 .text.__audio_dma_callback
                0x8002c5a8      0x2a4 /opt/devkitpro/libogc/lib/wii/libaesnd.a(aesndlib.o)
 .text.AESND_Init
                0x8002c84c      0x1f8 /opt/devkitpro/libogc/lib/wii/libaesnd.a(aesndlib.o)
                0x8002c84c                AESND_Init
 .text.AESND_Pause
                0x8002ca44       0x38 /opt/devkitpro/libogc/lib/wii/libaesnd.a(aesndlib.o)
                0x8002ca44                AESND_Pause
 .text.AESND_AllocateVoiceWithArg
                0x8002ca7c       0xcc /opt/devkitpro/libogc/lib/wii/libaesnd.a(aesndlib.o)
                0x8002ca7c                AESND_AllocateVoiceWithArg
 .text.AESND_FreeVoice
                0x8002cb48       0x70 /opt/devkitpro/libogc/lib/wii/libaesnd.a(aesndlib.o)
                0x8002cb48                AESND_FreeVoice
 .text.AESND_SetVoiceBuffer
                0x8002cbb8       0x44 /opt/devkitpro/libogc/lib/wii/libaesnd.a(aesndlib.o)
                0x8002cbb8                AESND_SetVoiceBuffer
 .text.AESND_SetVoiceFormat
                0x8002cbfc       0x94 /opt/devkitpro/libogc/lib/wii/libaesnd.a(aesndlib.o)
                0x8002cbfc                AESND_SetVoiceFormat
 .text.AESND_SetVoiceFrequency
                0x8002cc90       0xc0 /opt/devkitpro/libogc/lib/wii/libaesnd.a(aesndlib.o)
                0x8002cc90                AESND_SetVoiceFrequency
 .text.AESND_SetVoiceStream
                0x8002cd50       0x6c /opt/devkitpro/libogc/lib/wii/libaesnd.a(aesndlib.o)
                0x8002cd50                AESND_SetVoiceStream
 .text.AESND_SetVoiceStop
                0x8002cdbc       0x6c /opt/devkitpro/libogc/lib/wii/libaesnd.a(aesndlib.o)
                0x8002cdbc                AESND_SetVoiceStop
 .text.__wpad_assign_slot
                0x8002ce28      0x254 /opt/devkitpro/libogc/lib/wii/libwiiuse.a(wpad.o)
                0x8002ce28                __wpad_assign_slot
 .text.__wpad_def_powcb
                0x8002d07c        0x4 /opt/devkitpro/libogc/lib/wii/libwiiuse.a(wpad.o)
 .text.__readlinkkey_finished
                0x8002d080       0x34 /opt/devkitpro/libogc/lib/wii/libwiiuse.a(wpad.o)
 .text.__wpad_patch_finished
                0x8002d0b4       0x2c /opt/devkitpro/libogc/lib/wii/libwiiuse.a(wpad.o)
 .text.__wpad_setfmt
                0x8002d0e0      0x14c /opt/devkitpro/libogc/lib/wii/libwiiuse.a(wpad.o)
 .text.__wpad_eventCB
                0x8002d22c      0xad4 /opt/devkitpro/libogc/lib/wii/libwiiuse.a(wpad.o)
 .text.__wpad_disconnectCB
                0x8002dd00       0xd4 /opt/devkitpro/libogc/lib/wii/libwiiuse.a(wpad.o)
                0x8002dd00                __wpad_disconnectCB
 .text.__wpad_timeouthandler
                0x8002ddd4       0xa8 /opt/devkitpro/libogc/lib/wii/libwiiuse.a(wpad.o)
 .text.__initcore_finished
                0x8002de7c       0x48 /opt/devkitpro/libogc/lib/wii/libwiiuse.a(wpad.o)
 .text.__wpad_init_finished
                0x8002dec4      0x194 /opt/devkitpro/libogc/lib/wii/libwiiuse.a(wpad.o)
 .text.WPAD_ReadEvent
                0x8002e058      0x68c /opt/devkitpro/libogc/lib/wii/libwiiuse.a(wpad.o)
                0x8002e058                WPAD_ReadEvent
 .text.WPAD_ReadPending
                0x8002e6e4      0x1a0 /opt/devkitpro/libogc/lib/wii/libwiiuse.a(wpad.o)
                0x8002e6e4                WPAD_ReadPending
 .text.WPAD_SetDataFormat
                0x8002e884      0x18c /opt/devkitpro/libogc/lib/wii/libwiiuse.a(wpad.o)
                0x8002e884                WPAD_SetDataFormat
 .text.WPAD_SetVRes
                0x8002ea10      0x164 /opt/devkitpro/libogc/lib/wii/libwiiuse.a(wpad.o)
                0x8002ea10                WPAD_SetVRes
 .text.WPAD_SetPowerButtonCallback
                0x8002eb74       0x68 /opt/devkitpro/libogc/lib/wii/libwiiuse.a(wpad.o)
                0x8002eb74                WPAD_SetPowerButtonCallback
 .text.WPAD_Shutdown
                0x8002ebdc      0x114 /opt/devkitpro/libogc/lib/wii/libwiiuse.a(wpad.o)
                0x8002ebdc                WPAD_Shutdown
 .text.WPAD_Init
                0x8002ecf0      0x2c4 /opt/devkitpro/libogc/lib/wii/libwiiuse.a(wpad.o)
                0x8002ecf0                WPAD_Init
 .text.__wpad_onreset
                0x8002efb4       0x34 /opt/devkitpro/libogc/lib/wii/libwiiuse.a(wpad.o)
 .text.WPAD_Data
                0x8002efe8       0x24 /opt/devkitpro/libogc/lib/wii/libwiiuse.a(wpad.o)
                0x8002efe8                WPAD_Data
 .text.motion_plus_disconnected
                0x8002f00c       0x10 /opt/devkitpro/libogc/lib/wii/libwiiuse.a(motion_plus.o)
                0x8002f00c                motion_plus_disconnected
 .text.motion_plus_event
                0x8002f01c       0x64 /opt/devkitpro/libogc/lib/wii/libwiiuse.a(motion_plus.o)
                0x8002f01c                motion_plus_event
 .text.calculate_gforce
                0x8002f080      0x114 /opt/devkitpro/libogc/lib/wii/libwiiuse.a(dynamics.o)
                0x8002f080                calculate_gforce
 .text.calc_joystick_state
                0x8002f194      0x210 /opt/devkitpro/libogc/lib/wii/libwiiuse.a(dynamics.o)
                0x8002f194                calc_joystick_state
 .text.apply_smoothing
                0x8002f3a4      0x140 /opt/devkitpro/libogc/lib/wii/libwiiuse.a(dynamics.o)
                0x8002f3a4                apply_smoothing
 .text.calculate_orientation
                0x8002f4e4      0x340 /opt/devkitpro/libogc/lib/wii/libwiiuse.a(dynamics.o)
                0x8002f4e4                calculate_orientation
 .text.calc_balanceboard_state
                0x8002f824      0x3a4 /opt/devkitpro/libogc/lib/wii/libwiiuse.a(dynamics.o)
                0x8002f824                calc_balanceboard_state
 .text.wiiuse_handshake
                0x8002fbc8      0x27c /opt/devkitpro/libogc/lib/wii/libwiiuse.a(io.o)
                0x8002fbc8                wiiuse_handshake
 .text.wiiuse_handshake_expansion
                0x8002fe44      0x1f0 /opt/devkitpro/libogc/lib/wii/libwiiuse.a(io.o)
                0x8002fe44                wiiuse_handshake_expansion
 .text.wiiuse_handshake_expansion_start
                0x80030034       0x5c /opt/devkitpro/libogc/lib/wii/libwiiuse.a(io.o)
                0x80030034                wiiuse_handshake_expansion_start
 .text.wiiuse_disable_expansion
                0x80030090      0x1b0 /opt/devkitpro/libogc/lib/wii/libwiiuse.a(io.o)
                0x80030090                wiiuse_disable_expansion
 .text.__wiiuse_connected
                0x80030240       0x9c /opt/devkitpro/libogc/lib/wii/libwiiuse.a(io_wii.o)
 .text.__wiiuse_disconnected
                0x800302dc       0xb4 /opt/devkitpro/libogc/lib/wii/libwiiuse.a(io_wii.o)
 .text.__wiiuse_receive
                0x80030390       0xd0 /opt/devkitpro/libogc/lib/wii/libwiiuse.a(io_wii.o)
 .text.__wiiuse_sensorbar_enable
                0x80030460       0x54 /opt/devkitpro/libogc/lib/wii/libwiiuse.a(io_wii.o)
                0x80030460                __wiiuse_sensorbar_enable
 .text.wiiuse_register
                0x800304b4       0xf0 /opt/devkitpro/libogc/lib/wii/libwiiuse.a(io_wii.o)
                0x800304b4                wiiuse_register
 .text.wiiuse_disconnect
                0x800305a4       0x24 /opt/devkitpro/libogc/lib/wii/libwiiuse.a(io_wii.o)
                0x800305a4                wiiuse_disconnect
 .text.wiiuse_init_cmd_queue
                0x800305c8       0x9c /opt/devkitpro/libogc/lib/wii/libwiiuse.a(io_wii.o)
                0x800305c8                wiiuse_init_cmd_queue
 .text.wiiuse_io_write
                0x80030664       0x1c /opt/devkitpro/libogc/lib/wii/libwiiuse.a(io_wii.o)
                0x80030664                wiiuse_io_write
 .text.rotate_dots
                0x80030680      0x13c /opt/devkitpro/libogc/lib/wii/libwiiuse.a(ir.o)
 .text.get_ir_sens.constprop.0.isra.0
                0x800307bc       0xdc /opt/devkitpro/libogc/lib/wii/libwiiuse.a(ir.o)
 .text.wiiuse_set_ir_mode
                0x80030898       0x5c /opt/devkitpro/libogc/lib/wii/libwiiuse.a(ir.o)
                0x80030898                wiiuse_set_ir_mode
 .text.wiiuse_set_ir
                0x800308f4      0x204 /opt/devkitpro/libogc/lib/wii/libwiiuse.a(ir.o)
                0x800308f4                wiiuse_set_ir
 .text.wiiuse_set_ir_vres
                0x80030af8       0x1c /opt/devkitpro/libogc/lib/wii/libwiiuse.a(ir.o)
                0x80030af8                wiiuse_set_ir_vres
 .text.wiiuse_set_ir_position
                0x80030b14       0x80 /opt/devkitpro/libogc/lib/wii/libwiiuse.a(ir.o)
                0x80030b14                wiiuse_set_ir_position
 .text.wiiuse_set_aspect_ratio
                0x80030b94       0xac /opt/devkitpro/libogc/lib/wii/libwiiuse.a(ir.o)
                0x80030b94                wiiuse_set_aspect_ratio
 .text.wiiuse_set_ir_sensitivity
                0x80030c40       0xe4 /opt/devkitpro/libogc/lib/wii/libwiiuse.a(ir.o)
                0x80030c40                wiiuse_set_ir_sensitivity
 .text.calculate_basic_ir
                0x80030d24       0xe8 /opt/devkitpro/libogc/lib/wii/libwiiuse.a(ir.o)
                0x80030d24                calculate_basic_ir
 .text.calculate_extended_ir
                0x80030e0c       0x64 /opt/devkitpro/libogc/lib/wii/libwiiuse.a(ir.o)
                0x80030e0c                calculate_extended_ir
 .text.find_sensorbar
                0x80030e70      0xa00 /opt/devkitpro/libogc/lib/wii/libwiiuse.a(ir.o)
                0x80030e70                find_sensorbar
 .text.apply_ir_smoothing
                0x80031870      0x124 /opt/devkitpro/libogc/lib/wii/libwiiuse.a(ir.o)
                0x80031870                apply_ir_smoothing
 .text.interpret_ir_data
                0x80031994      0x3c8 /opt/devkitpro/libogc/lib/wii/libwiiuse.a(ir.o)
                0x80031994                interpret_ir_data
 .text.nunchuk_handshake
                0x80031d5c      0x31c /opt/devkitpro/libogc/lib/wii/libwiiuse.a(nunchuk.o)
                0x80031d5c                nunchuk_handshake
 .text.nunchuk_disconnected
                0x80032078        0xc /opt/devkitpro/libogc/lib/wii/libwiiuse.a(nunchuk.o)
                0x80032078                nunchuk_disconnected
 .text.nunchuk_event
                0x80032084       0xe8 /opt/devkitpro/libogc/lib/wii/libwiiuse.a(nunchuk.o)
                0x80032084                nunchuk_event
 .text.wii_board_handshake
                0x8003216c      0x284 /opt/devkitpro/libogc/lib/wii/libwiiuse.a(wiiboard.o)
                0x8003216c                wii_board_handshake
 .text.wii_board_disconnected
                0x800323f0        0xc /opt/devkitpro/libogc/lib/wii/libwiiuse.a(wiiboard.o)
                0x800323f0                wii_board_disconnected
 .text.wii_board_event
                0x800323fc       0x24 /opt/devkitpro/libogc/lib/wii/libwiiuse.a(wiiboard.o)
                0x800323fc                wii_board_event
 .text.wiiuse_send_next_command
                0x80032420       0x58 /opt/devkitpro/libogc/lib/wii/libwiiuse.a(wiiuse.o)
                0x80032420                wiiuse_send_next_command
 .text.wiiuse_init
                0x80032478      0x208 /opt/devkitpro/libogc/lib/wii/libwiiuse.a(wiiuse.o)
                0x80032478                wiiuse_init
 .text.wiiuse_set_flags
                0x80032680       0x28 /opt/devkitpro/libogc/lib/wii/libwiiuse.a(wiiuse.o)
                0x80032680                wiiuse_set_flags
 .text.wiiuse_read_data
                0x800326a8      0x154 /opt/devkitpro/libogc/lib/wii/libwiiuse.a(wiiuse.o)
                0x800326a8                wiiuse_read_data
 .text.wiiuse_write_data
                0x800327fc      0x18c /opt/devkitpro/libogc/lib/wii/libwiiuse.a(wiiuse.o)
                0x800327fc                wiiuse_write_data
 .text.wiiuse_sendcmd
                0x80032988      0x144 /opt/devkitpro/libogc/lib/wii/libwiiuse.a(wiiuse.o)
                0x80032988                wiiuse_sendcmd
 .text.wiiuse_set_leds
                0x80032acc       0x50 /opt/devkitpro/libogc/lib/wii/libwiiuse.a(wiiuse.o)
                0x80032acc                wiiuse_set_leds
 .text.wiiuse_set_report_type
                0x80032b1c       0xb0 /opt/devkitpro/libogc/lib/wii/libwiiuse.a(wiiuse.o)
                0x80032b1c                wiiuse_set_report_type
 .text.wiiuse_status
                0x80032bcc       0x4c /opt/devkitpro/libogc/lib/wii/libwiiuse.a(wiiuse.o)
                0x80032bcc                wiiuse_status
 .text.wiiuse_motion_sensing
                0x80032c18       0x84 /opt/devkitpro/libogc/lib/wii/libwiiuse.a(wiiuse.o)
                0x80032c18                wiiuse_motion_sensing
 .text.wiiuse_set_speaker
                0x80032c9c      0x24c /opt/devkitpro/libogc/lib/wii/libwiiuse.a(speaker.o)
                0x80032c9c                wiiuse_set_speaker
 .text.classic_ctrl_handshake
                0x80032ee8      0x410 /opt/devkitpro/libogc/lib/wii/libwiiuse.a(classic.o)
                0x80032ee8                classic_ctrl_handshake
 .text.classic_ctrl_disconnected
                0x800332f8        0xc /opt/devkitpro/libogc/lib/wii/libwiiuse.a(classic.o)
                0x800332f8                classic_ctrl_disconnected
 .text.classic_ctrl_event
                0x80033304      0x15c /opt/devkitpro/libogc/lib/wii/libwiiuse.a(classic.o)
                0x80033304                classic_ctrl_event
 .text.handle_expansion
                0x80033460       0x54 /opt/devkitpro/libogc/lib/wii/libwiiuse.a(events.o)
 .text.parse_event
                0x800334b4      0x730 /opt/devkitpro/libogc/lib/wii/libwiiuse.a(events.o)
                0x800334b4                parse_event
 .text.guitar_hero_3_handshake
                0x80033be4       0x5c /opt/devkitpro/libogc/lib/wii/libwiiuse.a(guitar_hero_3.o)
                0x80033be4                guitar_hero_3_handshake
 .text.guitar_hero_3_disconnected
                0x80033c40        0xc /opt/devkitpro/libogc/lib/wii/libwiiuse.a(guitar_hero_3.o)
                0x80033c40                guitar_hero_3_disconnected
 .text.guitar_hero_3_event
                0x80033c4c       0x60 /opt/devkitpro/libogc/lib/wii/libwiiuse.a(guitar_hero_3.o)
                0x80033c4c                guitar_hero_3_event
 .text.acl_wlp_completed
                0x80033cac        0x8 /opt/devkitpro/libogc/lib/wii/libbte.a(bte.o)
                0x80033cac                acl_wlp_completed
 .text.bt_alarmhandler
                0x80033cb4       0x58 /opt/devkitpro/libogc/lib/wii/libbte.a(bte.o)
 .text.__bte_send_pending_request
                0x80033d0c      0x108 /opt/devkitpro/libogc/lib/wii/libbte.a(bte.o)
 .text.acl_conn_complete
                0x80033e14       0x2c /opt/devkitpro/libogc/lib/wii/libbte.a(bte.o)
                0x80033e14                acl_conn_complete
 .text.l2cap_accepted
                0x80033e40      0x134 /opt/devkitpro/libogc/lib/wii/libbte.a(bte.o)
                0x80033e40                l2cap_accepted
 .text.l2cap_disconnect_cfm
                0x80033f74      0x19c /opt/devkitpro/libogc/lib/wii/libbte.a(bte.o)
                0x80033f74                l2cap_disconnect_cfm
 .text.bte_process_input
                0x80034110      0x128 /opt/devkitpro/libogc/lib/wii/libbte.a(bte.o)
 .text.l2cap_disconnected_ind
                0x80034238      0x1a4 /opt/devkitpro/libogc/lib/wii/libbte.a(bte.o)
                0x80034238                l2cap_disconnected_ind
 .text.__bte_shutdown_finished
                0x800343dc       0xe0 /opt/devkitpro/libogc/lib/wii/libbte.a(bte.o)
 .text.bte_hci_apply_patch_complete
                0x800344bc      0x164 /opt/devkitpro/libogc/lib/wii/libbte.a(bte.o)
                0x800344bc                bte_hci_apply_patch_complete
 .text.bte_hci_patch_complete
                0x80034620      0x380 /opt/devkitpro/libogc/lib/wii/libbte.a(bte.o)
                0x80034620                bte_hci_patch_complete
 .text.bte_hci_initcore_complete
                0x800349a0      0x280 /opt/devkitpro/libogc/lib/wii/libbte.a(bte.o)
                0x800349a0                bte_hci_initcore_complete
 .text.bte_read_stored_link_key_complete
                0x80034c20      0x27c /opt/devkitpro/libogc/lib/wii/libbte.a(bte.o)
                0x80034c20                bte_read_stored_link_key_complete
 .text.bte_hci_initcore_complete2
                0x80034e9c      0x22c /opt/devkitpro/libogc/lib/wii/libbte.a(bte.o)
 .text.bte_hci_initsub_complete
                0x800350c8      0x280 /opt/devkitpro/libogc/lib/wii/libbte.a(bte.o)
                0x800350c8                bte_hci_initsub_complete
 .text.BTE_Init
                0x80035348      0x138 /opt/devkitpro/libogc/lib/wii/libbte.a(bte.o)
                0x80035348                BTE_Init
 .text.BTE_Shutdown
                0x80035480      0x100 /opt/devkitpro/libogc/lib/wii/libbte.a(bte.o)
                0x80035480                BTE_Shutdown
 .text.BTE_InitCore
                0x80035580       0x8c /opt/devkitpro/libogc/lib/wii/libbte.a(bte.o)
                0x80035580                BTE_InitCore
 .text.BTE_ApplyPatch
                0x8003560c       0xa4 /opt/devkitpro/libogc/lib/wii/libbte.a(bte.o)
                0x8003560c                BTE_ApplyPatch
 .text.BTE_InitSub
                0x800356b0       0x90 /opt/devkitpro/libogc/lib/wii/libbte.a(bte.o)
                0x800356b0                BTE_InitSub
 .text.BTE_ReadStoredLinkKey
                0x80035740       0x90 /opt/devkitpro/libogc/lib/wii/libbte.a(bte.o)
                0x80035740                BTE_ReadStoredLinkKey
 .text.BTE_SetDisconnectCallback
                0x800357d0        0x4 /opt/devkitpro/libogc/lib/wii/libbte.a(bte.o)
                0x800357d0                BTE_SetDisconnectCallback
 .text.bte_new  0x800357d4       0x54 /opt/devkitpro/libogc/lib/wii/libbte.a(bte.o)
                0x800357d4                bte_new
 .text.bte_registerdeviceasync
                0x80035828      0x158 /opt/devkitpro/libogc/lib/wii/libbte.a(bte.o)
                0x80035828                bte_registerdeviceasync
 .text.bte_disconnect
                0x80035980       0xd8 /opt/devkitpro/libogc/lib/wii/libbte.a(bte.o)
                0x80035980                bte_disconnect
 .text.bte_senddata
                0x80035a58      0x104 /opt/devkitpro/libogc/lib/wii/libbte.a(bte.o)
                0x80035a58                bte_senddata
 .text.bte_arg  0x80035b5c       0x38 /opt/devkitpro/libogc/lib/wii/libbte.a(bte.o)
                0x80035b5c                bte_arg
 .text.bte_received
                0x80035b94       0x38 /opt/devkitpro/libogc/lib/wii/libbte.a(bte.o)
                0x80035b94                bte_received
 .text.bte_disconnected
                0x80035bcc       0x38 /opt/devkitpro/libogc/lib/wii/libbte.a(bte.o)
                0x80035bcc                bte_disconnected
 .text.hci_get_link
                0x80035c04       0x84 /opt/devkitpro/libogc/lib/wii/libbte.a(hci.o)
 .text.hci_init
                0x80035c88       0x80 /opt/devkitpro/libogc/lib/wii/libbte.a(hci.o)
                0x80035c88                hci_init
 .text.hci_close
                0x80035d08       0xd0 /opt/devkitpro/libogc/lib/wii/libbte.a(hci.o)
                0x80035d08                hci_close
 .text.hci_reset_all
                0x80035dd8       0xb8 /opt/devkitpro/libogc/lib/wii/libbte.a(hci.o)
                0x80035dd8                hci_reset_all
 .text.hci_arg  0x80035e90        0xc /opt/devkitpro/libogc/lib/wii/libbte.a(hci.o)
                0x80035e90                hci_arg
 .text.hci_cmd_complete
                0x80035e9c        0xc /opt/devkitpro/libogc/lib/wii/libbte.a(hci.o)
                0x80035e9c                hci_cmd_complete
 .text.hci_connection_complete
                0x80035ea8        0xc /opt/devkitpro/libogc/lib/wii/libbte.a(hci.o)
                0x80035ea8                hci_connection_complete
 .text.hci_wlp_complete
                0x80035eb4        0xc /opt/devkitpro/libogc/lib/wii/libbte.a(hci.o)
                0x80035eb4                hci_wlp_complete
 .text.hci_reset
                0x80035ec0       0xac /opt/devkitpro/libogc/lib/wii/libbte.a(hci.o)
                0x80035ec0                hci_reset
 .text.hci_read_buffer_size
                0x80035f6c       0xac /opt/devkitpro/libogc/lib/wii/libbte.a(hci.o)
                0x80035f6c                hci_read_buffer_size
 .text.hci_read_bd_addr
                0x80036018       0xac /opt/devkitpro/libogc/lib/wii/libbte.a(hci.o)
                0x80036018                hci_read_bd_addr
 .text.hci_read_local_version
                0x800360c4       0xa8 /opt/devkitpro/libogc/lib/wii/libbte.a(hci.o)
                0x800360c4                hci_read_local_version
 .text.hci_read_local_features
                0x8003616c       0xac /opt/devkitpro/libogc/lib/wii/libbte.a(hci.o)
                0x8003616c                hci_read_local_features
 .text.hci_read_stored_link_key
                0x80036218      0x100 /opt/devkitpro/libogc/lib/wii/libbte.a(hci.o)
                0x80036218                hci_read_stored_link_key
 .text.hci_write_page_timeout
                0x80036318       0xd0 /opt/devkitpro/libogc/lib/wii/libbte.a(hci.o)
                0x80036318                hci_write_page_timeout
 .text.hci_write_scan_enable
                0x800363e8       0xbc /opt/devkitpro/libogc/lib/wii/libbte.a(hci.o)
                0x800363e8                hci_write_scan_enable
 .text.hci_accecpt_conn_request
                0x800364a4       0xe0 /opt/devkitpro/libogc/lib/wii/libbte.a(hci.o)
                0x800364a4                hci_accecpt_conn_request
 .text.hci_write_local_name
                0x80036584       0xd8 /opt/devkitpro/libogc/lib/wii/libbte.a(hci.o)
                0x80036584                hci_write_local_name
 .text.hci_write_pin_type
                0x8003665c       0xbc /opt/devkitpro/libogc/lib/wii/libbte.a(hci.o)
                0x8003665c                hci_write_pin_type
 .text.hci_write_inquiry_mode
                0x80036718       0xbc /opt/devkitpro/libogc/lib/wii/libbte.a(hci.o)
                0x80036718                hci_write_inquiry_mode
 .text.hci_write_page_scan_type
                0x800367d4       0xbc /opt/devkitpro/libogc/lib/wii/libbte.a(hci.o)
                0x800367d4                hci_write_page_scan_type
 .text.hci_write_inquiry_scan_type
                0x80036890       0xbc /opt/devkitpro/libogc/lib/wii/libbte.a(hci.o)
                0x80036890                hci_write_inquiry_scan_type
 .text.hci_vendor_specific_command
                0x8003694c       0xe8 /opt/devkitpro/libogc/lib/wii/libbte.a(hci.o)
                0x8003694c                hci_vendor_specific_command
 .text.hci_write_link_policy_settings
                0x80036a34      0x104 /opt/devkitpro/libogc/lib/wii/libbte.a(hci.o)
                0x80036a34                hci_write_link_policy_settings
 .text.hci_pin_code_request_neg_reply
                0x80036b38       0xcc /opt/devkitpro/libogc/lib/wii/libbte.a(hci.o)
                0x80036b38                hci_pin_code_request_neg_reply
 .text.hci_link_key_req_neg_reply
                0x80036c04       0xcc /opt/devkitpro/libogc/lib/wii/libbte.a(hci.o)
                0x80036c04                hci_link_key_req_neg_reply
 .text.hci_disconnect
                0x80036cd0       0xfc /opt/devkitpro/libogc/lib/wii/libbte.a(hci.o)
                0x80036cd0                hci_disconnect
 .text.hci_write_cod
                0x80036dcc       0xcc /opt/devkitpro/libogc/lib/wii/libbte.a(hci.o)
                0x80036dcc                hci_write_cod
 .text.hci_host_buffer_size
                0x80036e98      0x10c /opt/devkitpro/libogc/lib/wii/libbte.a(hci.o)
                0x80036e98                hci_host_buffer_size
 .text.hci_host_num_comp_packets
                0x80036fa4      0x108 /opt/devkitpro/libogc/lib/wii/libbte.a(hci.o)
                0x80036fa4                hci_host_num_comp_packets
 .text.lp_pdu_maxsize
                0x800370ac        0xc /opt/devkitpro/libogc/lib/wii/libbte.a(hci.o)
                0x800370ac                lp_pdu_maxsize
 .text.lp_acl_write
                0x800370b8      0x158 /opt/devkitpro/libogc/lib/wii/libbte.a(hci.o)
                0x800370b8                lp_acl_write
 .text.lp_write_flush_timeout
                0x80037210      0x104 /opt/devkitpro/libogc/lib/wii/libbte.a(hci.o)
                0x80037210                lp_write_flush_timeout
 .text.hci_event_handler
                0x80037314      0xc7c /opt/devkitpro/libogc/lib/wii/libbte.a(hci.o)
                0x80037314                hci_event_handler
 .text.hci_acldata_handler
                0x80037f90      0x11c /opt/devkitpro/libogc/lib/wii/libbte.a(hci.o)
                0x80037f90                hci_acldata_handler
 .text.l2cap_init
                0x800380ac       0x60 /opt/devkitpro/libogc/lib/wii/libbte.a(l2cap.o)
                0x800380ac                l2cap_init
 .text.l2cap_write
                0x8003810c      0x1a0 /opt/devkitpro/libogc/lib/wii/libbte.a(l2cap.o)
                0x8003810c                l2cap_write
 .text.l2cap_new
                0x800382ac       0x60 /opt/devkitpro/libogc/lib/wii/libbte.a(l2cap.o)
                0x800382ac                l2cap_new
 .text.l2cap_close
                0x8003830c      0x1d4 /opt/devkitpro/libogc/lib/wii/libbte.a(l2cap.o)
                0x8003830c                l2cap_close
 .text.l2cap_reset_all
                0x800384e0      0x154 /opt/devkitpro/libogc/lib/wii/libbte.a(l2cap.o)
                0x800384e0                l2cap_reset_all
 .text.l2cap_signal
                0x80038634      0x204 /opt/devkitpro/libogc/lib/wii/libbte.a(l2cap.o)
                0x80038634                l2cap_signal
 .text.l2ca_config_req
                0x80038838      0x158 /opt/devkitpro/libogc/lib/wii/libbte.a(l2cap.o)
                0x80038838                l2ca_config_req
 .text.l2ca_disconnect_req
                0x80038990       0xcc /opt/devkitpro/libogc/lib/wii/libbte.a(l2cap.o)
                0x80038990                l2ca_disconnect_req
 .text.l2cap_tmr
                0x80038a5c      0x260 /opt/devkitpro/libogc/lib/wii/libbte.a(l2cap.o)
                0x80038a5c                l2cap_tmr
 .text.l2cap_process_sig
                0x80038cbc     0x1334 /opt/devkitpro/libogc/lib/wii/libbte.a(l2cap.o)
                0x80038cbc                l2cap_process_sig
 .text.l2cap_input
                0x80039ff0      0x578 /opt/devkitpro/libogc/lib/wii/libbte.a(l2cap.o)
                0x80039ff0                l2cap_input
 .text.l2ca_datawrite
                0x8003a568      0x128 /opt/devkitpro/libogc/lib/wii/libbte.a(l2cap.o)
                0x8003a568                l2ca_datawrite
 .text.lp_connect_cfm
                0x8003a690      0x184 /opt/devkitpro/libogc/lib/wii/libbte.a(l2cap.o)
                0x8003a690                lp_connect_cfm
 .text.lp_connect_ind
                0x8003a814        0x4 /opt/devkitpro/libogc/lib/wii/libbte.a(l2cap.o)
                0x8003a814                lp_connect_ind
 .text.lp_disconnect_ind
                0x8003a818      0x124 /opt/devkitpro/libogc/lib/wii/libbte.a(l2cap.o)
                0x8003a818                lp_disconnect_ind
 .text.l2cap_disconnect_bb
                0x8003a93c       0x10 /opt/devkitpro/libogc/lib/wii/libbte.a(l2cap.o)
                0x8003a93c                l2cap_disconnect_bb
 .text.l2cap_arg
                0x8003a94c        0x8 /opt/devkitpro/libogc/lib/wii/libbte.a(l2cap.o)
                0x8003a94c                l2cap_arg
 .text.l2cap_connect_ind
                0x8003a954      0x104 /opt/devkitpro/libogc/lib/wii/libbte.a(l2cap.o)
                0x8003a954                l2cap_connect_ind
 .text.l2cap_disconnect_ind
                0x8003aa58        0x8 /opt/devkitpro/libogc/lib/wii/libbte.a(l2cap.o)
                0x8003aa58                l2cap_disconnect_ind
 .text.l2cap_recv
                0x8003aa60        0x8 /opt/devkitpro/libogc/lib/wii/libbte.a(l2cap.o)
                0x8003aa60                l2cap_recv
 .text.btmemb_init
                0x8003aa68       0x24 /opt/devkitpro/libogc/lib/wii/libbte.a(btmemb.o)
                0x8003aa68                btmemb_init
 .text.btmemb_alloc
                0x8003aa8c       0x98 /opt/devkitpro/libogc/lib/wii/libbte.a(btmemb.o)
                0x8003aa8c                btmemb_alloc
 .text.btmemb_free
                0x8003ab24      0x114 /opt/devkitpro/libogc/lib/wii/libbte.a(btmemb.o)
                0x8003ab24                btmemb_free
 .text.plug_holes
                0x8003ac38       0xac /opt/devkitpro/libogc/lib/wii/libbte.a(btmemr.o)
 .text.btmemr_init
                0x8003ace4       0xa4 /opt/devkitpro/libogc/lib/wii/libbte.a(btmemr.o)
                0x8003ace4                btmemr_init
 .text.btmemr_malloc
                0x8003ad88      0x17c /opt/devkitpro/libogc/lib/wii/libbte.a(btmemr.o)
                0x8003ad88                btmemr_malloc
 .text.btmemr_free
                0x8003af04       0x98 /opt/devkitpro/libogc/lib/wii/libbte.a(btmemr.o)
                0x8003af04                btmemr_free
 .text.btmemr_realloc
                0x8003af9c      0x108 /opt/devkitpro/libogc/lib/wii/libbte.a(btmemr.o)
                0x8003af9c                btmemr_realloc
 .text.btpbuf_init
                0x8003b0a4       0x28 /opt/devkitpro/libogc/lib/wii/libbte.a(btpbuf.o)
                0x8003b0a4                btpbuf_init
 .text.btpbuf_free
                0x8003b0cc      0x11c /opt/devkitpro/libogc/lib/wii/libbte.a(btpbuf.o)
                0x8003b0cc                btpbuf_free
 .text.btpbuf_alloc
                0x8003b1e8      0x250 /opt/devkitpro/libogc/lib/wii/libbte.a(btpbuf.o)
                0x8003b1e8                btpbuf_alloc
 .text.btpbuf_realloc
                0x8003b438      0x110 /opt/devkitpro/libogc/lib/wii/libbte.a(btpbuf.o)
                0x8003b438                btpbuf_realloc
 .text.btpbuf_header
                0x8003b548       0x84 /opt/devkitpro/libogc/lib/wii/libbte.a(btpbuf.o)
                0x8003b548                btpbuf_header
 .text.btpbuf_ref
                0x8003b5cc       0x48 /opt/devkitpro/libogc/lib/wii/libbte.a(btpbuf.o)
                0x8003b5cc                btpbuf_ref
 .text.btpbuf_chain
                0x8003b614       0x9c /opt/devkitpro/libogc/lib/wii/libbte.a(btpbuf.o)
                0x8003b614                btpbuf_chain
 .text.btpbuf_dechain
                0x8003b6b0       0x7c /opt/devkitpro/libogc/lib/wii/libbte.a(btpbuf.o)
                0x8003b6b0                btpbuf_dechain
 .text.btpbuf_take
                0x8003b72c      0x13c /opt/devkitpro/libogc/lib/wii/libbte.a(btpbuf.o)
                0x8003b72c                btpbuf_take
 .text.__usb_closeCB
                0x8003b868       0x10 /opt/devkitpro/libogc/lib/wii/libbte.a(physbusif.o)
 .text.__writebulkmsgCB
                0x8003b878       0x3c /opt/devkitpro/libogc/lib/wii/libbte.a(physbusif.o)
 .text.__writectrlmsgCB
                0x8003b8b4       0x3c /opt/devkitpro/libogc/lib/wii/libbte.a(physbusif.o)
 .text.__issue_intrread.part.0
                0x8003b8f0       0x80 /opt/devkitpro/libogc/lib/wii/libbte.a(physbusif.o)
 .text.__readintrdataCB
                0x8003b970      0x148 /opt/devkitpro/libogc/lib/wii/libbte.a(physbusif.o)
 .text.__issue_bulkread.part.0
                0x8003bab8       0x80 /opt/devkitpro/libogc/lib/wii/libbte.a(physbusif.o)
 .text.__readbulkdataCB
                0x8003bb38      0x148 /opt/devkitpro/libogc/lib/wii/libbte.a(physbusif.o)
 .text.physbusif_init
                0x8003bc80      0x1ec /opt/devkitpro/libogc/lib/wii/libbte.a(physbusif.o)
                0x8003bc80                physbusif_init
 .text.physbusif_close
                0x8003be6c       0x20 /opt/devkitpro/libogc/lib/wii/libbte.a(physbusif.o)
                0x8003be6c                physbusif_close
 .text.physbusif_shutdown
                0x8003be8c       0x24 /opt/devkitpro/libogc/lib/wii/libbte.a(physbusif.o)
                0x8003be8c                physbusif_shutdown
 .text.physbusif_reset_all
                0x8003beb0        0x4 /opt/devkitpro/libogc/lib/wii/libbte.a(physbusif.o)
                0x8003beb0                physbusif_reset_all
 .text.physbusif_output
                0x8003beb4      0x1c4 /opt/devkitpro/libogc/lib/wii/libbte.a(physbusif.o)
                0x8003beb4                physbusif_output
 .text._keyboardRead
                0x8003c078       0xb0 /opt/devkitpro/libogc/lib/wii/libwiikeyboard.a(keyboard.o)
 .text._kbd_buf_thread_func
                0x8003c128       0xe8 /opt/devkitpro/libogc/lib/wii/libwiikeyboard.a(keyboard.o)
 .text._kbd_thread_func
                0x8003c210      0x198 /opt/devkitpro/libogc/lib/wii/libwiikeyboard.a(keyboard.o)
 .text._kbd_event_cb
                0x8003c3a8      0x750 /opt/devkitpro/libogc/lib/wii/libwiikeyboard.a(keyboard.o)
 .text.KEYBOARD_Init
                0x8003caf8      0x53c /opt/devkitpro/libogc/lib/wii/libwiikeyboard.a(keyboard.o)
                0x8003caf8                KEYBOARD_Init
 .text.KEYBOARD_GetEvent
                0x8003d034       0x74 /opt/devkitpro/libogc/lib/wii/libwiikeyboard.a(keyboard.o)
                0x8003d034                KEYBOARD_GetEvent
 .text.wskbd_compose_value
                0x8003d0a8      0x198 /opt/devkitpro/libogc/lib/wii/libwiikeyboard.a(wskbdutil.o)
                0x8003d0a8                wskbd_compose_value
 .text.ksym_upcase
                0x8003d240       0x4c /opt/devkitpro/libogc/lib/wii/libwiikeyboard.a(wskbdutil.o)
                0x8003d240                ksym_upcase
 .text.fillmapentry
                0x8003d28c      0x11c /opt/devkitpro/libogc/lib/wii/libwiikeyboard.a(wskbdutil.o)
                0x8003d28c                fillmapentry
 .text.wskbd_get_mapentry
                0x8003d3a8      0x200 /opt/devkitpro/libogc/lib/wii/libwiikeyboard.a(wskbdutil.o)
                0x8003d3a8                wskbd_get_mapentry
 .text.wskbd_init_keymap
                0x8003d5a8       0xd4 /opt/devkitpro/libogc/lib/wii/libwiikeyboard.a(wskbdutil.o)
                0x8003d5a8                wskbd_init_keymap
 .text.wskbd_load_keymap
                0x8003d67c      0x34c /opt/devkitpro/libogc/lib/wii/libwiikeyboard.a(wskbdutil.o)
                0x8003d67c                wskbd_load_keymap
 .text._get_protocol
                0x8003d9c8       0x98 /opt/devkitpro/libogc/lib/wii/libwiikeyboard.a(usbkeyboard.o)
 .text._set_output_report
                0x8003da60       0xa4 /opt/devkitpro/libogc/lib/wii/libwiikeyboard.a(usbkeyboard.o)
 .text._disconnect
                0x8003db04       0x5c /opt/devkitpro/libogc/lib/wii/libwiikeyboard.a(usbkeyboard.o)
 .text.USBKeyboard_Initialize
                0x8003db60       0x50 /opt/devkitpro/libogc/lib/wii/libwiikeyboard.a(usbkeyboard.o)
                0x8003db60                USBKeyboard_Initialize
 .text.USBKeyboard_Deinitialize
                0x8003dbb0        0x8 /opt/devkitpro/libogc/lib/wii/libwiikeyboard.a(usbkeyboard.o)
                0x8003dbb0                USBKeyboard_Deinitialize
 .text.USBKeyboard_Close
                0x8003dbb8       0x78 /opt/devkitpro/libogc/lib/wii/libwiikeyboard.a(usbkeyboard.o)
                0x8003dbb8                USBKeyboard_Close
 .text.USBKeyboard_Open
                0x8003dc30      0x498 /opt/devkitpro/libogc/lib/wii/libwiikeyboard.a(usbkeyboard.o)
                0x8003dc30                USBKeyboard_Open
 .text.USBKeyboard_IsConnected
                0x8003e0c8       0x24 /opt/devkitpro/libogc/lib/wii/libwiikeyboard.a(usbkeyboard.o)
                0x8003e0c8                USBKeyboard_IsConnected
 .text.USBKeyboard_Scan
                0x8003e0ec      0x298 /opt/devkitpro/libogc/lib/wii/libwiikeyboard.a(usbkeyboard.o)
                0x8003e0ec                USBKeyboard_Scan
 .text.USBKeyboard_SetLed
                0x8003e384       0x60 /opt/devkitpro/libogc/lib/wii/libwiikeyboard.a(usbkeyboard.o)
                0x8003e384                USBKeyboard_SetLed
 .text.fatMount
                0x8003e3e4      0x118 /opt/devkitpro/libogc/lib/wii/libfat.a(libfat.o)
                0x8003e3e4                fatMount
 .text.fatInit  0x8003e4fc      0x190 /opt/devkitpro/libogc/lib/wii/libfat.a(libfat.o)
                0x8003e4fc                fatInit
 .text.fatInitDefault
                0x8003e68c        0xc /opt/devkitpro/libogc/lib/wii/libfat.a(libfat.o)
                0x8003e68c                fatInitDefault
 .text.u8array_to_u16
                0x8003e698       0x14 /opt/devkitpro/libogc/lib/wii/libfat.a(directory.o)
 .text._FAT_directory_entryGetAlias
                0x8003e6ac      0x11c /opt/devkitpro/libogc/lib/wii/libfat.a(directory.o)
 .text._FAT_directory_incrementDirEntryPosition
                0x8003e7c8       0xf4 /opt/devkitpro/libogc/lib/wii/libfat.a(directory.o)
 .text._FAT_directory_mbsncasecmp